   1               		.file	"debug.c"
   2               	__SP_H__ = 0x3e
   3               	__SP_L__ = 0x3d
   4               	__SREG__ = 0x3f
   5               	__tmp_reg__ = 0
   6               	__zero_reg__ = 1
   7               		.text
   8               	.Ltext0:
   9               		.cfi_sections	.debug_frame
  10               	.global	debug_config
  11               		.section .bss
  14               	debug_config:
  15 0000 00        		.zero	1
  16               		.text
  17               	.Letext0:
  18               		.file 1 "../../common/debug.h"
  19               		.file 2 "/usr/local/CrossPack-AVR-20131216/avr/include/stdint.h"
  20               		.file 3 "../../common/debug.c"
DEFINED SYMBOLS
                            *ABS*:00000000 debug.c
/var/folders/1n/7_pxd1gd79b8r2krz1090vjm0000gn/T//cch2mJBy.s:2      *ABS*:0000003e __SP_H__
/var/folders/1n/7_pxd1gd79b8r2krz1090vjm0000gn/T//cch2mJBy.s:3      *ABS*:0000003d __SP_L__
/var/folders/1n/7_pxd1gd79b8r2krz1090vjm0000gn/T//cch2mJBy.s:4      *ABS*:0000003f __SREG__
/var/folders/1n/7_pxd1gd79b8r2krz1090vjm0000gn/T//cch2mJBy.s:5      *ABS*:00000000 __tmp_reg__
/var/folders/1n/7_pxd1gd79b8r2krz1090vjm0000gn/T//cch2mJBy.s:6      *ABS*:00000001 __zero_reg__
/var/folders/1n/7_pxd1gd79b8r2krz1090vjm0000gn/T//cch2mJBy.s:14     .bss:00000000 debug_config

UNDEFINED SYMBOLS
__do_clear_bss
