Archive member included because of file (symbol)

/usr/local/CrossPack-AVR-20131216/lib/gcc/avr/4.8.1/../../../../avr/lib/avr5/libm.a(fixsfsi.o)
                              obj_gh60_lufa/common/mousekey.o (__fixsfsi)
/usr/local/CrossPack-AVR-20131216/lib/gcc/avr/4.8.1/../../../../avr/lib/avr5/libm.a(fixunssfsi.o)
                              /usr/local/CrossPack-AVR-20131216/lib/gcc/avr/4.8.1/../../../../avr/lib/avr5/libm.a(fixsfsi.o) (__fixunssfsi)
/usr/local/CrossPack-AVR-20131216/lib/gcc/avr/4.8.1/../../../../avr/lib/avr5/libm.a(floatsisf.o)
                              obj_gh60_lufa/common/mousekey.o (__floatsisf)
/usr/local/CrossPack-AVR-20131216/lib/gcc/avr/4.8.1/../../../../avr/lib/avr5/libm.a(fp_split3.o)
                              /usr/local/CrossPack-AVR-20131216/lib/gcc/avr/4.8.1/../../../../avr/lib/avr5/libm.a(fixunssfsi.o) (__fp_splitA)
/usr/local/CrossPack-AVR-20131216/lib/gcc/avr/4.8.1/../../../../avr/lib/avr5/libm.a(fp_zero.o)
                              /usr/local/CrossPack-AVR-20131216/lib/gcc/avr/4.8.1/../../../../avr/lib/avr5/libm.a(fixunssfsi.o) (__fp_zero)
/usr/local/CrossPack-AVR-20131216/lib/gcc/avr/4.8.1/../../../../avr/lib/avr5/libm.a(mulsf3.o)
                              obj_gh60_lufa/common/mousekey.o (__mulsf3)
/usr/local/CrossPack-AVR-20131216/lib/gcc/avr/4.8.1/../../../../avr/lib/avr5/libm.a(mulsf3x.o)
                              /usr/local/CrossPack-AVR-20131216/lib/gcc/avr/4.8.1/../../../../avr/lib/avr5/libm.a(mulsf3.o) (__mulsf3x)
/usr/local/CrossPack-AVR-20131216/lib/gcc/avr/4.8.1/../../../../avr/lib/avr5/libm.a(fp_inf.o)
                              /usr/local/CrossPack-AVR-20131216/lib/gcc/avr/4.8.1/../../../../avr/lib/avr5/libm.a(mulsf3x.o) (__fp_inf)
/usr/local/CrossPack-AVR-20131216/lib/gcc/avr/4.8.1/../../../../avr/lib/avr5/libm.a(fp_nan.o)
                              /usr/local/CrossPack-AVR-20131216/lib/gcc/avr/4.8.1/../../../../avr/lib/avr5/libm.a(mulsf3x.o) (__fp_nan)
/usr/local/CrossPack-AVR-20131216/lib/gcc/avr/4.8.1/../../../../avr/lib/avr5/libm.a(fp_pscA.o)
                              /usr/local/CrossPack-AVR-20131216/lib/gcc/avr/4.8.1/../../../../avr/lib/avr5/libm.a(mulsf3x.o) (__fp_pscA)
/usr/local/CrossPack-AVR-20131216/lib/gcc/avr/4.8.1/../../../../avr/lib/avr5/libm.a(fp_pscB.o)
                              /usr/local/CrossPack-AVR-20131216/lib/gcc/avr/4.8.1/../../../../avr/lib/avr5/libm.a(mulsf3x.o) (__fp_pscB)
/usr/local/CrossPack-AVR-20131216/lib/gcc/avr/4.8.1/../../../../avr/lib/avr5/libm.a(fp_round.o)
                              /usr/local/CrossPack-AVR-20131216/lib/gcc/avr/4.8.1/../../../../avr/lib/avr5/libm.a(mulsf3.o) (__fp_round)
/usr/local/CrossPack-AVR-20131216/lib/gcc/avr/4.8.1/avr5/libgcc.a(_divmodhi4.o)
                              obj_gh60_lufa/common/mousekey.o (__divmodhi4)
/usr/local/CrossPack-AVR-20131216/lib/gcc/avr/4.8.1/avr5/libgcc.a(_exit.o)
                              /usr/local/CrossPack-AVR-20131216/lib/gcc/avr/4.8.1/../../../../avr/lib/avr5/crtm32u4.o (exit)
/usr/local/CrossPack-AVR-20131216/lib/gcc/avr/4.8.1/avr5/libgcc.a(_tablejump.o)
                              obj_gh60_lufa/protocol/lufa/LUFA-120730/LUFA/Drivers/USB/Core/DeviceStandardReq.o (__tablejump2__)
/usr/local/CrossPack-AVR-20131216/lib/gcc/avr/4.8.1/avr5/libgcc.a(_copy_data.o)
                              obj_gh60_lufa/matrix.o (__do_copy_data)
/usr/local/CrossPack-AVR-20131216/lib/gcc/avr/4.8.1/avr5/libgcc.a(_clear_bss.o)
                              obj_gh60_lufa/keymap_poker.o (__do_clear_bss)
/usr/local/CrossPack-AVR-20131216/lib/gcc/avr/4.8.1/avr5/libgcc.a(_udivmodhi4.o)
                              /usr/local/CrossPack-AVR-20131216/lib/gcc/avr/4.8.1/avr5/libgcc.a(_divmodhi4.o) (__udivmodhi4)
/usr/local/CrossPack-AVR-20131216/lib/gcc/avr/4.8.1/../../../../avr/lib/avr5/libc.a(eerd_byte_atmega32u4.o)
                              obj_gh60_lufa/protocol/lufa/LUFA-120730/LUFA/Drivers/USB/Core/AVR8/EndpointStream_AVR8.o (__eerd_byte_m32u4)
/usr/local/CrossPack-AVR-20131216/lib/gcc/avr/4.8.1/../../../../avr/lib/avr5/libc.a(eerd_word_atmega32u4.o)
                              obj_gh60_lufa/common/avr/eeconfig.o (__eerd_word_m32u4)
/usr/local/CrossPack-AVR-20131216/lib/gcc/avr/4.8.1/../../../../avr/lib/avr5/libc.a(eeupd_byte_atmega32u4.o)
                              obj_gh60_lufa/protocol/lufa/LUFA-120730/LUFA/Drivers/USB/Core/AVR8/EndpointStream_AVR8.o (__eeupd_byte_m32u4)
/usr/local/CrossPack-AVR-20131216/lib/gcc/avr/4.8.1/../../../../avr/lib/avr5/libc.a(eewr_byte_atmega32u4.o)
                              obj_gh60_lufa/common/avr/eeconfig.o (__eewr_byte_m32u4)
/usr/local/CrossPack-AVR-20131216/lib/gcc/avr/4.8.1/../../../../avr/lib/avr5/libc.a(eewr_word_atmega32u4.o)
                              obj_gh60_lufa/common/avr/eeconfig.o (__eewr_word_m32u4)
/usr/local/CrossPack-AVR-20131216/lib/gcc/avr/4.8.1/../../../../avr/lib/avr5/libc.a(eerd_block_atmega32u4.o)
[...]
Memory Configuration

Name             Origin             Length             Attributes
text             0x00000000         0x00020000         xr
data             0x00800060         0x0000ffa0         rw !x
eeprom           0x00810000         0x00010000         rw !x
fuse             0x00820000         0x00000400         rw !x
lock             0x00830000         0x00000400         rw !x
signature        0x00840000         0x00000400         rw !x
user_signatures  0x00850000         0x00000400         rw !x
*default*        0x00000000         0xffffffff

Linker script and memory map

Address of section .data set to 0x800100
LOAD /usr/local/CrossPack-AVR-20131216/lib/gcc/avr/4.8.1/../../../../avr/lib/avr5/crtm32u4.o
LOAD obj_gh60_lufa/keymap_poker.o
LOAD obj_gh60_lufa/keymap_common.o
LOAD obj_gh60_lufa/matrix.o
LOAD obj_gh60_lufa/led.o
LOAD obj_gh60_lufa/protocol/lufa/lufa.o
LOAD obj_gh60_lufa/protocol/lufa/descriptor.o
LOAD obj_gh60_lufa/protocol/lufa/LUFA-120730/LUFA/Drivers/USB/Core/AVR8/Device_AVR8.o
LOAD obj_gh60_lufa/protocol/lufa/LUFA-120730/LUFA/Drivers/USB/Core/AVR8/Endpoint_AVR8.o
LOAD obj_gh60_lufa/protocol/lufa/LUFA-120730/LUFA/Drivers/USB/Core/AVR8/Host_AVR8.o
LOAD obj_gh60_lufa/protocol/lufa/LUFA-120730/LUFA/Drivers/USB/Core/AVR8/Pipe_AVR8.o
LOAD obj_gh60_lufa/protocol/lufa/LUFA-120730/LUFA/Drivers/USB/Core/AVR8/USBController_AVR8.o
LOAD obj_gh60_lufa/protocol/lufa/LUFA-120730/LUFA/Drivers/USB/Core/AVR8/USBInterrupt_AVR8.o
LOAD obj_gh60_lufa/protocol/lufa/LUFA-120730/LUFA/Drivers/USB/Core/AVR8/EndpointStream_AVR8.o
LOAD obj_gh60_lufa/protocol/lufa/LUFA-120730/LUFA/Drivers/USB/Core/AVR8/PipeStream_AVR8.o
LOAD obj_gh60_lufa/protocol/lufa/LUFA-120730/LUFA/Drivers/USB/Core/ConfigDescriptors.o
LOAD obj_gh60_lufa/protocol/lufa/LUFA-120730/LUFA/Drivers/USB/Core/DeviceStandardReq.o
LOAD obj_gh60_lufa/protocol/lufa/LUFA-120730/LUFA/Drivers/USB/Core/Events.o
LOAD obj_gh60_lufa/protocol/lufa/LUFA-120730/LUFA/Drivers/USB/Core/HostStandardReq.o
LOAD obj_gh60_lufa/protocol/lufa/LUFA-120730/LUFA/Drivers/USB/Core/USBTask.o
LOAD obj_gh60_lufa/protocol/lufa/LUFA-120730/LUFA/Drivers/USB/Class/Common/HIDParser.o
LOAD obj_gh60_lufa/common/host.o
LOAD obj_gh60_lufa/common/keyboard.o
LOAD obj_gh60_lufa/common/action.o
LOAD obj_gh60_lufa/common/action_tapping.o
LOAD obj_gh60_lufa/common/action_macro.o
LOAD obj_gh60_lufa/common/action_layer.o
LOAD obj_gh60_lufa/common/action_util.o
LOAD obj_gh60_lufa/common/keymap.o
LOAD obj_gh60_lufa/common/print.o
LOAD obj_gh60_lufa/common/debug.o
LOAD obj_gh60_lufa/common/util.o
LOAD obj_gh60_lufa/common/avr/suspend.o
LOAD obj_gh60_lufa/common/avr/xprintf.o
LOAD obj_gh60_lufa/common/avr/timer.o
LOAD obj_gh60_lufa/common/avr/bootloader.o
LOAD obj_gh60_lufa/common/bootmagic.o
LOAD obj_gh60_lufa/common/avr/eeconfig.o
LOAD obj_gh60_lufa/common/mousekey.o
LOAD obj_gh60_lufa/common/command.o
LOAD /usr/local/CrossPack-AVR-20131216/lib/gcc/avr/4.8.1/../../../../avr/lib/avr5/libm.a
START GROUP
LOAD /usr/local/CrossPack-AVR-20131216/lib/gcc/avr/4.8.1/avr5/libgcc.a
LOAD /usr/local/CrossPack-AVR-20131216/lib/gcc/avr/4.8.1/../../../../avr/lib/avr5/libm.a
LOAD /usr/local/CrossPack-AVR-20131216/lib/gcc/avr/4.8.1/../../../../avr/lib/avr5/libc.a
END GROUP

.hash
 *(.hash)

.dynsym
 *(.dynsym)

.dynstr
 *(.dynstr)

.gnu.version
 *(.gnu.version)

.gnu.version_d
 *(.gnu.version_d)

.gnu.version_r
 *(.gnu.version_r)

.rel.init
 *(.rel.init)

.rela.init
 *(.rela.init)

.rel.text
 *(.rel.text)
 *(.rel.text.*)
 *(.rel.gnu.linkonce.t*)

.rela.text
 *(.rela.text)
 *(.rela.text.*)
 *(.rela.gnu.linkonce.t*)

.rel.fini
 *(.rel.fini)

.rela.fini
 *(.rela.fini)

.rel.rodata
 *(.rel.rodata)
 *(.rel.rodata.*)
 *(.rel.gnu.linkonce.r*)

.rela.rodata
 *(.rela.rodata)
 *(.rela.rodata.*)
 *(.rela.gnu.linkonce.r*)

.rel.data
 *(.rel.data)
 *(.rel.data.*)
 *(.rel.gnu.linkonce.d*)

.rela.data
 *(.rela.data)
 *(.rela.data.*)
 *(.rela.gnu.linkonce.d*)

.rel.ctors
 *(.rel.ctors)

.rela.ctors
 *(.rela.ctors)

.rel.dtors
 *(.rel.dtors)

.rela.dtors
 *(.rela.dtors)

.rel.got
 *(.rel.got)

.rela.got
 *(.rela.got)

.rel.bss
 *(.rel.bss)

.rela.bss
 *(.rela.bss)

.rel.plt
 *(.rel.plt)

.rela.plt
 *(.rela.plt)

.text           0x00000000     0x5a62
 *(.vectors)
 .vectors       0x00000000       0xac /usr/local/CrossPack-AVR-20131216/lib/gcc/avr/4.8.1/../../../../avr/lib/avr5/crtm32u4.o
                0x00000000                __vectors
                0x00000000                __vector_default
 *(.vectors)
 *(.progmem.gcc*)
 .progmem.gcc_sw_table.USB_Device_ProcessControlRequest
                0x000000ac       0x14 obj_gh60_lufa/protocol/lufa/LUFA-120730/LUFA/Drivers/USB/Core/DeviceStandardReq.o
 .progmem.gcc_sw_table.process_action
                0x000000c0       0x20 obj_gh60_lufa/common/action.o
 .progmem.gcc_sw_table.command_common
                0x000000e0       0x86 obj_gh60_lufa/common/command.o
                0x00000166                . = ALIGN (0x2)
                0x00000166                __trampolines_start = .
 *(.trampolines)
 .trampolines   0x00000166        0x0 linker stubs
 *(.trampolines*)
                0x00000166                __trampolines_end = .
 *(.progmem*)
 .progmem.data  0x00000166       0x48 obj_gh60_lufa/keymap_poker.o
                0x00000166                fn_actions
                0x00000168                keymaps
 .progmem.data  0x000001ae       0x38 obj_gh60_lufa/matrix.o
 .progmem.data  0x000001e6       0x3a obj_gh60_lufa/protocol/lufa/lufa.o
 .progmem.data  0x00000220      0x1de obj_gh60_lufa/protocol/lufa/descriptor.o
                0x00000220                ProductString
                0x00000230                ManufacturerString
                0x00000240                LanguageString
                0x00000244                ConfigurationDescriptor
                0x000002d1                DeviceDescriptor
                0x000002e3                NKROReport
                0x0000031c                ConsoleReport
                0x0000033c                ExtrakeyReport
                0x00000372                MouseReport
                0x000003bf                KeyboardReport
 .progmem.data  0x000003fe       0x1a obj_gh60_lufa/common/host.o
 .progmem.data  0x00000418       0x1a obj_gh60_lufa/common/keyboard.o
 .progmem.data  0x00000432       0x3c obj_gh60_lufa/common/action_util.o
 .progmem.data  0x0000046e       0x1c obj_gh60_lufa/common/bootmagic.o
 .progmem.data  0x0000048a       0x4a obj_gh60_lufa/common/mousekey.o
 .progmem.data  0x000004d4      0xaa4 obj_gh60_lufa/common/command.o
                0x00000f78                . = ALIGN (0x2)
 *(.jumptables)
 *(.jumptables*)
 *(.lowtext)
 *(.lowtext*)
                0x00000f78                __ctors_start = .
 *(.ctors)
                0x00000f78                __ctors_end = .
                0x00000f78                __dtors_start = .
 *(.dtors)
                0x00000f78                __dtors_end = .
 SORT(*)(.ctors)
 SORT(*)(.dtors)
 *(.init0)
 .init0         0x00000f78        0x0 /usr/local/CrossPack-AVR-20131216/lib/gcc/avr/4.8.1/../../../../avr/lib/avr5/crtm32u4.o
                0x00000f78                __init
 *(.init0)
 *(.init1)
 *(.init1)
 *(.init2)
 .init2         0x00000f78        0xc /usr/local/CrossPack-AVR-20131216/lib/gcc/avr/4.8.1/../../../../avr/lib/avr5/crtm32u4.o
 *(.init2)
 *(.init3)
 .init3         0x00000f84       0x4e obj_gh60_lufa/common/avr/bootloader.o
                0x00000f84                bootloader_jump_after_watchdog_reset
 *(.init3)
 *(.init4)
 .init4         0x00000fd2       0x16 /usr/local/CrossPack-AVR-20131216/lib/gcc/avr/4.8.1/avr5/libgcc.a(_copy_data.o)
                0x00000fd2                __do_copy_data
 .init4         0x00000fe8       0x10 /usr/local/CrossPack-AVR-20131216/lib/gcc/avr/4.8.1/avr5/libgcc.a(_clear_bss.o)
                0x00000fe8                __do_clear_bss
 *(.init4)
 *(.init5)
 *(.init5)
 *(.init6)
 *(.init6)
 *(.init7)
 *(.init7)
 *(.init8)
 *(.init8)
 *(.init9)
 .init9         0x00000ff8        0x8 /usr/local/CrossPack-AVR-20131216/lib/gcc/avr/4.8.1/../../../../avr/lib/avr5/crtm32u4.o
 *(.init9)
 *(.text)
 .text          0x00001000        0x4 /usr/local/CrossPack-AVR-20131216/lib/gcc/avr/4.8.1/../../../../avr/lib/avr5/crtm32u4.o
                0x00001000                __vector_42
                0x00001000                __vector_22
                0x00001000                __vector_28
                0x00001000                __vector_1
                0x00001000                __vector_32
                0x00001000                __vector_34
                0x00001000                __vector_24
                0x00001000                __bad_interrupt
                0x00001000                __vector_6
                0x00001000                __vector_31
                0x00001000                __vector_35
                0x00001000                __vector_39
                0x00001000                __vector_3
                0x00001000                __vector_23
                0x00001000                __vector_30
                0x00001000                __vector_25
                0x00001000                __vector_13
                0x00001000                __vector_17
                0x00001000                __vector_19
                0x00001000                __vector_7
                0x00001000                __vector_41
                0x00001000                __vector_27
                0x00001000                __vector_5
                0x00001000                __vector_33
                0x00001000                __vector_37
                0x00001000                __vector_4
                0x00001000                __vector_9
                0x00001000                __vector_2
                0x00001000                __vector_15
                0x00001000                __vector_36
                0x00001000                __vector_29
                0x00001000                __vector_40
                0x00001000                __vector_8
                0x00001000                __vector_26
                0x00001000                __vector_14
                0x00001000                __vector_16
                0x00001000                __vector_18
                0x00001000                __vector_20
                0x00001000                __vector_38
 .text          0x00001004      0x15c obj_gh60_lufa/common/avr/xprintf.o
                0x00001004                xputc
                0x0000101c                xputs
                0x0000102a                xitoa
                0x0000114e                __xprintf
                0x00001160                . = ALIGN (0x2)
 *(.text.*)
 .text.matrix_power_up
                0x00001160        0x2 obj_gh60_lufa/keymap_poker.o
                0x00001160                matrix_power_up
 .text.matrix_power_down
                0x00001162        0x2 obj_gh60_lufa/keymap_poker.o
                0x00001162                matrix_power_down
 .text.keymap_key_to_keycode
                0x00001164       0x1e obj_gh60_lufa/keymap_common.o
                0x00001164                keymap_key_to_keycode
 .text.keymap_fn_to_action
                0x00001182       0x12 obj_gh60_lufa/keymap_common.o
                0x00001182                keymap_fn_to_action
 .text.unselect_rows
                0x00001194       0x12 obj_gh60_lufa/matrix.o
 .text.matrix_init
                0x000011a6       0x38 obj_gh60_lufa/matrix.o
                0x000011a6                matrix_init
 .text.matrix_scan
                0x000011de      0x254 obj_gh60_lufa/matrix.o
                0x000011de                matrix_scan
 .text.matrix_get_row
                0x00001432       0x12 obj_gh60_lufa/matrix.o
                0x00001432                matrix_get_row
 .text.matrix_print
                0x00001444       0x8e obj_gh60_lufa/matrix.o
                0x00001444                matrix_print
 .text.led_set  0x000014d2       0x10 obj_gh60_lufa/led.o
                0x000014d2                led_set
 .text.keyboard_leds
                0x000014e2        0x6 obj_gh60_lufa/protocol/lufa/lufa.o
 .text.sendchar
                0x000014e8       0xa8 obj_gh60_lufa/protocol/lufa/lufa.o
                0x000014e8                sendchar
 .text.send_consumer
                0x00001590       0x66 obj_gh60_lufa/protocol/lufa/lufa.o
 .text.send_system
                0x000015f6       0x68 obj_gh60_lufa/protocol/lufa/lufa.o
 .text.send_mouse
                0x0000165e       0x46 obj_gh60_lufa/protocol/lufa/lufa.o
 .text.send_keyboard
                0x000016a4       0x9c obj_gh60_lufa/protocol/lufa/lufa.o
 .text.EVENT_USB_Device_Connect
                0x00001740       0x24 obj_gh60_lufa/protocol/lufa/lufa.o
                0x00001740                EVENT_USB_Device_Connect
 .text.EVENT_USB_Device_Disconnect
                0x00001764        0xe obj_gh60_lufa/protocol/lufa/lufa.o
                0x00001764                EVENT_USB_Device_Disconnect
 .text.EVENT_USB_Device_Reset
                0x00001772        0x8 obj_gh60_lufa/protocol/lufa/lufa.o
                0x00001772                EVENT_USB_Device_Reset
 .text.EVENT_USB_Device_Suspend
                0x0000177a        0xc obj_gh60_lufa/protocol/lufa/lufa.o
                0x0000177a                EVENT_USB_Device_Suspend
 .text.EVENT_USB_Device_WakeUp
                0x00001786        0xc obj_gh60_lufa/protocol/lufa/lufa.o
                0x00001786                EVENT_USB_Device_WakeUp
 .text.EVENT_USB_Device_StartOfFrame
                0x00001792       0x5c obj_gh60_lufa/protocol/lufa/lufa.o
                0x00001792                EVENT_USB_Device_StartOfFrame
 .text.EVENT_USB_Device_ConfigurationChanged
                0x000017ee       0x32 obj_gh60_lufa/protocol/lufa/lufa.o
                0x000017ee                EVENT_USB_Device_ConfigurationChanged
 .text.EVENT_USB_Device_ControlRequest
                0x00001820      0x172 obj_gh60_lufa/protocol/lufa/lufa.o
                0x00001820                EVENT_USB_Device_ControlRequest
 .text.startup.main
                0x00001992       0x98 obj_gh60_lufa/protocol/lufa/lufa.o
                0x00001992                main
 .text.CALLBACK_USB_GetDescriptor
                0x00001a2a       0xb2 obj_gh60_lufa/protocol/lufa/descriptor.o
                0x00001a2a                CALLBACK_USB_GetDescriptor
 .text.USB_Device_SendRemoteWakeup
                0x00001adc       0x2c obj_gh60_lufa/protocol/lufa/LUFA-120730/LUFA/Drivers/USB/Core/AVR8/Device_AVR8.o
                0x00001adc                USB_Device_SendRemoteWakeup
 .text.Endpoint_ConfigureEndpoint_Prv
                0x00001b08       0x6a obj_gh60_lufa/protocol/lufa/LUFA-120730/LUFA/Drivers/USB/Core/AVR8/Endpoint_AVR8.o
                0x00001b08                Endpoint_ConfigureEndpoint_Prv
 .text.Endpoint_ClearStatusStage
                0x00001b72       0x42 obj_gh60_lufa/protocol/lufa/LUFA-120730/LUFA/Drivers/USB/Core/AVR8/Endpoint_AVR8.o
                0x00001b72                Endpoint_ClearStatusStage
 .text.Endpoint_WaitUntilReady
                0x00001bb4       0x60 obj_gh60_lufa/protocol/lufa/LUFA-120730/LUFA/Drivers/USB/Core/AVR8/Endpoint_AVR8.o
                0x00001bb4                Endpoint_WaitUntilReady
 .text.USB_Disable
                0x00001c14       0x34 obj_gh60_lufa/protocol/lufa/LUFA-120730/LUFA/Drivers/USB/Core/AVR8/USBController_AVR8.o
                0x00001c14                USB_Disable
 .text.USB_ResetInterface
                0x00001c48       0x86 obj_gh60_lufa/protocol/lufa/LUFA-120730/LUFA/Drivers/USB/Core/AVR8/USBController_AVR8.o
                0x00001c48                USB_ResetInterface
 .text.USB_Init
                0x00001cce       0x18 obj_gh60_lufa/protocol/lufa/LUFA-120730/LUFA/Drivers/USB/Core/AVR8/USBController_AVR8.o
                0x00001cce                USB_Init
 .text.USB_INT_DisableAllInterrupts
                0x00001ce6       0x10 obj_gh60_lufa/protocol/lufa/LUFA-120730/LUFA/Drivers/USB/Core/AVR8/USBInterrupt_AVR8.o
                0x00001ce6                USB_INT_DisableAllInterrupts
 .text.USB_INT_ClearAllInterrupts
                0x00001cf6        0xa obj_gh60_lufa/protocol/lufa/LUFA-120730/LUFA/Drivers/USB/Core/AVR8/USBInterrupt_AVR8.o
                0x00001cf6                USB_INT_ClearAllInterrupts
 .text.__vector_10
                0x00001d00      0x1a0 obj_gh60_lufa/protocol/lufa/LUFA-120730/LUFA/Drivers/USB/Core/AVR8/USBInterrupt_AVR8.o
                0x00001d00                __vector_10
 .text.__vector_11
                0x00001ea0       0x78 obj_gh60_lufa/protocol/lufa/LUFA-120730/LUFA/Drivers/USB/Core/AVR8/USBInterrupt_AVR8.o
                0x00001ea0                __vector_11
 .text.Endpoint_Write_Stream_LE
                0x00001f18       0x92 obj_gh60_lufa/protocol/lufa/LUFA-120730/LUFA/Drivers/USB/Core/AVR8/EndpointStream_AVR8.o
                0x00001f18                Endpoint_Write_Stream_LE
 .text.Endpoint_Write_Control_Stream_LE
                0x00001faa       0xb6 obj_gh60_lufa/protocol/lufa/LUFA-120730/LUFA/Drivers/USB/Core/AVR8/EndpointStream_AVR8.o
                0x00001faa                Endpoint_Write_Control_Stream_LE
 .text.Endpoint_Write_Control_PStream_LE
                0x00002060       0xbc obj_gh60_lufa/protocol/lufa/LUFA-120730/LUFA/Drivers/USB/Core/AVR8/EndpointStream_AVR8.o
                0x00002060                Endpoint_Write_Control_PStream_LE
 .text.USB_Device_ProcessControlRequest
                0x0000211c      0x2a2 obj_gh60_lufa/protocol/lufa/LUFA-120730/LUFA/Drivers/USB/Core/DeviceStandardReq.o
                0x0000211c                USB_Device_ProcessControlRequest
 .text.host_set_driver
                0x000023be        0xa obj_gh60_lufa/common/host.o
                0x000023be                host_set_driver
 .text.host_get_driver
                0x000023c8        0xa obj_gh60_lufa/common/host.o
                0x000023c8                host_get_driver
 .text.host_keyboard_leds
                0x000023d2       0x18 obj_gh60_lufa/common/host.o
                0x000023d2                host_keyboard_leds
 .text.host_keyboard_send
                0x000023ea       0x8a obj_gh60_lufa/common/host.o
                0x000023ea                host_keyboard_send
 .text.host_mouse_send
                0x00002474       0x16 obj_gh60_lufa/common/host.o
                0x00002474                host_mouse_send
 .text.host_system_send
                0x0000248a       0x2c obj_gh60_lufa/common/host.o
                0x0000248a                host_system_send
 .text.host_consumer_send
                0x000024b6       0x2c obj_gh60_lufa/common/host.o
                0x000024b6                host_consumer_send
 .text.keyboard_init
                0x000024e2        0xc obj_gh60_lufa/common/keyboard.o
                0x000024e2                keyboard_init
 .text.keyboard_set_leds
                0x000024ee       0x50 obj_gh60_lufa/common/keyboard.o
                0x000024ee                keyboard_set_leds
 .text.keyboard_task
                0x0000253e      0x172 obj_gh60_lufa/common/keyboard.o
                0x0000253e                keyboard_task
 .text.action_exec
                0x000026b0       0x5c obj_gh60_lufa/common/action.o
                0x000026b0                action_exec
 .text.register_code
                0x0000270c      0x190 obj_gh60_lufa/common/action.o
                0x0000270c                register_code
 .text.unregister_code
                0x0000289c       0x9e obj_gh60_lufa/common/action.o
                0x0000289c                unregister_code
 .text.register_mods
                0x0000293a        0xe obj_gh60_lufa/common/action.o
                0x0000293a                register_mods
 .text.unregister_mods
                0x00002948        0xe obj_gh60_lufa/common/action.o
                0x00002948                unregister_mods
 .text.process_action
                0x00002956      0x60c obj_gh60_lufa/common/action.o
                0x00002956                process_action
 .text.clear_keyboard_but_mods
                0x00002f62       0x24 obj_gh60_lufa/common/action.o
                0x00002f62                clear_keyboard_but_mods
 .text.clear_keyboard
                0x00002f86        0x8 obj_gh60_lufa/common/action.o
                0x00002f86                clear_keyboard
 .text.is_tap_key
                0x00002f8e       0x42 obj_gh60_lufa/common/action.o
                0x00002f8e                is_tap_key
 .text.debug_event
                0x00002fd0       0x1e obj_gh60_lufa/common/action.o
                0x00002fd0                debug_event
 .text.debug_record
                0x00002fee       0x20 obj_gh60_lufa/common/action.o
                0x00002fee                debug_record
 .text.debug_waiting_buffer
                0x0000300e       0x42 obj_gh60_lufa/common/action_tapping.o
 .text.debug_tapping_key
                0x00003050       0x1c obj_gh60_lufa/common/action_tapping.o
 .text.waiting_buffer_scan_tap
                0x0000306c       0xd0 obj_gh60_lufa/common/action_tapping.o
 .text.process_tapping
                0x0000313c      0x3da obj_gh60_lufa/common/action_tapping.o
 .text.action_tapping_process
                0x00003516      0x15a obj_gh60_lufa/common/action_tapping.o
                0x00003516                action_tapping_process
 .text.action_macro_play
                0x00003670       0xfc obj_gh60_lufa/common/action_macro.o
                0x00003670                action_macro_play
 .text.default_layer_debug
                0x0000376c        0x2 obj_gh60_lufa/common/action_layer.o
                0x0000376c                default_layer_debug
 .text.default_layer_set
                0x0000376e       0x14 obj_gh60_lufa/common/action_layer.o
                0x0000376e                default_layer_set
 .text.default_layer_or
                0x00003782       0x34 obj_gh60_lufa/common/action_layer.o
                0x00003782                default_layer_or
 .text.default_layer_and
                0x000037b6       0x34 obj_gh60_lufa/common/action_layer.o
                0x000037b6                default_layer_and
 .text.default_layer_xor
                0x000037ea       0x34 obj_gh60_lufa/common/action_layer.o
                0x000037ea                default_layer_xor
 .text.layer_clear
                0x0000381e       0x14 obj_gh60_lufa/common/action_layer.o
                0x0000381e                layer_clear
 .text.layer_move
                0x00003832       0x2a obj_gh60_lufa/common/action_layer.o
                0x00003832                layer_move
 .text.layer_on
                0x0000385c       0x42 obj_gh60_lufa/common/action_layer.o
                0x0000385c                layer_on
 .text.layer_off
                0x0000389e       0x4a obj_gh60_lufa/common/action_layer.o
                0x0000389e                layer_off
 .text.layer_invert
                0x000038e8       0x42 obj_gh60_lufa/common/action_layer.o
                0x000038e8                layer_invert
 .text.layer_or
                0x0000392a       0x34 obj_gh60_lufa/common/action_layer.o
                0x0000392a                layer_or
 .text.layer_and
                0x0000395e       0x34 obj_gh60_lufa/common/action_layer.o
                0x0000395e                layer_and
 .text.layer_xor
                0x00003992       0x34 obj_gh60_lufa/common/action_layer.o
                0x00003992                layer_xor
 .text.layer_debug
                0x000039c6        0x2 obj_gh60_lufa/common/action_layer.o
                0x000039c6                layer_debug
 .text.layer_switch_get_action
                0x000039c8       0x84 obj_gh60_lufa/common/action_layer.o
                0x000039c8                layer_switch_get_action
 .text.add_key  0x00003a4c       0x9a obj_gh60_lufa/common/action_util.o
                0x00003a4c                add_key
 .text.del_key  0x00003ae6       0x80 obj_gh60_lufa/common/action_util.o
                0x00003ae6                del_key
 .text.clear_keys
                0x00003b66       0x1c obj_gh60_lufa/common/action_util.o
                0x00003b66                clear_keys
 .text.add_mods
                0x00003b82        0xc obj_gh60_lufa/common/action_util.o
                0x00003b82                add_mods
 .text.del_mods
                0x00003b8e        0xe obj_gh60_lufa/common/action_util.o
                0x00003b8e                del_mods
 .text.clear_mods
                0x00003b9c        0x6 obj_gh60_lufa/common/action_util.o
                0x00003b9c                clear_mods
 .text.add_weak_mods
                0x00003ba2        0xc obj_gh60_lufa/common/action_util.o
                0x00003ba2                add_weak_mods
 .text.del_weak_mods
                0x00003bae        0xe obj_gh60_lufa/common/action_util.o
                0x00003bae                del_weak_mods
 .text.clear_weak_mods
                0x00003bbc        0x6 obj_gh60_lufa/common/action_util.o
                0x00003bbc                clear_weak_mods
 .text.set_oneshot_mods
                0x00003bc2        0x6 obj_gh60_lufa/common/action_util.o
                0x00003bc2                set_oneshot_mods
 .text.clear_oneshot_mods
                0x00003bc8        0x6 obj_gh60_lufa/common/action_util.o
                0x00003bc8                clear_oneshot_mods
 .text.has_anykey
                0x00003bce       0x26 obj_gh60_lufa/common/action_util.o
                0x00003bce                has_anykey
 .text.send_keyboard_report
                0x00003bf4       0x4c obj_gh60_lufa/common/action_util.o
                0x00003bf4                send_keyboard_report
 .text.keycode_to_action
                0x00003c40      0x144 obj_gh60_lufa/common/keymap.o
 .text.action_for_key
                0x00003d84       0xe6 obj_gh60_lufa/common/keymap.o
                0x00003d84                action_for_key
 .text.action_get_macro
                0x00003e6a        0x6 obj_gh60_lufa/common/keymap.o
                0x00003e6a                action_get_macro
 .text.action_function
                0x00003e70        0x2 obj_gh60_lufa/common/keymap.o
                0x00003e70                action_function
 .text.print_set_sendchar
                0x00003e72        0xa obj_gh60_lufa/common/print.o
                0x00003e72                print_set_sendchar
 .text.biton32  0x00003e7c       0xa6 obj_gh60_lufa/common/util.o
                0x00003e7c                biton32
 .text.bitrev   0x00003f22       0x24 obj_gh60_lufa/common/util.o
                0x00003f22                bitrev
 .text.bitrev16
                0x00003f46       0x34 obj_gh60_lufa/common/util.o
                0x00003f46                bitrev16
 .text.suspend_power_down
                0x00003f7a       0x4c obj_gh60_lufa/common/avr/suspend.o
                0x00003f7a                suspend_power_down
 .text.suspend_wakeup_condition
                0x00003fc6       0x2a obj_gh60_lufa/common/avr/suspend.o
                0x00003fc6                suspend_wakeup_condition
 .text.suspend_wakeup_init
                0x00003ff0        0x4 obj_gh60_lufa/common/avr/suspend.o
                0x00003ff0                suspend_wakeup_init
 .text.__vector_12
                0x00003ff4       0x52 obj_gh60_lufa/common/avr/suspend.o
                0x00003ff4                __vector_12
 .text.timer_init
                0x00004046       0x12 obj_gh60_lufa/common/avr/timer.o
                0x00004046                timer_init
 .text.timer_read
                0x00004058       0x18 obj_gh60_lufa/common/avr/timer.o
                0x00004058                timer_read
 .text.timer_elapsed
                0x00004070       0x52 obj_gh60_lufa/common/avr/timer.o
                0x00004070                timer_elapsed
 .text.__vector_21
                0x000040c2       0x4a obj_gh60_lufa/common/avr/timer.o
                0x000040c2                __vector_21
 .text.bootloader_jump
                0x0000410c       0x46 obj_gh60_lufa/common/avr/bootloader.o
                0x0000410c                bootloader_jump
 .text.scan_keycode
                0x00004152       0x72 obj_gh60_lufa/common/bootmagic.o
 .text.bootmagic_scan_keycode
                0x000041c4       0x1c obj_gh60_lufa/common/bootmagic.o
                0x000041c4                bootmagic_scan_keycode
 .text.bootmagic
                0x000041e0      0x266 obj_gh60_lufa/common/bootmagic.o
                0x000041e0                bootmagic
 .text.eeconfig_init
                0x00004446       0x34 obj_gh60_lufa/common/avr/eeconfig.o
                0x00004446                eeconfig_init
 .text.eeconfig_is_enabled
                0x0000447a       0x16 obj_gh60_lufa/common/avr/eeconfig.o
                0x0000447a                eeconfig_is_enabled
 .text.eeconfig_read_debug
                0x00004490        0x8 obj_gh60_lufa/common/avr/eeconfig.o
                0x00004490                eeconfig_read_debug
 .text.eeconfig_write_debug
                0x00004498        0xa obj_gh60_lufa/common/avr/eeconfig.o
                0x00004498                eeconfig_write_debug
 .text.eeconfig_read_default_layer
                0x000044a2        0x8 obj_gh60_lufa/common/avr/eeconfig.o
                0x000044a2                eeconfig_read_default_layer
 .text.eeconfig_write_default_layer
                0x000044aa        0xa obj_gh60_lufa/common/avr/eeconfig.o
                0x000044aa                eeconfig_write_default_layer
 .text.eeconfig_read_keymap
                0x000044b4        0x8 obj_gh60_lufa/common/avr/eeconfig.o
                0x000044b4                eeconfig_read_keymap
 .text.eeconfig_write_keymap
                0x000044bc        0xa obj_gh60_lufa/common/avr/eeconfig.o
                0x000044bc                eeconfig_write_keymap
 .text.move_unit
                0x000044c6       0x90 obj_gh60_lufa/common/mousekey.o
 .text.wheel_unit
                0x00004556       0x72 obj_gh60_lufa/common/mousekey.o
 .text.mousekey_on
                0x000045c8       0xd0 obj_gh60_lufa/common/mousekey.o
                0x000045c8                mousekey_on
 .text.mousekey_off
                0x00004698      0x10a obj_gh60_lufa/common/mousekey.o
                0x00004698                mousekey_off
 .text.mousekey_send
                0x000047a2      0x11a obj_gh60_lufa/common/mousekey.o
                0x000047a2                mousekey_send
 .text.mousekey_task
                0x000048bc      0x142 obj_gh60_lufa/common/mousekey.o
                0x000048bc                mousekey_task
 .text.mousekey_clear
                0x000049fe       0x18 obj_gh60_lufa/common/mousekey.o
                0x000049fe                mousekey_clear
 .text.command_console_help
                0x00004a16       0x18 obj_gh60_lufa/common/command.o
 .text.mousekey_console_help
                0x00004a2e       0xcc obj_gh60_lufa/common/command.o
 .text.mousekey_param_inc
                0x00004afa      0x1e2 obj_gh60_lufa/common/command.o
 .text.mousekey_param_dec
                0x00004cdc      0x19a obj_gh60_lufa/common/command.o
 .text.switch_default_layer
                0x00004e76       0x80 obj_gh60_lufa/common/command.o
 .text.command_common
                0x00004ef6      0x57e obj_gh60_lufa/common/command.o
 .text.command_extra
                0x00005474        0x4 obj_gh60_lufa/common/command.o
                0x00005474                command_extra
 .text.command_console_extra
                0x00005478        0x4 obj_gh60_lufa/common/command.o
                0x00005478                command_console_extra
 .text.command_proc
                0x0000547c      0x2e0 obj_gh60_lufa/common/command.o
                0x0000547c                command_proc
 .text.avr-libc.fplib
                0x0000575c        0xa /usr/local/CrossPack-AVR-20131216/lib/gcc/avr/4.8.1/../../../../avr/lib/avr5/libm.a(fixsfsi.o)
                0x0000575c                __fixsfsi
 .text.avr-libc.fplib
                0x00005766       0x58 /usr/local/CrossPack-AVR-20131216/lib/gcc/avr/4.8.1/../../../../avr/lib/avr5/libm.a(fixunssfsi.o)
                0x00005766                __fixunssfsi
 .text.avr-libc.fplib
                0x000057be       0x7a /usr/local/CrossPack-AVR-20131216/lib/gcc/avr/4.8.1/../../../../avr/lib/avr5/libm.a(floatsisf.o)
                0x000057be                __floatunsisf
                0x000057c2                __floatsisf
 .text.avr-libc.fplib
                0x00005838       0x44 /usr/local/CrossPack-AVR-20131216/lib/gcc/avr/4.8.1/../../../../avr/lib/avr5/libm.a(fp_split3.o)
                0x00005838                __fp_split3
                0x00005848                __fp_splitA
 .text.avr-libc.fplib
                0x0000587c        0xe /usr/local/CrossPack-AVR-20131216/lib/gcc/avr/4.8.1/../../../../avr/lib/avr5/libm.a(fp_zero.o)
                0x0000587c                __fp_zero
                0x0000587e                __fp_szero
 .text.avr-libc.fplib
                0x0000588a        0x4 /usr/local/CrossPack-AVR-20131216/lib/gcc/avr/4.8.1/../../../../avr/lib/avr5/libm.a(mulsf3.o)
                0x0000588a                __mulsf3
 .text.avr-libc.fplib
                0x0000588e       0xc2 /usr/local/CrossPack-AVR-20131216/lib/gcc/avr/4.8.1/../../../../avr/lib/avr5/libm.a(mulsf3x.o)
                0x000058a2                __mulsf3x
                0x000058a6                __mulsf3_pse
 .text.avr-libc.fplib
                0x00005950        0xc /usr/local/CrossPack-AVR-20131216/lib/gcc/avr/4.8.1/../../../../avr/lib/avr5/libm.a(fp_inf.o)
                0x00005950                __fp_inf
 .text.avr-libc.fplib
                0x0000595c        0x6 /usr/local/CrossPack-AVR-20131216/lib/gcc/avr/4.8.1/../../../../avr/lib/avr5/libm.a(fp_nan.o)
                0x0000595c                __fp_nan
 .text.avr-libc.fplib
                0x00005962        0xe /usr/local/CrossPack-AVR-20131216/lib/gcc/avr/4.8.1/../../../../avr/lib/avr5/libm.a(fp_pscA.o)
                0x00005962                __fp_pscA
 .text.avr-libc.fplib
                0x00005970        0xe /usr/local/CrossPack-AVR-20131216/lib/gcc/avr/4.8.1/../../../../avr/lib/avr5/libm.a(fp_pscB.o)
                0x00005970                __fp_pscB
 .text.avr-libc.fplib
                0x0000597e       0x22 /usr/local/CrossPack-AVR-20131216/lib/gcc/avr/4.8.1/../../../../avr/lib/avr5/libm.a(fp_round.o)
                0x0000597e                __fp_round
 .text.libgcc.div
                0x000059a0       0x28 /usr/local/CrossPack-AVR-20131216/lib/gcc/avr/4.8.1/avr5/libgcc.a(_divmodhi4.o)
                0x000059a0                __divmodhi4
                0x000059a0                _div
 .text.libgcc   0x000059c8        0xc /usr/local/CrossPack-AVR-20131216/lib/gcc/avr/4.8.1/avr5/libgcc.a(_tablejump.o)
                0x000059c8                __tablejump2__
                0x000059cc                __tablejump__
 .text.libgcc.div
                0x000059d4       0x28 /usr/local/CrossPack-AVR-20131216/lib/gcc/avr/4.8.1/avr5/libgcc.a(_udivmodhi4.o)
                0x000059d4                __udivmodhi4
 .text.avr-libc
                0x000059fc       0x10 /usr/local/CrossPack-AVR-20131216/lib/gcc/avr/4.8.1/../../../../avr/lib/avr5/libc.a(eerd_byte_atmega32u4.o)
                0x000059fc                __eerd_byte_m32u4
 .text.avr-libc
                0x00005a0c        0xc /usr/local/CrossPack-AVR-20131216/lib/gcc/avr/4.8.1/../../../../avr/lib/avr5/libc.a(eerd_word_atmega32u4.o)
                0x00005a0c                __eerd_word_m32u4
 .text.avr-libc
                0x00005a18       0x1c /usr/local/CrossPack-AVR-20131216/lib/gcc/avr/4.8.1/../../../../avr/lib/avr5/libc.a(eewr_byte_atmega32u4.o)
                0x00005a18                __eewr_byte_m32u4
                0x00005a1a                __eewr_r18_m32u4
 .text.avr-libc
                0x00005a34        0xa /usr/local/CrossPack-AVR-20131216/lib/gcc/avr/4.8.1/../../../../avr/lib/avr5/libc.a(eewr_word_atmega32u4.o)
                0x00005a34                __eewr_word_m32u4
 .text.avr-libc
                0x00005a3e       0x20 /usr/local/CrossPack-AVR-20131216/lib/gcc/avr/4.8.1/../../../../avr/lib/avr5/libc.a(eerd_block_atmega32u4.o)
                0x00005a3e                __eerd_block_m32u4
                0x00005a42                __eerd_blraw_m32u4
                0x00005a5e                . = ALIGN (0x2)
 *(.fini9)
 .fini9         0x00005a5e        0x0 /usr/local/CrossPack-AVR-20131216/lib/gcc/avr/4.8.1/avr5/libgcc.a(_exit.o)
                0x00005a5e                exit
                0x00005a5e                _exit
 *(.fini9)
 *(.fini8)
 *(.fini8)
 *(.fini7)
 *(.fini7)
 *(.fini6)
 *(.fini6)
 *(.fini5)
 *(.fini5)
 *(.fini4)
 *(.fini4)
 *(.fini3)
 *(.fini3)
 *(.fini2)
 *(.fini2)
 *(.fini1)
 *(.fini1)
 *(.fini0)
 .fini0         0x00005a5e        0x4 /usr/local/CrossPack-AVR-20131216/lib/gcc/avr/4.8.1/avr5/libgcc.a(_exit.o)
 *(.fini0)
                0x00005a62                _etext = .

.data           0x00800100       0x38 load address 0x00005a62
                0x00800100                PROVIDE (__data_start, .)
 *(.data)
 .data          0x00800100        0x0 /usr/local/CrossPack-AVR-20131216/lib/gcc/avr/4.8.1/../../../../avr/lib/avr5/crtm32u4.o
 .data          0x00800100        0x0 obj_gh60_lufa/keymap_poker.o
 .data          0x00800100        0x0 obj_gh60_lufa/keymap_common.o
 .data          0x00800100        0x1 obj_gh60_lufa/matrix.o
 .data          0x00800101        0x0 obj_gh60_lufa/led.o
 .data          0x00800101        0xb obj_gh60_lufa/protocol/lufa/lufa.o
                0x00800101                lufa_driver
                0x0080010b                keyboard_protocol
 .data          0x0080010c        0x0 obj_gh60_lufa/protocol/lufa/descriptor.o
 .data          0x0080010c        0x0 obj_gh60_lufa/protocol/lufa/LUFA-120730/LUFA/Drivers/USB/Core/AVR8/Device_AVR8.o
 .data          0x0080010c        0x0 obj_gh60_lufa/protocol/lufa/LUFA-120730/LUFA/Drivers/USB/Core/AVR8/Endpoint_AVR8.o
 .data          0x0080010c        0x0 obj_gh60_lufa/protocol/lufa/LUFA-120730/LUFA/Drivers/USB/Core/AVR8/Host_AVR8.o
 .data          0x0080010c        0x0 obj_gh60_lufa/protocol/lufa/LUFA-120730/LUFA/Drivers/USB/Core/AVR8/Pipe_AVR8.o
 .data          0x0080010c        0x0 obj_gh60_lufa/protocol/lufa/LUFA-120730/LUFA/Drivers/USB/Core/AVR8/USBController_AVR8.o
 .data          0x0080010c        0x0 obj_gh60_lufa/protocol/lufa/LUFA-120730/LUFA/Drivers/USB/Core/AVR8/USBInterrupt_AVR8.o
 .data          0x0080010c        0x0 obj_gh60_lufa/protocol/lufa/LUFA-120730/LUFA/Drivers/USB/Core/AVR8/EndpointStream_AVR8.o
 .data          0x0080010c        0x0 obj_gh60_lufa/protocol/lufa/LUFA-120730/LUFA/Drivers/USB/Core/AVR8/PipeStream_AVR8.o
 .data          0x0080010c        0x0 obj_gh60_lufa/protocol/lufa/LUFA-120730/LUFA/Drivers/USB/Core/ConfigDescriptors.o
 .data          0x0080010c        0x0 obj_gh60_lufa/protocol/lufa/LUFA-120730/LUFA/Drivers/USB/Core/DeviceStandardReq.o
 .data          0x0080010c        0x0 obj_gh60_lufa/protocol/lufa/LUFA-120730/LUFA/Drivers/USB/Core/Events.o
 .data          0x0080010c        0x0 obj_gh60_lufa/protocol/lufa/LUFA-120730/LUFA/Drivers/USB/Core/HostStandardReq.o
 .data          0x0080010c        0x0 obj_gh60_lufa/protocol/lufa/LUFA-120730/LUFA/Drivers/USB/Core/USBTask.o
 .data          0x0080010c        0x0 obj_gh60_lufa/protocol/lufa/LUFA-120730/LUFA/Drivers/USB/Class/Common/HIDParser.o
 .data          0x0080010c        0x1 obj_gh60_lufa/common/host.o
                0x0080010c                keyboard_nkro
 .data          0x0080010d        0x0 obj_gh60_lufa/common/keyboard.o
 .data          0x0080010d        0x0 obj_gh60_lufa/common/action.o
 .data          0x0080010d        0x0 obj_gh60_lufa/common/action_tapping.o
 .data          0x0080010d        0x0 obj_gh60_lufa/common/action_macro.o
 .data          0x0080010d        0x0 obj_gh60_lufa/common/action_layer.o
 .data          0x0080010d        0x2 obj_gh60_lufa/common/action_util.o
                0x0080010d                keyboard_report
 .data          0x0080010f        0x0 obj_gh60_lufa/common/keymap.o
 .data          0x0080010f        0x0 obj_gh60_lufa/common/print.o
 .data          0x0080010f        0x0 obj_gh60_lufa/common/debug.o
 .data          0x0080010f        0x0 obj_gh60_lufa/common/util.o
 .data          0x0080010f        0x0 obj_gh60_lufa/common/avr/suspend.o
 .data          0x0080010f        0x0 obj_gh60_lufa/common/avr/xprintf.o
 .data          0x0080010f        0x0 obj_gh60_lufa/common/avr/timer.o
 .data          0x0080010f        0x0 obj_gh60_lufa/common/avr/bootloader.o
 .data          0x0080010f        0x0 obj_gh60_lufa/common/bootmagic.o
 .data          0x0080010f        0x0 obj_gh60_lufa/common/avr/eeconfig.o
 .data          0x0080010f        0x6 obj_gh60_lufa/common/mousekey.o
                0x0080010f                mk_wheel_time_to_max
                0x00800110                mk_wheel_max_speed
                0x00800111                mk_time_to_max
                0x00800112                mk_max_speed
                0x00800113                mk_interval
                0x00800114                mk_delay
 .data          0x00800115        0x0 obj_gh60_lufa/common/command.o
 .data          0x00800115        0x0 /usr/local/CrossPack-AVR-20131216/lib/gcc/avr/4.8.1/../../../../avr/lib/avr5/libm.a(fixsfsi.o)
 .data          0x00800115        0x0 /usr/local/CrossPack-AVR-20131216/lib/gcc/avr/4.8.1/../../../../avr/lib/avr5/libm.a(fixunssfsi.o)
 .data          0x00800115        0x0 /usr/local/CrossPack-AVR-20131216/lib/gcc/avr/4.8.1/../../../../avr/lib/avr5/libm.a(floatsisf.o)
 .data          0x00800115        0x0 /usr/local/CrossPack-AVR-20131216/lib/gcc/avr/4.8.1/../../../../avr/lib/avr5/libm.a(fp_split3.o)
 .data          0x00800115        0x0 /usr/local/CrossPack-AVR-20131216/lib/gcc/avr/4.8.1/../../../../avr/lib/avr5/libm.a(fp_zero.o)
 .data          0x00800115        0x0 /usr/local/CrossPack-AVR-20131216/lib/gcc/avr/4.8.1/../../../../avr/lib/avr5/libm.a(mulsf3.o)
 .data          0x00800115        0x0 /usr/local/CrossPack-AVR-20131216/lib/gcc/avr/4.8.1/../../../../avr/lib/avr5/libm.a(mulsf3x.o)
 .data          0x00800115        0x0 /usr/local/CrossPack-AVR-20131216/lib/gcc/avr/4.8.1/../../../../avr/lib/avr5/libm.a(fp_inf.o)
 .data          0x00800115        0x0 /usr/local/CrossPack-AVR-20131216/lib/gcc/avr/4.8.1/../../../../avr/lib/avr5/libm.a(fp_nan.o)
 .data          0x00800115        0x0 /usr/local/CrossPack-AVR-20131216/lib/gcc/avr/4.8.1/../../../../avr/lib/avr5/libm.a(fp_pscA.o)
 .data          0x00800115        0x0 /usr/local/CrossPack-AVR-20131216/lib/gcc/avr/4.8.1/../../../../avr/lib/avr5/libm.a(fp_pscB.o)
 .data          0x00800115        0x0 /usr/local/CrossPack-AVR-20131216/lib/gcc/avr/4.8.1/../../../../avr/lib/avr5/libm.a(fp_round.o)
 .data          0x00800115        0x0 /usr/local/CrossPack-AVR-20131216/lib/gcc/avr/4.8.1/avr5/libgcc.a(_divmodhi4.o)
 .data          0x00800115        0x0 /usr/local/CrossPack-AVR-20131216/lib/gcc/avr/4.8.1/avr5/libgcc.a(_exit.o)
 .data          0x00800115        0x0 /usr/local/CrossPack-AVR-20131216/lib/gcc/avr/4.8.1/avr5/libgcc.a(_tablejump.o)
 .data          0x00800115        0x0 /usr/local/CrossPack-AVR-20131216/lib/gcc/avr/4.8.1/avr5/libgcc.a(_copy_data.o)
 .data          0x00800115        0x0 /usr/local/CrossPack-AVR-20131216/lib/gcc/avr/4.8.1/avr5/libgcc.a(_clear_bss.o)
 .data          0x00800115        0x0 /usr/local/CrossPack-AVR-20131216/lib/gcc/avr/4.8.1/avr5/libgcc.a(_udivmodhi4.o)
 .data          0x00800115        0x0 /usr/local/CrossPack-AVR-20131216/lib/gcc/avr/4.8.1/../../../../avr/lib/avr5/libc.a(eerd_byte_atmega32u4.o)
 .data          0x00800115        0x0 /usr/local/CrossPack-AVR-20131216/lib/gcc/avr/4.8.1/../../../../avr/lib/avr5/libc.a(eerd_word_atmega32u4.o)
 .data          0x00800115        0x0 /usr/local/CrossPack-AVR-20131216/lib/gcc/avr/4.8.1/../../../../avr/lib/avr5/libc.a(eeupd_byte_atmega32u4.o)
 .data          0x00800115        0x0 /usr/local/CrossPack-AVR-20131216/lib/gcc/avr/4.8.1/../../../../avr/lib/avr5/libc.a(eewr_byte_atmega32u4.o)
 .data          0x00800115        0x0 /usr/local/CrossPack-AVR-20131216/lib/gcc/avr/4.8.1/../../../../avr/lib/avr5/libc.a(eewr_word_atmega32u4.o)
 .data          0x00800115        0x0 /usr/local/CrossPack-AVR-20131216/lib/gcc/avr/4.8.1/../../../../avr/lib/avr5/libc.a(eerd_block_atmega32u4.o)
 *(.data*)
 *(.rodata)
 .rodata        0x00800115       0x19 obj_gh60_lufa/protocol/lufa/descriptor.o
 .rodata        0x0080012e        0xa obj_gh60_lufa/common/command.o
 *(.rodata*)
 *(.gnu.linkonce.d*)
                0x00800138                . = ALIGN (0x2)
                0x00800138                _edata = .
                0x00800138                PROVIDE (__data_end, .)

.bss            0x00800138       0xae
                0x00800138                PROVIDE (__bss_start, .)
 *(.bss)
 .bss           0x00800138       0x14 obj_gh60_lufa/matrix.o
 .bss           0x0080014c       0x13 obj_gh60_lufa/protocol/lufa/lufa.o
                0x0080014c                keyboard_idle
 .bss           0x0080015f        0x6 obj_gh60_lufa/common/host.o
 .bss           0x00800165        0xb obj_gh60_lufa/common/keyboard.o
 .bss           0x00800170       0x38 obj_gh60_lufa/common/action_tapping.o
 .bss           0x008001a8        0x8 obj_gh60_lufa/common/action_layer.o
                0x008001a8                layer_state
                0x008001ac                default_layer_state
 .bss           0x008001b0       0x13 obj_gh60_lufa/common/action_util.o
 .bss           0x008001c3        0x1 obj_gh60_lufa/common/debug.o
                0x008001c3                debug_config
 .bss           0x008001c4        0x1 obj_gh60_lufa/common/avr/suspend.o
 .bss           0x008001c5        0x2 obj_gh60_lufa/common/avr/xprintf.o
                0x008001c5                xfunc_out
 .bss           0x008001c7        0x4 obj_gh60_lufa/common/avr/timer.o
                0x008001c7                timer_count
 .bss           0x008001cb        0x9 obj_gh60_lufa/common/mousekey.o
 .bss           0x008001d4        0x4 obj_gh60_lufa/common/command.o
                0x008001d4                command_state
 *(.bss*)
 *(COMMON)
 COMMON         0x008001d8        0x1 obj_gh60_lufa/keymap_poker.o
                0x008001d8                keymap_config
 COMMON         0x008001d9        0x3 obj_gh60_lufa/protocol/lufa/LUFA-120730/LUFA/Drivers/USB/Core/DeviceStandardReq.o
                0x008001d9                USB_Device_ConfigurationNumber
                0x008001da                USB_Device_CurrentlySelfPowered
                0x008001db                USB_Device_RemoteWakeupEnabled
 COMMON         0x008001dc        0xa obj_gh60_lufa/protocol/lufa/LUFA-120730/LUFA/Drivers/USB/Core/USBTask.o
                0x008001dc                USB_IsInitialized
                0x008001dd                USB_DeviceState
                0x008001de                USB_ControlRequest
                0x008001e6                PROVIDE (__bss_end, .)
                0x00005a62                __data_load_start = LOADADDR (.data)
                0x00005a9a                __data_load_end = (__data_load_start + SIZEOF (.data))

.noinit         0x008001e6        0x4
                0x008001e6                PROVIDE (__noinit_start, .)
 *(.noinit*)
 .noinit        0x008001e6        0x4 obj_gh60_lufa/common/avr/bootloader.o
                0x008001e6                reset_key
                0x008001ea                PROVIDE (__noinit_end, .)
                0x008001ea                _end = .
                0x008001ea                PROVIDE (__heap_start, .)

.eeprom         0x00810000        0x0
 *(.eeprom*)
                0x00810000                __eeprom_end = .

.fuse
 *(.fuse)
 *(.lfuse)
 *(.hfuse)
 *(.efuse)

.lock
 *(.lock*)

.signature
 *(.signature*)

.user_signatures
 *(.user_signatures*)

.stab           0x00000000      0x8b8
 *(.stab)
 .stab          0x00000000      0x8b8 obj_gh60_lufa/common/avr/xprintf.o

.stabstr        0x00000000       0x97
 *(.stabstr)
 .stabstr       0x00000000       0x97 obj_gh60_lufa/common/avr/xprintf.o

.stab.excl
 *(.stab.excl)

.stab.exclstr
 *(.stab.exclstr)

.stab.index
 *(.stab.index)

.stab.indexstr
 *(.stab.indexstr)

.comment        0x00000000       0x11
 *(.comment)
 .comment       0x00000000       0x11 obj_gh60_lufa/keymap_poker.o
                                 0x12 (size before relaxing)
 .comment       0x00000000       0x12 obj_gh60_lufa/keymap_common.o
 .comment       0x00000000       0x12 obj_gh60_lufa/matrix.o
 .comment       0x00000000       0x12 obj_gh60_lufa/led.o
 .comment       0x00000000       0x12 obj_gh60_lufa/protocol/lufa/lufa.o
 .comment       0x00000000       0x12 obj_gh60_lufa/protocol/lufa/descriptor.o
 .comment       0x00000000       0x12 obj_gh60_lufa/protocol/lufa/LUFA-120730/LUFA/Drivers/USB/Core/AVR8/Device_AVR8.o
 .comment       0x00000000       0x12 obj_gh60_lufa/protocol/lufa/LUFA-120730/LUFA/Drivers/USB/Core/AVR8/Endpoint_AVR8.o
 .comment       0x00000000       0x12 obj_gh60_lufa/protocol/lufa/LUFA-120730/LUFA/Drivers/USB/Core/AVR8/Host_AVR8.o
 .comment       0x00000000       0x12 obj_gh60_lufa/protocol/lufa/LUFA-120730/LUFA/Drivers/USB/Core/AVR8/Pipe_AVR8.o
 .comment       0x00000000       0x12 obj_gh60_lufa/protocol/lufa/LUFA-120730/LUFA/Drivers/USB/Core/AVR8/USBController_AVR8.o
 .comment       0x00000000       0x12 obj_gh60_lufa/protocol/lufa/LUFA-120730/LUFA/Drivers/USB/Core/AVR8/USBInterrupt_AVR8.o
 .comment       0x00000000       0x12 obj_gh60_lufa/protocol/lufa/LUFA-120730/LUFA/Drivers/USB/Core/AVR8/EndpointStream_AVR8.o
 .comment       0x00000000       0x12 obj_gh60_lufa/protocol/lufa/LUFA-120730/LUFA/Drivers/USB/Core/AVR8/PipeStream_AVR8.o
 .comment       0x00000000       0x12 obj_gh60_lufa/protocol/lufa/LUFA-120730/LUFA/Drivers/USB/Core/ConfigDescriptors.o
 .comment       0x00000000       0x12 obj_gh60_lufa/protocol/lufa/LUFA-120730/LUFA/Drivers/USB/Core/DeviceStandardReq.o
 .comment       0x00000000       0x12 obj_gh60_lufa/protocol/lufa/LUFA-120730/LUFA/Drivers/USB/Core/Events.o
 .comment       0x00000000       0x12 obj_gh60_lufa/protocol/lufa/LUFA-120730/LUFA/Drivers/USB/Core/HostStandardReq.o
 .comment       0x00000000       0x12 obj_gh60_lufa/protocol/lufa/LUFA-120730/LUFA/Drivers/USB/Core/USBTask.o
 .comment       0x00000000       0x12 obj_gh60_lufa/protocol/lufa/LUFA-120730/LUFA/Drivers/USB/Class/Common/HIDParser.o
 .comment       0x00000000       0x12 obj_gh60_lufa/common/host.o
 .comment       0x00000000       0x12 obj_gh60_lufa/common/keyboard.o
 .comment       0x00000000       0x12 obj_gh60_lufa/common/action.o
 .comment       0x00000000       0x12 obj_gh60_lufa/common/action_tapping.o
 .comment       0x00000000       0x12 obj_gh60_lufa/common/action_macro.o
 .comment       0x00000000       0x12 obj_gh60_lufa/common/action_layer.o
 .comment       0x00000000       0x12 obj_gh60_lufa/common/action_util.o
 .comment       0x00000000       0x12 obj_gh60_lufa/common/keymap.o
 .comment       0x00000000       0x12 obj_gh60_lufa/common/print.o
 .comment       0x00000000       0x12 obj_gh60_lufa/common/debug.o
 .comment       0x00000000       0x12 obj_gh60_lufa/common/util.o
 .comment       0x00000000       0x12 obj_gh60_lufa/common/avr/suspend.o
 .comment       0x00000000       0x12 obj_gh60_lufa/common/avr/timer.o
 .comment       0x00000000       0x12 obj_gh60_lufa/common/avr/bootloader.o
 .comment       0x00000000       0x12 obj_gh60_lufa/common/bootmagic.o
 .comment       0x00000000       0x12 obj_gh60_lufa/common/avr/eeconfig.o
 .comment       0x00000000       0x12 obj_gh60_lufa/common/mousekey.o
 .comment       0x00000000       0x12 obj_gh60_lufa/common/command.o

.debug
 *(.debug)

.line
 *(.line)

.debug_srcinfo
 *(.debug_srcinfo)

.debug_sfnames
 *(.debug_sfnames)

.debug_aranges  0x00000000      0xb30
 *(.debug_aranges)
 .debug_aranges
                0x00000000       0x28 obj_gh60_lufa/keymap_poker.o
 .debug_aranges
                0x00000028       0x38 obj_gh60_lufa/keymap_common.o
 .debug_aranges
                0x00000060       0x78 obj_gh60_lufa/matrix.o
 .debug_aranges
                0x000000d8       0x20 obj_gh60_lufa/led.o
 .debug_aranges
                0x000000f8       0xa0 obj_gh60_lufa/protocol/lufa/lufa.o
 .debug_aranges
                0x00000198       0x20 obj_gh60_lufa/protocol/lufa/descriptor.o
 .debug_aranges
                0x000001b8       0x20 obj_gh60_lufa/protocol/lufa/LUFA-120730/LUFA/Drivers/USB/Core/AVR8/Device_AVR8.o
 .debug_aranges
                0x000001d8       0x40 obj_gh60_lufa/protocol/lufa/LUFA-120730/LUFA/Drivers/USB/Core/AVR8/Endpoint_AVR8.o
 .debug_aranges
                0x00000218       0x18 obj_gh60_lufa/protocol/lufa/LUFA-120730/LUFA/Drivers/USB/Core/AVR8/Host_AVR8.o
 .debug_aranges
                0x00000230       0x18 obj_gh60_lufa/protocol/lufa/LUFA-120730/LUFA/Drivers/USB/Core/AVR8/Pipe_AVR8.o
 .debug_aranges
                0x00000248       0x30 obj_gh60_lufa/protocol/lufa/LUFA-120730/LUFA/Drivers/USB/Core/AVR8/USBController_AVR8.o
 .debug_aranges
                0x00000278       0x38 obj_gh60_lufa/protocol/lufa/LUFA-120730/LUFA/Drivers/USB/Core/AVR8/USBInterrupt_AVR8.o
 .debug_aranges
                0x000002b0       0xc8 obj_gh60_lufa/protocol/lufa/LUFA-120730/LUFA/Drivers/USB/Core/AVR8/EndpointStream_AVR8.o
 .debug_aranges
                0x00000378       0x18 obj_gh60_lufa/protocol/lufa/LUFA-120730/LUFA/Drivers/USB/Core/AVR8/PipeStream_AVR8.o
 .debug_aranges
                0x00000390       0x40 obj_gh60_lufa/protocol/lufa/LUFA-120730/LUFA/Drivers/USB/Core/ConfigDescriptors.o
 .debug_aranges
                0x000003d0       0x20 obj_gh60_lufa/protocol/lufa/LUFA-120730/LUFA/Drivers/USB/Core/DeviceStandardReq.o
 .debug_aranges
                0x000003f0       0x20 obj_gh60_lufa/protocol/lufa/LUFA-120730/LUFA/Drivers/USB/Core/Events.o
 .debug_aranges
                0x00000410       0x20 obj_gh60_lufa/protocol/lufa/LUFA-120730/LUFA/Drivers/USB/Core/USBTask.o
 .debug_aranges
                0x00000430       0x38 obj_gh60_lufa/protocol/lufa/LUFA-120730/LUFA/Drivers/USB/Class/Common/HIDParser.o
 .debug_aranges
                0x00000468       0x60 obj_gh60_lufa/common/host.o
 .debug_aranges
                0x000004c8       0x40 obj_gh60_lufa/common/keyboard.o
 .debug_aranges
                0x00000508       0x88 obj_gh60_lufa/common/action.o
 .debug_aranges
                0x00000590       0x50 obj_gh60_lufa/common/action_tapping.o
 .debug_aranges
                0x000005e0       0x30 obj_gh60_lufa/common/action_macro.o
 .debug_aranges
                0x00000610       0xa0 obj_gh60_lufa/common/action_layer.o
 .debug_aranges
                0x000006b0       0xb0 obj_gh60_lufa/common/action_util.o
 .debug_aranges
                0x00000760       0x48 obj_gh60_lufa/common/keymap.o
 .debug_aranges
                0x000007a8       0x20 obj_gh60_lufa/common/print.o
 .debug_aranges
                0x000007c8       0x18 obj_gh60_lufa/common/debug.o
 .debug_aranges
                0x000007e0       0x60 obj_gh60_lufa/common/util.o
 .debug_aranges
                0x00000840       0x50 obj_gh60_lufa/common/avr/suspend.o
 .debug_aranges
                0x00000890       0x50 obj_gh60_lufa/common/avr/timer.o
 .debug_aranges
                0x000008e0       0x28 obj_gh60_lufa/common/avr/bootloader.o
 .debug_aranges
                0x00000908       0x40 obj_gh60_lufa/common/bootmagic.o
 .debug_aranges
                0x00000948       0x68 obj_gh60_lufa/common/avr/eeconfig.o
 .debug_aranges
                0x000009b0       0x50 obj_gh60_lufa/common/mousekey.o
 .debug_aranges
                0x00000a00       0x70 obj_gh60_lufa/common/command.o
 .debug_aranges
                0x00000a70       0x20 /usr/local/CrossPack-AVR-20131216/lib/gcc/avr/4.8.1/avr5/libgcc.a(_divmodhi4.o)
 .debug_aranges
                0x00000a90       0x20 /usr/local/CrossPack-AVR-20131216/lib/gcc/avr/4.8.1/avr5/libgcc.a(_exit.o)
 .debug_aranges
                0x00000ab0       0x20 /usr/local/CrossPack-AVR-20131216/lib/gcc/avr/4.8.1/avr5/libgcc.a(_tablejump.o)
 .debug_aranges
                0x00000ad0       0x20 /usr/local/CrossPack-AVR-20131216/lib/gcc/avr/4.8.1/avr5/libgcc.a(_copy_data.o)
 .debug_aranges
                0x00000af0       0x20 /usr/local/CrossPack-AVR-20131216/lib/gcc/avr/4.8.1/avr5/libgcc.a(_clear_bss.o)
 .debug_aranges
                0x00000b10       0x20 /usr/local/CrossPack-AVR-20131216/lib/gcc/avr/4.8.1/avr5/libgcc.a(_udivmodhi4.o)

.debug_pubnames
 *(.debug_pubnames)

.debug_info     0x00000000    0x10d99
 *(.debug_info)
 .debug_info    0x00000000      0x704 obj_gh60_lufa/keymap_poker.o
 .debug_info    0x00000704      0x756 obj_gh60_lufa/keymap_common.o
 .debug_info    0x00000e5a      0x5c4 obj_gh60_lufa/matrix.o
 .debug_info    0x0000141e       0x91 obj_gh60_lufa/led.o
 .debug_info    0x000014af     0x14da obj_gh60_lufa/protocol/lufa/lufa.o
 .debug_info    0x00002989      0x814 obj_gh60_lufa/protocol/lufa/descriptor.o
 .debug_info    0x0000319d       0xd2 obj_gh60_lufa/protocol/lufa/LUFA-120730/LUFA/Drivers/USB/Core/AVR8/Device_AVR8.o
 .debug_info    0x0000326f      0x614 obj_gh60_lufa/protocol/lufa/LUFA-120730/LUFA/Drivers/USB/Core/AVR8/Endpoint_AVR8.o
 .debug_info    0x00003883       0x56 obj_gh60_lufa/protocol/lufa/LUFA-120730/LUFA/Drivers/USB/Core/AVR8/Host_AVR8.o
 .debug_info    0x000038d9       0x56 obj_gh60_lufa/protocol/lufa/LUFA-120730/LUFA/Drivers/USB/Core/AVR8/Pipe_AVR8.o
 .debug_info    0x0000392f      0x4bd obj_gh60_lufa/protocol/lufa/LUFA-120730/LUFA/Drivers/USB/Core/AVR8/USBController_AVR8.o
 .debug_info    0x00003dec      0x7c4 obj_gh60_lufa/protocol/lufa/LUFA-120730/LUFA/Drivers/USB/Core/AVR8/USBInterrupt_AVR8.o
 .debug_info    0x000045b0     0x175a obj_gh60_lufa/protocol/lufa/LUFA-120730/LUFA/Drivers/USB/Core/AVR8/EndpointStream_AVR8.o
 .debug_info    0x00005d0a       0x56 obj_gh60_lufa/protocol/lufa/LUFA-120730/LUFA/Drivers/USB/Core/AVR8/PipeStream_AVR8.o
 .debug_info    0x00005d60      0x3c9 obj_gh60_lufa/protocol/lufa/LUFA-120730/LUFA/Drivers/USB/Core/ConfigDescriptors.o
 .debug_info    0x00006129      0xa86 obj_gh60_lufa/protocol/lufa/LUFA-120730/LUFA/Drivers/USB/Core/DeviceStandardReq.o
 .debug_info    0x00006baf       0x78 obj_gh60_lufa/protocol/lufa/LUFA-120730/LUFA/Drivers/USB/Core/Events.o
 .debug_info    0x00006c27      0x26d obj_gh60_lufa/protocol/lufa/LUFA-120730/LUFA/Drivers/USB/Core/USBTask.o
 .debug_info    0x00006e94      0x73c obj_gh60_lufa/protocol/lufa/LUFA-120730/LUFA/Drivers/USB/Class/Common/HIDParser.o
 .debug_info    0x000075d0      0x546 obj_gh60_lufa/common/host.o
 .debug_info    0x00007b16      0x531 obj_gh60_lufa/common/keyboard.o
 .debug_info    0x00008047     0x15e7 obj_gh60_lufa/common/action.o
 .debug_info    0x0000962e      0xe5a obj_gh60_lufa/common/action_tapping.o
 .debug_info    0x0000a488      0x821 obj_gh60_lufa/common/action_macro.o
 .debug_info    0x0000aca9      0x850 obj_gh60_lufa/common/action_layer.o
 .debug_info    0x0000b4f9      0x70c obj_gh60_lufa/common/action_util.o
 .debug_info    0x0000bc05      0xdc4 obj_gh60_lufa/common/keymap.o
 .debug_info    0x0000c9c9       0xda obj_gh60_lufa/common/print.o
 .debug_info    0x0000caa3       0xfc obj_gh60_lufa/common/debug.o
 .debug_info    0x0000cb9f      0x29b obj_gh60_lufa/common/util.o
 .debug_info    0x0000ce3a      0x275 obj_gh60_lufa/common/avr/suspend.o
 .debug_info    0x0000d0af      0x204 obj_gh60_lufa/common/avr/timer.o
 .debug_info    0x0000d2b3      0x18a obj_gh60_lufa/common/avr/bootloader.o
 .debug_info    0x0000d43d      0xc03 obj_gh60_lufa/common/bootmagic.o
 .debug_info    0x0000e040      0x3cf obj_gh60_lufa/common/avr/eeconfig.o
 .debug_info    0x0000e40f      0x7bf obj_gh60_lufa/common/mousekey.o
 .debug_info    0x0000ebce     0x1d57 obj_gh60_lufa/common/command.o
 .debug_info    0x00010925       0xbe /usr/local/CrossPack-AVR-20131216/lib/gcc/avr/4.8.1/avr5/libgcc.a(_divmodhi4.o)
 .debug_info    0x000109e3       0xbe /usr/local/CrossPack-AVR-20131216/lib/gcc/avr/4.8.1/avr5/libgcc.a(_exit.o)
 .debug_info    0x00010aa1       0xbe /usr/local/CrossPack-AVR-20131216/lib/gcc/avr/4.8.1/avr5/libgcc.a(_tablejump.o)
 .debug_info    0x00010b5f       0xbe /usr/local/CrossPack-AVR-20131216/lib/gcc/avr/4.8.1/avr5/libgcc.a(_copy_data.o)
 .debug_info    0x00010c1d       0xbe /usr/local/CrossPack-AVR-20131216/lib/gcc/avr/4.8.1/avr5/libgcc.a(_clear_bss.o)
 .debug_info    0x00010cdb       0xbe /usr/local/CrossPack-AVR-20131216/lib/gcc/avr/4.8.1/avr5/libgcc.a(_udivmodhi4.o)
 *(.gnu.linkonce.wi.*)

.debug_abbrev   0x00000000     0x3fdc
 *(.debug_abbrev)
 .debug_abbrev  0x00000000       0xee obj_gh60_lufa/keymap_poker.o
 .debug_abbrev  0x000000ee      0x1a1 obj_gh60_lufa/keymap_common.o
 .debug_abbrev  0x0000028f      0x317 obj_gh60_lufa/matrix.o
 .debug_abbrev  0x000005a6       0x60 obj_gh60_lufa/led.o
 .debug_abbrev  0x00000606      0x4af obj_gh60_lufa/protocol/lufa/lufa.o
 .debug_abbrev  0x00000ab5      0x177 obj_gh60_lufa/protocol/lufa/descriptor.o
 .debug_abbrev  0x00000c2c       0x80 obj_gh60_lufa/protocol/lufa/LUFA-120730/LUFA/Drivers/USB/Core/AVR8/Device_AVR8.o
 .debug_abbrev  0x00000cac      0x222 obj_gh60_lufa/protocol/lufa/LUFA-120730/LUFA/Drivers/USB/Core/AVR8/Endpoint_AVR8.o
 .debug_abbrev  0x00000ece       0x26 obj_gh60_lufa/protocol/lufa/LUFA-120730/LUFA/Drivers/USB/Core/AVR8/Host_AVR8.o
 .debug_abbrev  0x00000ef4       0x26 obj_gh60_lufa/protocol/lufa/LUFA-120730/LUFA/Drivers/USB/Core/AVR8/Pipe_AVR8.o
 .debug_abbrev  0x00000f1a      0x1a5 obj_gh60_lufa/protocol/lufa/LUFA-120730/LUFA/Drivers/USB/Core/AVR8/USBController_AVR8.o
 .debug_abbrev  0x000010bf      0x234 obj_gh60_lufa/protocol/lufa/LUFA-120730/LUFA/Drivers/USB/Core/AVR8/USBInterrupt_AVR8.o
 .debug_abbrev  0x000012f3      0x213 obj_gh60_lufa/protocol/lufa/LUFA-120730/LUFA/Drivers/USB/Core/AVR8/EndpointStream_AVR8.o
 .debug_abbrev  0x00001506       0x26 obj_gh60_lufa/protocol/lufa/LUFA-120730/LUFA/Drivers/USB/Core/AVR8/PipeStream_AVR8.o
 .debug_abbrev  0x0000152c      0x176 obj_gh60_lufa/protocol/lufa/LUFA-120730/LUFA/Drivers/USB/Core/ConfigDescriptors.o
 .debug_abbrev  0x000016a2      0x2af obj_gh60_lufa/protocol/lufa/LUFA-120730/LUFA/Drivers/USB/Core/DeviceStandardReq.o
 .debug_abbrev  0x00001951       0x44 obj_gh60_lufa/protocol/lufa/LUFA-120730/LUFA/Drivers/USB/Core/Events.o
 .debug_abbrev  0x00001995      0x16d obj_gh60_lufa/protocol/lufa/LUFA-120730/LUFA/Drivers/USB/Core/USBTask.o
 .debug_abbrev  0x00001b02      0x21e obj_gh60_lufa/protocol/lufa/LUFA-120730/LUFA/Drivers/USB/Class/Common/HIDParser.o
 .debug_abbrev  0x00001d20      0x229 obj_gh60_lufa/common/host.o
 .debug_abbrev  0x00001f49      0x21b obj_gh60_lufa/common/keyboard.o
 .debug_abbrev  0x00002164      0x2e4 obj_gh60_lufa/common/action.o
 .debug_abbrev  0x00002448      0x307 obj_gh60_lufa/common/action_tapping.o
 .debug_abbrev  0x0000274f      0x191 obj_gh60_lufa/common/action_macro.o
 .debug_abbrev  0x000028e0      0x213 obj_gh60_lufa/common/action_layer.o
 .debug_abbrev  0x00002af3      0x31c obj_gh60_lufa/common/action_util.o
 .debug_abbrev  0x00002e0f      0x231 obj_gh60_lufa/common/keymap.o
 .debug_abbrev  0x00003040       0x97 obj_gh60_lufa/common/print.o
 .debug_abbrev  0x000030d7       0x87 obj_gh60_lufa/common/debug.o
 .debug_abbrev  0x0000315e       0xcb obj_gh60_lufa/common/util.o
 .debug_abbrev  0x00003229      0x1ab obj_gh60_lufa/common/avr/suspend.o
 .debug_abbrev  0x000033d4      0x11e obj_gh60_lufa/common/avr/timer.o
 .debug_abbrev  0x000034f2      0x115 obj_gh60_lufa/common/avr/bootloader.o
 .debug_abbrev  0x00003607      0x291 obj_gh60_lufa/common/bootmagic.o
 .debug_abbrev  0x00003898       0xef obj_gh60_lufa/common/avr/eeconfig.o
 .debug_abbrev  0x00003987      0x204 obj_gh60_lufa/common/mousekey.o
 .debug_abbrev  0x00003b8b      0x3d9 obj_gh60_lufa/common/command.o
 .debug_abbrev  0x00003f64       0x14 /usr/local/CrossPack-AVR-20131216/lib/gcc/avr/4.8.1/avr5/libgcc.a(_divmodhi4.o)
 .debug_abbrev  0x00003f78       0x14 /usr/local/CrossPack-AVR-20131216/lib/gcc/avr/4.8.1/avr5/libgcc.a(_exit.o)
 .debug_abbrev  0x00003f8c       0x14 /usr/local/CrossPack-AVR-20131216/lib/gcc/avr/4.8.1/avr5/libgcc.a(_tablejump.o)
 .debug_abbrev  0x00003fa0       0x14 /usr/local/CrossPack-AVR-20131216/lib/gcc/avr/4.8.1/avr5/libgcc.a(_copy_data.o)
 .debug_abbrev  0x00003fb4       0x14 /usr/local/CrossPack-AVR-20131216/lib/gcc/avr/4.8.1/avr5/libgcc.a(_clear_bss.o)
 .debug_abbrev  0x00003fc8       0x14 /usr/local/CrossPack-AVR-20131216/lib/gcc/avr/4.8.1/avr5/libgcc.a(_udivmodhi4.o)

.debug_line     0x00000000     0x5855
 *(.debug_line)
 .debug_line    0x00000000      0x10e obj_gh60_lufa/keymap_poker.o
 .debug_line    0x0000010e      0x148 obj_gh60_lufa/keymap_common.o
 .debug_line    0x00000256      0x29a obj_gh60_lufa/matrix.o
 .debug_line    0x000004f0       0x71 obj_gh60_lufa/led.o
 .debug_line    0x00000561      0x752 obj_gh60_lufa/protocol/lufa/lufa.o
 .debug_line    0x00000cb3      0x1eb obj_gh60_lufa/protocol/lufa/descriptor.o
 .debug_line    0x00000e9e      0x135 obj_gh60_lufa/protocol/lufa/LUFA-120730/LUFA/Drivers/USB/Core/AVR8/Device_AVR8.o
 .debug_line    0x00000fd3      0x3dc obj_gh60_lufa/protocol/lufa/LUFA-120730/LUFA/Drivers/USB/Core/AVR8/Endpoint_AVR8.o
 .debug_line    0x000013af       0x1a obj_gh60_lufa/protocol/lufa/LUFA-120730/LUFA/Drivers/USB/Core/AVR8/Host_AVR8.o
 .debug_line    0x000013c9       0x1a obj_gh60_lufa/protocol/lufa/LUFA-120730/LUFA/Drivers/USB/Core/AVR8/Pipe_AVR8.o
 .debug_line    0x000013e3      0x29b obj_gh60_lufa/protocol/lufa/LUFA-120730/LUFA/Drivers/USB/Core/AVR8/USBController_AVR8.o
 .debug_line    0x0000167e      0x4b5 obj_gh60_lufa/protocol/lufa/LUFA-120730/LUFA/Drivers/USB/Core/AVR8/USBInterrupt_AVR8.o
 .debug_line    0x00001b33      0xc2d obj_gh60_lufa/protocol/lufa/LUFA-120730/LUFA/Drivers/USB/Core/AVR8/EndpointStream_AVR8.o
 .debug_line    0x00002760       0x1a obj_gh60_lufa/protocol/lufa/LUFA-120730/LUFA/Drivers/USB/Core/AVR8/PipeStream_AVR8.o
 .debug_line    0x0000277a      0x18c obj_gh60_lufa/protocol/lufa/LUFA-120730/LUFA/Drivers/USB/Core/ConfigDescriptors.o
 .debug_line    0x00002906      0x399 obj_gh60_lufa/protocol/lufa/LUFA-120730/LUFA/Drivers/USB/Core/DeviceStandardReq.o
 .debug_line    0x00002c9f       0x6b obj_gh60_lufa/protocol/lufa/LUFA-120730/LUFA/Drivers/USB/Core/Events.o
 .debug_line    0x00002d0a        0x0 obj_gh60_lufa/protocol/lufa/LUFA-120730/LUFA/Drivers/USB/Core/HostStandardReq.o
 .debug_line    0x00002d0a      0x19a obj_gh60_lufa/protocol/lufa/LUFA-120730/LUFA/Drivers/USB/Core/USBTask.o
 .debug_line    0x00002ea4      0x23e obj_gh60_lufa/protocol/lufa/LUFA-120730/LUFA/Drivers/USB/Class/Common/HIDParser.o
 .debug_line    0x000030e2      0x1c2 obj_gh60_lufa/common/host.o
 .debug_line    0x000032a4      0x1f2 obj_gh60_lufa/common/keyboard.o
 .debug_line    0x00003496      0x498 obj_gh60_lufa/common/action.o
 .debug_line    0x0000392e      0x298 obj_gh60_lufa/common/action_tapping.o
 .debug_line    0x00003bc6      0x1ae obj_gh60_lufa/common/action_macro.o
 .debug_line    0x00003d74      0x22a obj_gh60_lufa/common/action_layer.o
 .debug_line    0x00003f9e      0x288 obj_gh60_lufa/common/action_util.o
 .debug_line    0x00004226      0x215 obj_gh60_lufa/common/keymap.o
 .debug_line    0x0000443b       0x9a obj_gh60_lufa/common/print.o
 .debug_line    0x000044d5       0x77 obj_gh60_lufa/common/debug.o
 .debug_line    0x0000454c      0x18c obj_gh60_lufa/common/util.o
 .debug_line    0x000046d8      0x1d5 obj_gh60_lufa/common/avr/suspend.o
 .debug_line    0x000048ad      0x11b obj_gh60_lufa/common/avr/timer.o
 .debug_line    0x000049c8      0x183 obj_gh60_lufa/common/avr/bootloader.o
 .debug_line    0x00004b4b      0x26f obj_gh60_lufa/common/bootmagic.o
 .debug_line    0x00004dba      0x154 obj_gh60_lufa/common/avr/eeconfig.o
 .debug_line    0x00004f0e      0x310 obj_gh60_lufa/common/mousekey.o
 .debug_line    0x0000521e      0x3f1 obj_gh60_lufa/common/command.o
 .debug_line    0x0000560f       0x69 /usr/local/CrossPack-AVR-20131216/lib/gcc/avr/4.8.1/avr5/libgcc.a(_divmodhi4.o)
 .debug_line    0x00005678       0x58 /usr/local/CrossPack-AVR-20131216/lib/gcc/avr/4.8.1/avr5/libgcc.a(_exit.o)
 .debug_line    0x000056d0       0x5c /usr/local/CrossPack-AVR-20131216/lib/gcc/avr/4.8.1/avr5/libgcc.a(_tablejump.o)
 .debug_line    0x0000572c       0x61 /usr/local/CrossPack-AVR-20131216/lib/gcc/avr/4.8.1/avr5/libgcc.a(_copy_data.o)
 .debug_line    0x0000578d       0x5e /usr/local/CrossPack-AVR-20131216/lib/gcc/avr/4.8.1/avr5/libgcc.a(_clear_bss.o)
 .debug_line    0x000057eb       0x6a /usr/local/CrossPack-AVR-20131216/lib/gcc/avr/4.8.1/avr5/libgcc.a(_udivmodhi4.o)

.debug_frame    0x00000000     0x1d00
 *(.debug_frame)
 .debug_frame   0x00000000       0x34 obj_gh60_lufa/keymap_poker.o
 .debug_frame   0x00000034       0x54 obj_gh60_lufa/keymap_common.o
 .debug_frame   0x00000088      0x164 obj_gh60_lufa/matrix.o
 .debug_frame   0x000001ec       0x24 obj_gh60_lufa/led.o
 .debug_frame   0x00000210      0x158 obj_gh60_lufa/protocol/lufa/lufa.o
 .debug_frame   0x00000368       0x24 obj_gh60_lufa/protocol/lufa/descriptor.o
 .debug_frame   0x0000038c       0x24 obj_gh60_lufa/protocol/lufa/LUFA-120730/LUFA/Drivers/USB/Core/AVR8/Device_AVR8.o
 .debug_frame   0x000003b0       0x7c obj_gh60_lufa/protocol/lufa/LUFA-120730/LUFA/Drivers/USB/Core/AVR8/Endpoint_AVR8.o
 .debug_frame   0x0000042c       0x5c obj_gh60_lufa/protocol/lufa/LUFA-120730/LUFA/Drivers/USB/Core/AVR8/USBController_AVR8.o
 .debug_frame   0x00000488      0x104 obj_gh60_lufa/protocol/lufa/LUFA-120730/LUFA/Drivers/USB/Core/AVR8/USBInterrupt_AVR8.o
 .debug_frame   0x0000058c      0x414 obj_gh60_lufa/protocol/lufa/LUFA-120730/LUFA/Drivers/USB/Core/AVR8/EndpointStream_AVR8.o
 .debug_frame   0x000009a0      0x124 obj_gh60_lufa/protocol/lufa/LUFA-120730/LUFA/Drivers/USB/Core/ConfigDescriptors.o
 .debug_frame   0x00000ac4       0x44 obj_gh60_lufa/protocol/lufa/LUFA-120730/LUFA/Drivers/USB/Core/DeviceStandardReq.o
 .debug_frame   0x00000b08       0x24 obj_gh60_lufa/protocol/lufa/LUFA-120730/LUFA/Drivers/USB/Core/Events.o
 .debug_frame   0x00000b2c       0x2c obj_gh60_lufa/protocol/lufa/LUFA-120730/LUFA/Drivers/USB/Core/USBTask.o
 .debug_frame   0x00000b58      0x134 obj_gh60_lufa/protocol/lufa/LUFA-120730/LUFA/Drivers/USB/Class/Common/HIDParser.o
 .debug_frame   0x00000c8c       0xd4 obj_gh60_lufa/common/host.o
 .debug_frame   0x00000d60       0xdc obj_gh60_lufa/common/keyboard.o
 .debug_frame   0x00000e3c      0x170 obj_gh60_lufa/common/action.o
 .debug_frame   0x00000fac       0xf0 obj_gh60_lufa/common/action_tapping.o
 .debug_frame   0x0000109c       0x68 obj_gh60_lufa/common/action_macro.o
 .debug_frame   0x00001104      0x19c obj_gh60_lufa/common/action_layer.o
 .debug_frame   0x000012a0      0x170 obj_gh60_lufa/common/action_util.o
 .debug_frame   0x00001410       0x74 obj_gh60_lufa/common/keymap.o
 .debug_frame   0x00001484       0x24 obj_gh60_lufa/common/print.o
 .debug_frame   0x000014a8      0x110 obj_gh60_lufa/common/util.o
 .debug_frame   0x000015b8       0xb0 obj_gh60_lufa/common/avr/suspend.o
 .debug_frame   0x00001668       0xf0 obj_gh60_lufa/common/avr/timer.o
 .debug_frame   0x00001758       0x34 obj_gh60_lufa/common/avr/bootloader.o
 .debug_frame   0x0000178c       0xa4 obj_gh60_lufa/common/bootmagic.o
 .debug_frame   0x00001830       0xb4 obj_gh60_lufa/common/avr/eeconfig.o
 .debug_frame   0x000018e4       0xf0 obj_gh60_lufa/common/mousekey.o
 .debug_frame   0x000019d4      0x32c obj_gh60_lufa/common/command.o

.debug_str      0x00000000     0x45e2
 *(.debug_str)
 .debug_str     0x00000000      0x8f6 obj_gh60_lufa/keymap_poker.o
                                0x934 (size before relaxing)
 .debug_str     0x000008f6      0x434 obj_gh60_lufa/keymap_common.o
                                0x6eb (size before relaxing)
 .debug_str     0x00000d2a      0x179 obj_gh60_lufa/matrix.o
                                0x35b (size before relaxing)
 .debug_str     0x00000ea3       0x16 obj_gh60_lufa/led.o
                                0x17b (size before relaxing)
 .debug_str     0x00000eb9      0x7b2 obj_gh60_lufa/protocol/lufa/lufa.o
                                0xa45 (size before relaxing)
 .debug_str     0x0000166b      0x7bc obj_gh60_lufa/protocol/lufa/descriptor.o
                                0x9b5 (size before relaxing)
 .debug_str     0x00001e27       0x75 obj_gh60_lufa/protocol/lufa/LUFA-120730/LUFA/Drivers/USB/Core/AVR8/Device_AVR8.o
                                0x205 (size before relaxing)
 .debug_str     0x00001e9c      0x250 obj_gh60_lufa/protocol/lufa/LUFA-120730/LUFA/Drivers/USB/Core/AVR8/Endpoint_AVR8.o
                                0x627 (size before relaxing)
 .debug_str     0x000020ec       0x47 obj_gh60_lufa/protocol/lufa/LUFA-120730/LUFA/Drivers/USB/Core/AVR8/Host_AVR8.o
                                0x1a4 (size before relaxing)
 .debug_str     0x00002133       0x47 obj_gh60_lufa/protocol/lufa/LUFA-120730/LUFA/Drivers/USB/Core/AVR8/Pipe_AVR8.o
                                0x1a4 (size before relaxing)
 .debug_str     0x0000217a      0x1d7 obj_gh60_lufa/protocol/lufa/LUFA-120730/LUFA/Drivers/USB/Core/AVR8/USBController_AVR8.o
                                0x566 (size before relaxing)
 .debug_str     0x00002351      0x123 obj_gh60_lufa/protocol/lufa/LUFA-120730/LUFA/Drivers/USB/Core/AVR8/USBInterrupt_AVR8.o
                                0x5e5 (size before relaxing)
 .debug_str     0x00002474      0x4cc obj_gh60_lufa/protocol/lufa/LUFA-120730/LUFA/Drivers/USB/Core/AVR8/EndpointStream_AVR8.o
                                0x868 (size before relaxing)
 .debug_str     0x00002940       0x4d obj_gh60_lufa/protocol/lufa/LUFA-120730/LUFA/Drivers/USB/Core/AVR8/PipeStream_AVR8.o
                                0x1aa (size before relaxing)
 .debug_str     0x0000298d      0x241 obj_gh60_lufa/protocol/lufa/LUFA-120730/LUFA/Drivers/USB/Core/ConfigDescriptors.o
                                0x3ed (size before relaxing)
 .debug_str     0x00002bce      0x3e3 obj_gh60_lufa/protocol/lufa/LUFA-120730/LUFA/Drivers/USB/Core/DeviceStandardReq.o
                                0x9bf (size before relaxing)
 .debug_str     0x00002fb1       0x4e obj_gh60_lufa/protocol/lufa/LUFA-120730/LUFA/Drivers/USB/Core/Events.o
                                0x1ab (size before relaxing)
 .debug_str     0x00002fff        0x0 obj_gh60_lufa/protocol/lufa/LUFA-120730/LUFA/Drivers/USB/Core/HostStandardReq.o
 .debug_str     0x00002fff       0x68 obj_gh60_lufa/protocol/lufa/LUFA-120730/LUFA/Drivers/USB/Core/USBTask.o
                                0x38c (size before relaxing)
 .debug_str     0x00003067      0x4ae obj_gh60_lufa/protocol/lufa/LUFA-120730/LUFA/Drivers/USB/Class/Common/HIDParser.o
                                0x6c9 (size before relaxing)
 .debug_str     0x00003515       0xc4 obj_gh60_lufa/common/host.o
                                0x37c (size before relaxing)
 .debug_str     0x000035d9       0xbc obj_gh60_lufa/common/keyboard.o
                                0x3e2 (size before relaxing)
 .debug_str     0x00003695      0x372 obj_gh60_lufa/common/action.o
                               0x10ec (size before relaxing)
 .debug_str     0x00003a07       0xe3 obj_gh60_lufa/common/action_tapping.o
                                0xaf6 (size before relaxing)
 .debug_str     0x00003aea       0x53 obj_gh60_lufa/common/action_macro.o
                                0x883 (size before relaxing)
 .debug_str     0x00003b3d       0x70 obj_gh60_lufa/common/action_layer.o
                                0x40a (size before relaxing)
 .debug_str     0x00003bad       0xf8 obj_gh60_lufa/common/action_util.o
                                0x3e4 (size before relaxing)
 .debug_str     0x00003ca5       0x28 obj_gh60_lufa/common/keymap.o
                                0xe1d (size before relaxing)
 .debug_str     0x00003ccd       0x2d obj_gh60_lufa/common/print.o
                                0x1ac (size before relaxing)
 .debug_str     0x00003cfa       0x15 obj_gh60_lufa/common/debug.o
                                0x1c2 (size before relaxing)
 .debug_str     0x00003d0f       0x3e obj_gh60_lufa/common/util.o
                                0x1d8 (size before relaxing)
 .debug_str     0x00003d4d       0x51 obj_gh60_lufa/common/avr/suspend.o
                                0x331 (size before relaxing)
 .debug_str     0x00003d9e       0x66 obj_gh60_lufa/common/avr/timer.o
                                0x1ff (size before relaxing)
 .debug_str     0x00003e04       0x5d obj_gh60_lufa/common/avr/bootloader.o
                                0x246 (size before relaxing)
 .debug_str     0x00003e61       0xdf obj_gh60_lufa/common/bootmagic.o
                                0xa30 (size before relaxing)
 .debug_str     0x00003f40       0x73 obj_gh60_lufa/common/avr/eeconfig.o
                                0x2a8 (size before relaxing)
 .debug_str     0x00003fb3       0xf4 obj_gh60_lufa/common/mousekey.o
                                0x686 (size before relaxing)
 .debug_str     0x000040a7      0x53b obj_gh60_lufa/common/command.o
                                0xf84 (size before relaxing)

.debug_loc      0x00000000     0x8e63
 *(.debug_loc)
 .debug_loc     0x00000000       0x8d obj_gh60_lufa/keymap_common.o
 .debug_loc     0x0000008d      0x2f1 obj_gh60_lufa/matrix.o
 .debug_loc     0x0000037e      0x69a obj_gh60_lufa/protocol/lufa/lufa.o
 .debug_loc     0x00000a18      0x20a obj_gh60_lufa/protocol/lufa/descriptor.o
 .debug_loc     0x00000c22      0x3f2 obj_gh60_lufa/protocol/lufa/LUFA-120730/LUFA/Drivers/USB/Core/AVR8/Endpoint_AVR8.o
 .debug_loc     0x00001014       0x49 obj_gh60_lufa/protocol/lufa/LUFA-120730/LUFA/Drivers/USB/Core/AVR8/USBController_AVR8.o
 .debug_loc     0x0000105d      0x333 obj_gh60_lufa/protocol/lufa/LUFA-120730/LUFA/Drivers/USB/Core/AVR8/USBInterrupt_AVR8.o
 .debug_loc     0x00001390     0x1dc8 obj_gh60_lufa/protocol/lufa/LUFA-120730/LUFA/Drivers/USB/Core/AVR8/EndpointStream_AVR8.o
 .debug_loc     0x00003158      0x5bd obj_gh60_lufa/protocol/lufa/LUFA-120730/LUFA/Drivers/USB/Core/ConfigDescriptors.o
 .debug_loc     0x00003715      0x2e7 obj_gh60_lufa/protocol/lufa/LUFA-120730/LUFA/Drivers/USB/Core/DeviceStandardReq.o
 .debug_loc     0x000039fc       0x49 obj_gh60_lufa/protocol/lufa/LUFA-120730/LUFA/Drivers/USB/Core/USBTask.o
 .debug_loc     0x00003a45      0xad6 obj_gh60_lufa/protocol/lufa/LUFA-120730/LUFA/Drivers/USB/Class/Common/HIDParser.o
 .debug_loc     0x0000451b      0x1b8 obj_gh60_lufa/common/host.o
 .debug_loc     0x000046d3      0x260 obj_gh60_lufa/common/keyboard.o
 .debug_loc     0x00004933      0xe0a obj_gh60_lufa/common/action.o
 .debug_loc     0x0000573d      0x632 obj_gh60_lufa/common/action_tapping.o
 .debug_loc     0x00005d6f      0x47b obj_gh60_lufa/common/action_macro.o
 .debug_loc     0x000061ea      0x698 obj_gh60_lufa/common/action_layer.o
 .debug_loc     0x00006882      0x3dc obj_gh60_lufa/common/action_util.o
 .debug_loc     0x00006c5e      0x3aa obj_gh60_lufa/common/keymap.o
 .debug_loc     0x00007008      0x503 obj_gh60_lufa/common/util.o
 .debug_loc     0x0000750b       0xc5 obj_gh60_lufa/common/avr/suspend.o
 .debug_loc     0x000075d0      0x20a obj_gh60_lufa/common/avr/timer.o
 .debug_loc     0x000077da      0x289 obj_gh60_lufa/common/bootmagic.o
 .debug_loc     0x00007a63       0x84 obj_gh60_lufa/common/avr/eeconfig.o
 .debug_loc     0x00007ae7      0x574 obj_gh60_lufa/common/mousekey.o
 .debug_loc     0x0000805b      0xe08 obj_gh60_lufa/common/command.o

.debug_macinfo
 *(.debug_macinfo)

.debug_pubtypes
 *(.debug_pubtypes)

.debug_ranges   0x00000000      0xcb0
 *(.debug_ranges)
 .debug_ranges  0x00000000       0x18 obj_gh60_lufa/keymap_poker.o
 .debug_ranges  0x00000018       0x28 obj_gh60_lufa/keymap_common.o
 .debug_ranges  0x00000040       0x68 obj_gh60_lufa/matrix.o
 .debug_ranges  0x000000a8       0x10 obj_gh60_lufa/led.o
 .debug_ranges  0x000000b8       0x90 obj_gh60_lufa/protocol/lufa/lufa.o
 .debug_ranges  0x00000148       0x10 obj_gh60_lufa/protocol/lufa/descriptor.o
 .debug_ranges  0x00000158       0x10 obj_gh60_lufa/protocol/lufa/LUFA-120730/LUFA/Drivers/USB/Core/AVR8/Device_AVR8.o
 .debug_ranges  0x00000168       0x90 obj_gh60_lufa/protocol/lufa/LUFA-120730/LUFA/Drivers/USB/Core/AVR8/Endpoint_AVR8.o
 .debug_ranges  0x000001f8       0x20 obj_gh60_lufa/protocol/lufa/LUFA-120730/LUFA/Drivers/USB/Core/AVR8/USBController_AVR8.o
 .debug_ranges  0x00000218       0x28 obj_gh60_lufa/protocol/lufa/LUFA-120730/LUFA/Drivers/USB/Core/AVR8/USBInterrupt_AVR8.o
 .debug_ranges  0x00000240      0x250 obj_gh60_lufa/protocol/lufa/LUFA-120730/LUFA/Drivers/USB/Core/AVR8/EndpointStream_AVR8.o
 .debug_ranges  0x00000490       0x30 obj_gh60_lufa/protocol/lufa/LUFA-120730/LUFA/Drivers/USB/Core/ConfigDescriptors.o
 .debug_ranges  0x000004c0       0x40 obj_gh60_lufa/protocol/lufa/LUFA-120730/LUFA/Drivers/USB/Core/DeviceStandardReq.o
 .debug_ranges  0x00000500       0x10 obj_gh60_lufa/protocol/lufa/LUFA-120730/LUFA/Drivers/USB/Core/Events.o
 .debug_ranges  0x00000510       0x10 obj_gh60_lufa/protocol/lufa/LUFA-120730/LUFA/Drivers/USB/Core/USBTask.o
 .debug_ranges  0x00000520       0xd0 obj_gh60_lufa/protocol/lufa/LUFA-120730/LUFA/Drivers/USB/Class/Common/HIDParser.o
 .debug_ranges  0x000005f0       0x50 obj_gh60_lufa/common/host.o
 .debug_ranges  0x00000640       0x68 obj_gh60_lufa/common/keyboard.o
 .debug_ranges  0x000006a8      0x100 obj_gh60_lufa/common/action.o
 .debug_ranges  0x000007a8       0x70 obj_gh60_lufa/common/action_tapping.o
 .debug_ranges  0x00000818       0x38 obj_gh60_lufa/common/action_macro.o
 .debug_ranges  0x00000850      0x120 obj_gh60_lufa/common/action_layer.o
 .debug_ranges  0x00000970       0xb8 obj_gh60_lufa/common/action_util.o
 .debug_ranges  0x00000a28       0x38 obj_gh60_lufa/common/keymap.o
 .debug_ranges  0x00000a60       0x10 obj_gh60_lufa/common/print.o
 .debug_ranges  0x00000a70       0x50 obj_gh60_lufa/common/util.o
 .debug_ranges  0x00000ac0       0x58 obj_gh60_lufa/common/avr/suspend.o
 .debug_ranges  0x00000b18       0x40 obj_gh60_lufa/common/avr/timer.o
 .debug_ranges  0x00000b58       0x18 obj_gh60_lufa/common/avr/bootloader.o
 .debug_ranges  0x00000b70       0x48 obj_gh60_lufa/common/bootmagic.o
 .debug_ranges  0x00000bb8       0x58 obj_gh60_lufa/common/avr/eeconfig.o
 .debug_ranges  0x00000c10       0x40 obj_gh60_lufa/common/mousekey.o
 .debug_ranges  0x00000c50       0x60 obj_gh60_lufa/common/command.o

.debug_macro
 *(.debug_macro)
OUTPUT(gh60_lufa.elf elf32-avr)
LOAD linker stubs

Cross Reference Table

Symbol                                            File
CALLBACK_HIDParser_FilterHIDReportItem            obj_gh60_lufa/protocol/lufa/LUFA-120730/LUFA/Drivers/USB/Class/Common/HIDParser.o
CALLBACK_USB_GetDescriptor                        obj_gh60_lufa/protocol/lufa/descriptor.o
                                                  obj_gh60_lufa/protocol/lufa/LUFA-120730/LUFA/Drivers/USB/Core/DeviceStandardReq.o
ConfigurationDescriptor                           obj_gh60_lufa/protocol/lufa/descriptor.o
ConsoleReport                                     obj_gh60_lufa/protocol/lufa/descriptor.o
DeviceDescriptor                                  obj_gh60_lufa/protocol/lufa/descriptor.o
EVENT_USB_Device_ConfigurationChanged             obj_gh60_lufa/protocol/lufa/lufa.o
                                                  obj_gh60_lufa/protocol/lufa/LUFA-120730/LUFA/Drivers/USB/Core/DeviceStandardReq.o
EVENT_USB_Device_Connect                          obj_gh60_lufa/protocol/lufa/lufa.o
                                                  obj_gh60_lufa/protocol/lufa/LUFA-120730/LUFA/Drivers/USB/Core/AVR8/USBInterrupt_AVR8.o
EVENT_USB_Device_ControlRequest                   obj_gh60_lufa/protocol/lufa/lufa.o
                                                  obj_gh60_lufa/protocol/lufa/LUFA-120730/LUFA/Drivers/USB/Core/DeviceStandardReq.o
EVENT_USB_Device_Disconnect                       obj_gh60_lufa/protocol/lufa/lufa.o
                                                  obj_gh60_lufa/protocol/lufa/LUFA-120730/LUFA/Drivers/USB/Core/AVR8/USBInterrupt_AVR8.o
EVENT_USB_Device_Reset                            obj_gh60_lufa/protocol/lufa/lufa.o
                                                  obj_gh60_lufa/protocol/lufa/LUFA-120730/LUFA/Drivers/USB/Core/AVR8/USBInterrupt_AVR8.o
EVENT_USB_Device_StartOfFrame                     obj_gh60_lufa/protocol/lufa/lufa.o
                                                  obj_gh60_lufa/protocol/lufa/LUFA-120730/LUFA/Drivers/USB/Core/AVR8/USBInterrupt_AVR8.o
EVENT_USB_Device_Suspend                          obj_gh60_lufa/protocol/lufa/lufa.o
                                                  obj_gh60_lufa/protocol/lufa/LUFA-120730/LUFA/Drivers/USB/Core/AVR8/USBInterrupt_AVR8.o
EVENT_USB_Device_WakeUp                           obj_gh60_lufa/protocol/lufa/lufa.o
                                                  obj_gh60_lufa/protocol/lufa/LUFA-120730/LUFA/Drivers/USB/Core/AVR8/USBInterrupt_AVR8.o
Endpoint_ClearEndpoints                           obj_gh60_lufa/protocol/lufa/LUFA-120730/LUFA/Drivers/USB/Core/AVR8/Endpoint_AVR8.o
Endpoint_ClearStatusStage                         obj_gh60_lufa/protocol/lufa/LUFA-120730/LUFA/Drivers/USB/Core/AVR8/Endpoint_AVR8.o
                                                  obj_gh60_lufa/protocol/lufa/LUFA-120730/LUFA/Drivers/USB/Core/DeviceStandardReq.o
                                                  obj_gh60_lufa/protocol/lufa/lufa.o
Endpoint_ConfigureEndpointTable                   obj_gh60_lufa/protocol/lufa/LUFA-120730/LUFA/Drivers/USB/Core/AVR8/Endpoint_AVR8.o
Endpoint_ConfigureEndpoint_Prv                    obj_gh60_lufa/protocol/lufa/LUFA-120730/LUFA/Drivers/USB/Core/AVR8/Endpoint_AVR8.o
                                                  obj_gh60_lufa/protocol/lufa/LUFA-120730/LUFA/Drivers/USB/Core/AVR8/USBInterrupt_AVR8.o
                                                  obj_gh60_lufa/protocol/lufa/LUFA-120730/LUFA/Drivers/USB/Core/AVR8/USBController_AVR8.o
                                                  obj_gh60_lufa/protocol/lufa/lufa.o
Endpoint_Discard_Stream                           obj_gh60_lufa/protocol/lufa/LUFA-120730/LUFA/Drivers/USB/Core/AVR8/EndpointStream_AVR8.o
Endpoint_Null_Stream                              obj_gh60_lufa/protocol/lufa/LUFA-120730/LUFA/Drivers/USB/Core/AVR8/EndpointStream_AVR8.o
Endpoint_Read_Control_EStream_BE                  obj_gh60_lufa/protocol/lufa/LUFA-120730/LUFA/Drivers/USB/Core/AVR8/EndpointStream_AVR8.o
Endpoint_Read_Control_EStream_LE                  obj_gh60_lufa/protocol/lufa/LUFA-120730/LUFA/Drivers/USB/Core/AVR8/EndpointStream_AVR8.o
Endpoint_Read_Control_Stream_BE                   obj_gh60_lufa/protocol/lufa/LUFA-120730/LUFA/Drivers/USB/Core/AVR8/EndpointStream_AVR8.o
Endpoint_Read_Control_Stream_LE                   obj_gh60_lufa/protocol/lufa/LUFA-120730/LUFA/Drivers/USB/Core/AVR8/EndpointStream_AVR8.o
Endpoint_Read_EStream_BE                          obj_gh60_lufa/protocol/lufa/LUFA-120730/LUFA/Drivers/USB/Core/AVR8/EndpointStream_AVR8.o
Endpoint_Read_EStream_LE                          obj_gh60_lufa/protocol/lufa/LUFA-120730/LUFA/Drivers/USB/Core/AVR8/EndpointStream_AVR8.o
Endpoint_Read_Stream_BE                           obj_gh60_lufa/protocol/lufa/LUFA-120730/LUFA/Drivers/USB/Core/AVR8/EndpointStream_AVR8.o
Endpoint_Read_Stream_LE                           obj_gh60_lufa/protocol/lufa/LUFA-120730/LUFA/Drivers/USB/Core/AVR8/EndpointStream_AVR8.o
Endpoint_WaitUntilReady                           obj_gh60_lufa/protocol/lufa/LUFA-120730/LUFA/Drivers/USB/Core/AVR8/Endpoint_AVR8.o
                                                  obj_gh60_lufa/protocol/lufa/LUFA-120730/LUFA/Drivers/USB/Core/AVR8/EndpointStream_AVR8.o
Endpoint_Write_Control_EStream_BE                 obj_gh60_lufa/protocol/lufa/LUFA-120730/LUFA/Drivers/USB/Core/AVR8/EndpointStream_AVR8.o
Endpoint_Write_Control_EStream_LE                 obj_gh60_lufa/protocol/lufa/LUFA-120730/LUFA/Drivers/USB/Core/AVR8/EndpointStream_AVR8.o
Endpoint_Write_Control_PStream_BE                 obj_gh60_lufa/protocol/lufa/LUFA-120730/LUFA/Drivers/USB/Core/AVR8/EndpointStream_AVR8.o
Endpoint_Write_Control_PStream_LE                 obj_gh60_lufa/protocol/lufa/LUFA-120730/LUFA/Drivers/USB/Core/AVR8/EndpointStream_AVR8.o
                                                  obj_gh60_lufa/protocol/lufa/LUFA-120730/LUFA/Drivers/USB/Core/DeviceStandardReq.o
Endpoint_Write_Control_Stream_BE                  obj_gh60_lufa/protocol/lufa/LUFA-120730/LUFA/Drivers/USB/Core/AVR8/EndpointStream_AVR8.o
Endpoint_Write_Control_Stream_LE                  obj_gh60_lufa/protocol/lufa/LUFA-120730/LUFA/Drivers/USB/Core/AVR8/EndpointStream_AVR8.o
                                                  obj_gh60_lufa/protocol/lufa/LUFA-120730/LUFA/Drivers/USB/Core/DeviceStandardReq.o
                                                  obj_gh60_lufa/protocol/lufa/lufa.o
Endpoint_Write_EStream_BE                         obj_gh60_lufa/protocol/lufa/LUFA-120730/LUFA/Drivers/USB/Core/AVR8/EndpointStream_AVR8.o
Endpoint_Write_EStream_LE                         obj_gh60_lufa/protocol/lufa/LUFA-120730/LUFA/Drivers/USB/Core/AVR8/EndpointStream_AVR8.o
Endpoint_Write_PStream_BE                         obj_gh60_lufa/protocol/lufa/LUFA-120730/LUFA/Drivers/USB/Core/AVR8/EndpointStream_AVR8.o
Endpoint_Write_PStream_LE                         obj_gh60_lufa/protocol/lufa/LUFA-120730/LUFA/Drivers/USB/Core/AVR8/EndpointStream_AVR8.o
Endpoint_Write_Stream_BE                          obj_gh60_lufa/protocol/lufa/LUFA-120730/LUFA/Drivers/USB/Core/AVR8/EndpointStream_AVR8.o
Endpoint_Write_Stream_LE                          obj_gh60_lufa/protocol/lufa/LUFA-120730/LUFA/Drivers/USB/Core/AVR8/EndpointStream_AVR8.o
                                                  obj_gh60_lufa/protocol/lufa/lufa.o
ExtrakeyReport                                    obj_gh60_lufa/protocol/lufa/descriptor.o
KeyboardReport                                    obj_gh60_lufa/protocol/lufa/descriptor.o
LanguageString                                    obj_gh60_lufa/protocol/lufa/descriptor.o
ManufacturerString                                obj_gh60_lufa/protocol/lufa/descriptor.o
MouseReport                                       obj_gh60_lufa/protocol/lufa/descriptor.o
NKROReport                                        obj_gh60_lufa/protocol/lufa/descriptor.o
ProductString                                     obj_gh60_lufa/protocol/lufa/descriptor.o
USB_ControlRequest                                obj_gh60_lufa/protocol/lufa/LUFA-120730/LUFA/Drivers/USB/Core/USBTask.o
                                                  obj_gh60_lufa/protocol/lufa/LUFA-120730/LUFA/Drivers/USB/Core/DeviceStandardReq.o
                                                  obj_gh60_lufa/protocol/lufa/LUFA-120730/LUFA/Drivers/USB/Core/AVR8/EndpointStream_AVR8.o
                                                  obj_gh60_lufa/protocol/lufa/LUFA-120730/LUFA/Drivers/USB/Core/AVR8/Endpoint_AVR8.o
                                                  obj_gh60_lufa/protocol/lufa/lufa.o
USB_DeviceState                                   obj_gh60_lufa/common/avr/suspend.o
                                                  obj_gh60_lufa/protocol/lufa/LUFA-120730/LUFA/Drivers/USB/Core/USBTask.o
                                                  obj_gh60_lufa/protocol/lufa/LUFA-120730/LUFA/Drivers/USB/Core/DeviceStandardReq.o
                                                  obj_gh60_lufa/protocol/lufa/LUFA-120730/LUFA/Drivers/USB/Core/AVR8/EndpointStream_AVR8.o
                                                  obj_gh60_lufa/protocol/lufa/LUFA-120730/LUFA/Drivers/USB/Core/AVR8/USBInterrupt_AVR8.o
                                                  obj_gh60_lufa/protocol/lufa/LUFA-120730/LUFA/Drivers/USB/Core/AVR8/USBController_AVR8.o
                                                  obj_gh60_lufa/protocol/lufa/LUFA-120730/LUFA/Drivers/USB/Core/AVR8/Endpoint_AVR8.o
                                                  obj_gh60_lufa/protocol/lufa/lufa.o
USB_Device_ConfigurationNumber                    obj_gh60_lufa/protocol/lufa/LUFA-120730/LUFA/Drivers/USB/Core/DeviceStandardReq.o
                                                  obj_gh60_lufa/protocol/lufa/LUFA-120730/LUFA/Drivers/USB/Core/AVR8/USBInterrupt_AVR8.o
                                                  obj_gh60_lufa/protocol/lufa/LUFA-120730/LUFA/Drivers/USB/Core/AVR8/USBController_AVR8.o
USB_Device_CurrentlySelfPowered                   obj_gh60_lufa/protocol/lufa/LUFA-120730/LUFA/Drivers/USB/Core/DeviceStandardReq.o
                                                  obj_gh60_lufa/protocol/lufa/LUFA-120730/LUFA/Drivers/USB/Core/AVR8/USBController_AVR8.o
USB_Device_ProcessControlRequest                  obj_gh60_lufa/protocol/lufa/LUFA-120730/LUFA/Drivers/USB/Core/DeviceStandardReq.o
                                                  obj_gh60_lufa/protocol/lufa/LUFA-120730/LUFA/Drivers/USB/Core/USBTask.o
                                                  obj_gh60_lufa/protocol/lufa/LUFA-120730/LUFA/Drivers/USB/Core/AVR8/USBInterrupt_AVR8.o
USB_Device_RemoteWakeupEnabled                    obj_gh60_lufa/protocol/lufa/LUFA-120730/LUFA/Drivers/USB/Core/DeviceStandardReq.o
                                                  obj_gh60_lufa/protocol/lufa/LUFA-120730/LUFA/Drivers/USB/Core/AVR8/USBController_AVR8.o
                                                  obj_gh60_lufa/protocol/lufa/lufa.o
USB_Device_SendRemoteWakeup                       obj_gh60_lufa/protocol/lufa/LUFA-120730/LUFA/Drivers/USB/Core/AVR8/Device_AVR8.o
                                                  obj_gh60_lufa/protocol/lufa/lufa.o
USB_Disable                                       obj_gh60_lufa/protocol/lufa/LUFA-120730/LUFA/Drivers/USB/Core/AVR8/USBController_AVR8.o
                                                  obj_gh60_lufa/common/avr/bootloader.o
                                                  obj_gh60_lufa/protocol/lufa/lufa.o
USB_Event_Stub                                    obj_gh60_lufa/protocol/lufa/LUFA-120730/LUFA/Drivers/USB/Core/Events.o
USB_GetHIDReportItemInfo                          obj_gh60_lufa/protocol/lufa/LUFA-120730/LUFA/Drivers/USB/Class/Common/HIDParser.o
USB_GetHIDReportSize                              obj_gh60_lufa/protocol/lufa/LUFA-120730/LUFA/Drivers/USB/Class/Common/HIDParser.o
USB_GetNextDescriptorComp                         obj_gh60_lufa/protocol/lufa/LUFA-120730/LUFA/Drivers/USB/Core/ConfigDescriptors.o
USB_GetNextDescriptorOfType                       obj_gh60_lufa/protocol/lufa/LUFA-120730/LUFA/Drivers/USB/Core/ConfigDescriptors.o
USB_GetNextDescriptorOfTypeAfter                  obj_gh60_lufa/protocol/lufa/LUFA-120730/LUFA/Drivers/USB/Core/ConfigDescriptors.o