Archive member included because of file (symbol)

/usr/local/CrossPack-AVR-20131216/lib/gcc/avr/4.8.1/../../../../avr/lib/avr5/libm.a(fixsfsi.o)
                              obj_gh60_lufa/common/mousekey.o (__fixsfsi)
/usr/local/CrossPack-AVR-20131216/lib/gcc/avr/4.8.1/../../../../avr/lib/avr5/libm.a(fixunssfsi.o)
                              /usr/local/CrossPack-AVR-20131216/lib/gcc/avr/4.8.1/../../../../avr/lib/avr5/libm.a(fixsfsi.o) (__fixunssfsi)
/usr/local/CrossPack-AVR-20131216/lib/gcc/avr/4.8.1/../../../../avr/lib/avr5/libm.a(floatsisf.o)
                              obj_gh60_lufa/common/mousekey.o (__floatsisf)
/usr/local/CrossPack-AVR-20131216/lib/gcc/avr/4.8.1/../../../../avr/lib/avr5/libm.a(fp_split3.o)
                              /usr/local/CrossPack-AVR-20131216/lib/gcc/avr/4.8.1/../../../../avr/lib/avr5/libm.a(fixunssfsi.o) (__fp_splitA)
/usr/local/CrossPack-AVR-20131216/lib/gcc/avr/4.8.1/../../../../avr/lib/avr5/libm.a(fp_zero.o)
                              /usr/local/CrossPack-AVR-20131216/lib/gcc/avr/4.8.1/../../../../avr/lib/avr5/libm.a(fixunssfsi.o) (__fp_zero)
/usr/local/CrossPack-AVR-20131216/lib/gcc/avr/4.8.1/../../../../avr/lib/avr5/libm.a(mulsf3.o)
                              obj_gh60_lufa/common/mousekey.o (__mulsf3)
/usr/local/CrossPack-AVR-20131216/lib/gcc/avr/4.8.1/../../../../avr/lib/avr5/libm.a(mulsf3x.o)
                              /usr/local/CrossPack-AVR-20131216/lib/gcc/avr/4.8.1/../../../../avr/lib/avr5/libm.a(mulsf3.o) (__mulsf3x)
/usr/local/CrossPack-AVR-20131216/lib/gcc/avr/4.8.1/../../../../avr/lib/avr5/libm.a(fp_inf.o)
                              /usr/local/CrossPack-AVR-20131216/lib/gcc/avr/4.8.1/../../../../avr/lib/avr5/libm.a(mulsf3x.o) (__fp_inf)
/usr/local/CrossPack-AVR-20131216/lib/gcc/avr/4.8.1/../../../../avr/lib/avr5/libm.a(fp_nan.o)
                              /usr/local/CrossPack-AVR-20131216/lib/gcc/avr/4.8.1/../../../../avr/lib/avr5/libm.a(mulsf3x.o) (__fp_nan)
/usr/local/CrossPack-AVR-20131216/lib/gcc/avr/4.8.1/../../../../avr/lib/avr5/libm.a(fp_pscA.o)
                              /usr/local/CrossPack-AVR-20131216/lib/gcc/avr/4.8.1/../../../../avr/lib/avr5/libm.a(mulsf3x.o) (__fp_pscA)
/usr/local/CrossPack-AVR-20131216/lib/gcc/avr/4.8.1/../../../../avr/lib/avr5/libm.a(fp_pscB.o)
                              /usr/local/CrossPack-AVR-20131216/lib/gcc/avr/4.8.1/../../../../avr/lib/avr5/libm.a(mulsf3x.o) (__fp_pscB)
/usr/local/CrossPack-AVR-20131216/lib/gcc/avr/4.8.1/../../../../avr/lib/avr5/libm.a(fp_round.o)
                              /usr/local/CrossPack-AVR-20131216/lib/gcc/avr/4.8.1/../../../../avr/lib/avr5/libm.a(mulsf3.o) (__fp_round)
/usr/local/CrossPack-AVR-20131216/lib/gcc/avr/4.8.1/avr5/libgcc.a(_divmodhi4.o)
                              obj_gh60_lufa/common/mousekey.o (__divmodhi4)
/usr/local/CrossPack-AVR-20131216/lib/gcc/avr/4.8.1/avr5/libgcc.a(_exit.o)
                              /usr/local/CrossPack-AVR-20131216/lib/gcc/avr/4.8.1/../../../../avr/lib/avr5/crtm32u4.o (exit)
/usr/local/CrossPack-AVR-20131216/lib/gcc/avr/4.8.1/avr5/libgcc.a(_tablejump.o)
                              obj_gh60_lufa/protocol/lufa/LUFA-120730/LUFA/Drivers/USB/Core/DeviceStandardReq.o (__tablejump2__)
/usr/local/CrossPack-AVR-20131216/lib/gcc/avr/4.8.1/avr5/libgcc.a(_copy_data.o)
                              obj_gh60_lufa/matrix.o (__do_copy_data)
/usr/local/CrossPack-AVR-20131216/lib/gcc/avr/4.8.1/avr5/libgcc.a(_clear_bss.o)
                              obj_gh60_lufa/keymap_poker.o (__do_clear_bss)
/usr/local/CrossPack-AVR-20131216/lib/gcc/avr/4.8.1/avr5/libgcc.a(_udivmodhi4.o)
                              /usr/local/CrossPack-AVR-20131216/lib/gcc/avr/4.8.1/avr5/libgcc.a(_divmodhi4.o) (__udivmodhi4)
/usr/local/CrossPack-AVR-20131216/lib/gcc/avr/4.8.1/../../../../avr/lib/avr5/libc.a(eerd_byte_atmega32u4.o)
                              obj_gh60_lufa/protocol/lufa/LUFA-120730/LUFA/Drivers/USB/Core/AVR8/EndpointStream_AVR8.o (__eerd_byte_m32u4)
/usr/local/CrossPack-AVR-20131216/lib/gcc/avr/4.8.1/../../../../avr/lib/avr5/libc.a(eerd_word_atmega32u4.o)
                              obj_gh60_lufa/common/avr/eeconfig.o (__eerd_word_m32u4)
/usr/local/CrossPack-AVR-20131216/lib/gcc/avr/4.8.1/../../../../avr/lib/avr5/libc.a(eeupd_byte_atmega32u4.o)
                              obj_gh60_lufa/protocol/lufa/LUFA-120730/LUFA/Drivers/USB/Core/AVR8/EndpointStream_AVR8.o (__eeupd_byte_m32u4)
/usr/local/CrossPack-AVR-20131216/lib/gcc/avr/4.8.1/../../../../avr/lib/avr5/libc.a(eewr_byte_atmega32u4.o)
                              obj_gh60_lufa/common/avr/eeconfig.o (__eewr_byte_m32u4)
/usr/local/CrossPack-AVR-20131216/lib/gcc/avr/4.8.1/../../../../avr/lib/avr5/libc.a(eewr_word_atmega32u4.o)
                              obj_gh60_lufa/common/avr/eeconfig.o (__eewr_word_m32u4)
/usr/local/CrossPack-AVR-20131216/lib/gcc/avr/4.8.1/../../../../avr/lib/avr5/libc.a(eerd_block_atmega32u4.o)
[...]
Memory Configuration

Name             Origin             Length             Attributes
text             0x00000000         0x00020000         xr
data             0x00800060         0x0000ffa0         rw !x
eeprom           0x00810000         0x00010000         rw !x
fuse             0x00820000         0x00000400         rw !x
lock             0x00830000         0x00000400         rw !x
signature        0x00840000         0x00000400         rw !x
user_signatures  0x00850000         0x00000400         rw !x
*default*        0x00000000         0xffffffff

Linker script and memory map

Address of section .data set to 0x800100
LOAD /usr/local/CrossPack-AVR-20131216/lib/gcc/avr/4.8.1/../../../../avr/lib/avr5/crtm32u4.o
LOAD obj_gh60_lufa/keymap_poker.o
LOAD obj_gh60_lufa/keymap_common.o
LOAD obj_gh60_lufa/matrix.o
LOAD obj_gh60_lufa/led.o
LOAD obj_gh60_lufa/protocol/lufa/lufa.o
LOAD obj_gh60_lufa/protocol/lufa/descriptor.o
LOAD obj_gh60_lufa/protocol/lufa/LUFA-120730/LUFA/Drivers/USB/Core/AVR8/Device_AVR8.o
LOAD obj_gh60_lufa/protocol/lufa/LUFA-120730/LUFA/Drivers/USB/Core/AVR8/Endpoint_AVR8.o
LOAD obj_gh60_lufa/protocol/lufa/LUFA-120730/LUFA/Drivers/USB/Core/AVR8/Host_AVR8.o
LOAD obj_gh60_lufa/protocol/lufa/LUFA-120730/LUFA/Drivers/USB/Core/AVR8/Pipe_AVR8.o
LOAD obj_gh60_lufa/protocol/lufa/LUFA-120730/LUFA/Drivers/USB/Core/AVR8/USBController_AVR8.o
LOAD obj_gh60_lufa/protocol/lufa/LUFA-120730/LUFA/Drivers/USB/Core/AVR8/USBInterrupt_AVR8.o
LOAD obj_gh60_lufa/protocol/lufa/LUFA-120730/LUFA/Drivers/USB/Core/AVR8/EndpointStream_AVR8.o
LOAD obj_gh60_lufa/protocol/lufa/LUFA-120730/LUFA/Drivers/USB/Core/AVR8/PipeStream_AVR8.o
LOAD obj_gh60_lufa/protocol/lufa/LUFA-120730/LUFA/Drivers/USB/Core/ConfigDescriptors.o
LOAD obj_gh60_lufa/protocol/lufa/LUFA-120730/LUFA/Drivers/USB/Core/DeviceStandardReq.o
LOAD obj_gh60_lufa/protocol/lufa/LUFA-120730/LUFA/Drivers/USB/Core/Events.o
LOAD obj_gh60_lufa/protocol/lufa/LUFA-120730/LUFA/Drivers/USB/Core/HostStandardReq.o
LOAD obj_gh60_lufa/protocol/lufa/LUFA-120730/LUFA/Drivers/USB/Core/USBTask.o
LOAD obj_gh60_lufa/protocol/lufa/LUFA-120730/LUFA/Drivers/USB/Class/Common/HIDParser.o
LOAD obj_gh60_lufa/common/host.o
LOAD obj_gh60_lufa/common/keyboard.o
LOAD obj_gh60_lufa/common/action.o
LOAD obj_gh60_lufa/common/action_tapping.o
LOAD obj_gh60_lufa/common/action_macro.o
LOAD obj_gh60_lufa/common/action_layer.o
LOAD obj_gh60_lufa/common/action_util.o
LOAD obj_gh60_lufa/common/keymap.o
LOAD obj_gh60_lufa/common/print.o
LOAD obj_gh60_lufa/common/debug.o
LOAD obj_gh60_lufa/common/util.o
LOAD obj_gh60_lufa/common/avr/suspend.o
LOAD obj_gh60_lufa/common/avr/xprintf.o
LOAD obj_gh60_lufa/common/avr/timer.o
LOAD obj_gh60_lufa/common/avr/bootloader.o
LOAD obj_gh60_lufa/common/bootmagic.o
LOAD obj_gh60_lufa/common/avr/eeconfig.o
LOAD obj_gh60_lufa/common/mousekey.o
LOAD obj_gh60_lufa/common/command.o
LOAD /usr/local/CrossPack-AVR-20131216/lib/gcc/avr/4.8.1/../../../../avr/lib/avr5/libm.a
START GROUP
LOAD /usr/local/CrossPack-AVR-20131216/lib/gcc/avr/4.8.1/avr5/libgcc.a
LOAD /usr/local/CrossPack-AVR-20131216/lib/gcc/avr/4.8.1/../../../../avr/lib/avr5/libm.a
LOAD /usr/local/CrossPack-AVR-20131216/lib/gcc/avr/4.8.1/../../../../avr/lib/avr5/libc.a
END GROUP

.hash
 *(.hash)

.dynsym
 *(.dynsym)

.dynstr
 *(.dynstr)

.gnu.version
 *(.gnu.version)

.gnu.version_d
 *(.gnu.version_d)

.gnu.version_r
 *(.gnu.version_r)

.rel.init
 *(.rel.init)

.rela.init
 *(.rela.init)

.rel.text
 *(.rel.text)
 *(.rel.text.*)
 *(.rel.gnu.linkonce.t*)

.rela.text
 *(.rela.text)
 *(.rela.text.*)
 *(.rela.gnu.linkonce.t*)

.rel.fini
 *(.rel.fini)

.rela.fini
 *(.rela.fini)

.rel.rodata
 *(.rel.rodata)
 *(.rel.rodata.*)
 *(.rel.gnu.linkonce.r*)

.rela.rodata
 *(.rela.rodata)
 *(.rela.rodata.*)
 *(.rela.gnu.linkonce.r*)

.rel.data
 *(.rel.data)
 *(.rel.data.*)
 *(.rel.gnu.linkonce.d*)

.rela.data
 *(.rela.data)
 *(.rela.data.*)
 *(.rela.gnu.linkonce.d*)

.rel.ctors
 *(.rel.ctors)

.rela.ctors
 *(.rela.ctors)

.rel.dtors
 *(.rel.dtors)

.rela.dtors
 *(.rela.dtors)

.rel.got
 *(.rel.got)

.rela.got
 *(.rela.got)

.rel.bss
 *(.rel.bss)

.rela.bss
 *(.rela.bss)

.rel.plt
 *(.rel.plt)

.rela.plt
 *(.rela.plt)

.text           0x00000000     0x5a92
 *(.vectors)
 .vectors       0x00000000       0xac /usr/local/CrossPack-AVR-20131216/lib/gcc/avr/4.8.1/../../../../avr/lib/avr5/crtm32u4.o
                0x00000000                __vectors
                0x00000000                __vector_default
 *(.vectors)
 *(.progmem.gcc*)
 .progmem.gcc_sw_table.USB_Device_ProcessControlRequest
                0x000000ac       0x14 obj_gh60_lufa/protocol/lufa/LUFA-120730/LUFA/Drivers/USB/Core/DeviceStandardReq.o
 .progmem.gcc_sw_table.process_action
                0x000000c0       0x20 obj_gh60_lufa/common/action.o
 .progmem.gcc_sw_table.command_common
                0x000000e0       0x86 obj_gh60_lufa/common/command.o
                0x00000166                . = ALIGN (0x2)
                0x00000166                __trampolines_start = .
 *(.trampolines)
 .trampolines   0x00000166        0x0 linker stubs
 *(.trampolines*)
                0x00000166                __trampolines_end = .
 *(.progmem*)
 .progmem.data  0x00000166       0x98 obj_gh60_lufa/keymap_poker.o
                0x00000166                fn_actions
                0x00000168                keymaps
 .progmem.data  0x000001fe       0x38 obj_gh60_lufa/matrix.o
 .progmem.data  0x00000236       0x3a obj_gh60_lufa/protocol/lufa/lufa.o
 .progmem.data  0x00000270      0x1de obj_gh60_lufa/protocol/lufa/descriptor.o
                0x00000270                ProductString
                0x00000280                ManufacturerString
                0x00000290                LanguageString
                0x00000294                ConfigurationDescriptor
                0x00000321                DeviceDescriptor
                0x00000333                NKROReport
                0x0000036c                ConsoleReport
                0x0000038c                ExtrakeyReport
                0x000003c2                MouseReport
                0x0000040f                KeyboardReport
 .progmem.data  0x0000044e       0x1a obj_gh60_lufa/common/host.o
 .progmem.data  0x00000468       0x1a obj_gh60_lufa/common/keyboard.o
 .progmem.data  0x00000482       0x3c obj_gh60_lufa/common/action_util.o
 .progmem.data  0x000004be       0x1c obj_gh60_lufa/common/bootmagic.o
 .progmem.data  0x000004da       0x4a obj_gh60_lufa/common/mousekey.o
 .progmem.data  0x00000524      0xaa4 obj_gh60_lufa/common/command.o
                0x00000fc8                . = ALIGN (0x2)
 *(.jumptables)
 *(.jumptables*)
 *(.lowtext)
 *(.lowtext*)
                0x00000fc8                __ctors_start = .
 *(.ctors)
                0x00000fc8                __ctors_end = .
                0x00000fc8                __dtors_start = .
 *(.dtors)
                0x00000fc8                __dtors_end = .
 SORT(*)(.ctors)
 SORT(*)(.dtors)
 *(.init0)
 .init0         0x00000fc8        0x0 /usr/local/CrossPack-AVR-20131216/lib/gcc/avr/4.8.1/../../../../avr/lib/avr5/crtm32u4.o
                0x00000fc8                __init
 *(.init0)
 *(.init1)
 *(.init1)
 *(.init2)
 .init2         0x00000fc8        0xc /usr/local/CrossPack-AVR-20131216/lib/gcc/avr/4.8.1/../../../../avr/lib/avr5/crtm32u4.o
 *(.init2)
 *(.init3)
 .init3         0x00000fd4       0x4e obj_gh60_lufa/common/avr/bootloader.o
                0x00000fd4                bootloader_jump_after_watchdog_reset
 *(.init3)
 *(.init4)
 .init4         0x00001022       0x16 /usr/local/CrossPack-AVR-20131216/lib/gcc/avr/4.8.1/avr5/libgcc.a(_copy_data.o)
                0x00001022                __do_copy_data
 .init4         0x00001038       0x10 /usr/local/CrossPack-AVR-20131216/lib/gcc/avr/4.8.1/avr5/libgcc.a(_clear_bss.o)
                0x00001038                __do_clear_bss
 *(.init4)
 *(.init5)
 *(.init5)
 *(.init6)
 *(.init6)
 *(.init7)
 *(.init7)
 *(.init8)
 *(.init8)
 *(.init9)
 .init9         0x00001048        0x8 /usr/local/CrossPack-AVR-20131216/lib/gcc/avr/4.8.1/../../../../avr/lib/avr5/crtm32u4.o
 *(.init9)
 *(.text)
 .text          0x00001050        0x4 /usr/local/CrossPack-AVR-20131216/lib/gcc/avr/4.8.1/../../../../avr/lib/avr5/crtm32u4.o
                0x00001050                __vector_42
                0x00001050                __vector_22
                0x00001050                __vector_28
                0x00001050                __vector_1
                0x00001050                __vector_32
                0x00001050                __vector_34
                0x00001050                __vector_24
                0x00001050                __bad_interrupt
                0x00001050                __vector_6
                0x00001050                __vector_31
                0x00001050                __vector_35
                0x00001050                __vector_39
                0x00001050                __vector_3
                0x00001050                __vector_23
                0x00001050                __vector_30
                0x00001050                __vector_25
                0x00001050                __vector_13
                0x00001050                __vector_17
                0x00001050                __vector_19
                0x00001050                __vector_7
                0x00001050                __vector_41
                0x00001050                __vector_27
                0x00001050                __vector_5
                0x00001050                __vector_33
                0x00001050                __vector_37
                0x00001050                __vector_4
                0x00001050                __vector_9
                0x00001050                __vector_2
                0x00001050                __vector_15
                0x00001050                __vector_36
                0x00001050                __vector_29
                0x00001050                __vector_40
                0x00001050                __vector_8
                0x00001050                __vector_26
                0x00001050                __vector_14
                0x00001050                __vector_16
                0x00001050                __vector_18
                0x00001050                __vector_20
                0x00001050                __vector_38
 .text          0x00001054      0x15c obj_gh60_lufa/common/avr/xprintf.o
                0x00001054                xputc
                0x0000106c                xputs
                0x0000107a                xitoa
                0x0000119e                __xprintf
                0x000011b0                . = ALIGN (0x2)
 *(.text.*)
 .text.matrix_power_up
                0x000011b0        0x2 obj_gh60_lufa/keymap_poker.o
                0x000011b0                matrix_power_up
 .text.matrix_power_down
                0x000011b2        0x2 obj_gh60_lufa/keymap_poker.o
                0x000011b2                matrix_power_down
 .text.keymap_key_to_keycode
                0x000011b4       0x1e obj_gh60_lufa/keymap_common.o
                0x000011b4                keymap_key_to_keycode
 .text.keymap_fn_to_action
                0x000011d2       0x12 obj_gh60_lufa/keymap_common.o
                0x000011d2                keymap_fn_to_action
 .text.unselect_rows
                0x000011e4       0x12 obj_gh60_lufa/matrix.o
 .text.matrix_init
                0x000011f6       0x38 obj_gh60_lufa/matrix.o
                0x000011f6                matrix_init
 .text.matrix_scan
                0x0000122e      0x242 obj_gh60_lufa/matrix.o
                0x0000122e                matrix_scan
 .text.matrix_get_row
                0x00001470       0x12 obj_gh60_lufa/matrix.o
                0x00001470                matrix_get_row
 .text.matrix_print
                0x00001482       0x8e obj_gh60_lufa/matrix.o
                0x00001482                matrix_print
 .text.led_set  0x00001510        0x2 obj_gh60_lufa/led.o
                0x00001510                led_set
 .text.keyboard_leds
                0x00001512        0x6 obj_gh60_lufa/protocol/lufa/lufa.o
 .text.sendchar
                0x00001518       0xa8 obj_gh60_lufa/protocol/lufa/lufa.o
                0x00001518                sendchar
 .text.send_consumer
                0x000015c0       0x66 obj_gh60_lufa/protocol/lufa/lufa.o
 .text.send_system
                0x00001626       0x68 obj_gh60_lufa/protocol/lufa/lufa.o
 .text.send_mouse
                0x0000168e       0x46 obj_gh60_lufa/protocol/lufa/lufa.o
 .text.send_keyboard
                0x000016d4       0x9c obj_gh60_lufa/protocol/lufa/lufa.o
 .text.EVENT_USB_Device_Connect
                0x00001770       0x24 obj_gh60_lufa/protocol/lufa/lufa.o
                0x00001770                EVENT_USB_Device_Connect
 .text.EVENT_USB_Device_Disconnect
                0x00001794        0xe obj_gh60_lufa/protocol/lufa/lufa.o
                0x00001794                EVENT_USB_Device_Disconnect
 .text.EVENT_USB_Device_Reset
                0x000017a2        0x8 obj_gh60_lufa/protocol/lufa/lufa.o
                0x000017a2                EVENT_USB_Device_Reset
 .text.EVENT_USB_Device_Suspend
                0x000017aa        0xc obj_gh60_lufa/protocol/lufa/lufa.o
                0x000017aa                EVENT_USB_Device_Suspend
 .text.EVENT_USB_Device_WakeUp
                0x000017b6        0xc obj_gh60_lufa/protocol/lufa/lufa.o
                0x000017b6                EVENT_USB_Device_WakeUp
 .text.EVENT_USB_Device_StartOfFrame
                0x000017c2       0x5c obj_gh60_lufa/protocol/lufa/lufa.o
                0x000017c2                EVENT_USB_Device_StartOfFrame
 .text.EVENT_USB_Device_ConfigurationChanged
                0x0000181e       0x32 obj_gh60_lufa/protocol/lufa/lufa.o
                0x0000181e                EVENT_USB_Device_ConfigurationChanged
 .text.EVENT_USB_Device_ControlRequest
                0x00001850      0x172 obj_gh60_lufa/protocol/lufa/lufa.o
                0x00001850                EVENT_USB_Device_ControlRequest
 .text.startup.main
                0x000019c2       0x98 obj_gh60_lufa/protocol/lufa/lufa.o
                0x000019c2                main
 .text.CALLBACK_USB_GetDescriptor
                0x00001a5a       0xb2 obj_gh60_lufa/protocol/lufa/descriptor.o
                0x00001a5a                CALLBACK_USB_GetDescriptor
 .text.USB_Device_SendRemoteWakeup
                0x00001b0c       0x2c obj_gh60_lufa/protocol/lufa/LUFA-120730/LUFA/Drivers/USB/Core/AVR8/Device_AVR8.o
                0x00001b0c                USB_Device_SendRemoteWakeup
 .text.Endpoint_ConfigureEndpoint_Prv
                0x00001b38       0x6a obj_gh60_lufa/protocol/lufa/LUFA-120730/LUFA/Drivers/USB/Core/AVR8/Endpoint_AVR8.o
                0x00001b38                Endpoint_ConfigureEndpoint_Prv
 .text.Endpoint_ClearStatusStage
                0x00001ba2       0x42 obj_gh60_lufa/protocol/lufa/LUFA-120730/LUFA/Drivers/USB/Core/AVR8/Endpoint_AVR8.o
                0x00001ba2                Endpoint_ClearStatusStage
 .text.Endpoint_WaitUntilReady
                0x00001be4       0x60 obj_gh60_lufa/protocol/lufa/LUFA-120730/LUFA/Drivers/USB/Core/AVR8/Endpoint_AVR8.o
                0x00001be4                Endpoint_WaitUntilReady
 .text.USB_Disable
                0x00001c44       0x34 obj_gh60_lufa/protocol/lufa/LUFA-120730/LUFA/Drivers/USB/Core/AVR8/USBController_AVR8.o
                0x00001c44                USB_Disable
 .text.USB_ResetInterface
                0x00001c78       0x86 obj_gh60_lufa/protocol/lufa/LUFA-120730/LUFA/Drivers/USB/Core/AVR8/USBController_AVR8.o
                0x00001c78                USB_ResetInterface
 .text.USB_Init
                0x00001cfe       0x18 obj_gh60_lufa/protocol/lufa/LUFA-120730/LUFA/Drivers/USB/Core/AVR8/USBController_AVR8.o
                0x00001cfe                USB_Init
 .text.USB_INT_DisableAllInterrupts
                0x00001d16       0x10 obj_gh60_lufa/protocol/lufa/LUFA-120730/LUFA/Drivers/USB/Core/AVR8/USBInterrupt_AVR8.o
                0x00001d16                USB_INT_DisableAllInterrupts
 .text.USB_INT_ClearAllInterrupts
                0x00001d26        0xa obj_gh60_lufa/protocol/lufa/LUFA-120730/LUFA/Drivers/USB/Core/AVR8/USBInterrupt_AVR8.o
                0x00001d26                USB_INT_ClearAllInterrupts
 .text.__vector_10
                0x00001d30      0x1a0 obj_gh60_lufa/protocol/lufa/LUFA-120730/LUFA/Drivers/USB/Core/AVR8/USBInterrupt_AVR8.o
                0x00001d30                __vector_10
 .text.__vector_11
                0x00001ed0       0x78 obj_gh60_lufa/protocol/lufa/LUFA-120730/LUFA/Drivers/USB/Core/AVR8/USBInterrupt_AVR8.o
                0x00001ed0                __vector_11
 .text.Endpoint_Write_Stream_LE
                0x00001f48       0x92 obj_gh60_lufa/protocol/lufa/LUFA-120730/LUFA/Drivers/USB/Core/AVR8/EndpointStream_AVR8.o
                0x00001f48                Endpoint_Write_Stream_LE
 .text.Endpoint_Write_Control_Stream_LE
                0x00001fda       0xb6 obj_gh60_lufa/protocol/lufa/LUFA-120730/LUFA/Drivers/USB/Core/AVR8/EndpointStream_AVR8.o
                0x00001fda                Endpoint_Write_Control_Stream_LE
 .text.Endpoint_Write_Control_PStream_LE
                0x00002090       0xbc obj_gh60_lufa/protocol/lufa/LUFA-120730/LUFA/Drivers/USB/Core/AVR8/EndpointStream_AVR8.o
                0x00002090                Endpoint_Write_Control_PStream_LE
 .text.USB_Device_ProcessControlRequest
                0x0000214c      0x2a2 obj_gh60_lufa/protocol/lufa/LUFA-120730/LUFA/Drivers/USB/Core/DeviceStandardReq.o
                0x0000214c                USB_Device_ProcessControlRequest
 .text.host_set_driver
                0x000023ee        0xa obj_gh60_lufa/common/host.o
                0x000023ee                host_set_driver
 .text.host_get_driver
                0x000023f8        0xa obj_gh60_lufa/common/host.o
                0x000023f8                host_get_driver
 .text.host_keyboard_leds
                0x00002402       0x18 obj_gh60_lufa/common/host.o
                0x00002402                host_keyboard_leds
 .text.host_keyboard_send
                0x0000241a       0x8a obj_gh60_lufa/common/host.o
                0x0000241a                host_keyboard_send
 .text.host_mouse_send
                0x000024a4       0x16 obj_gh60_lufa/common/host.o
                0x000024a4                host_mouse_send
 .text.host_system_send
                0x000024ba       0x2c obj_gh60_lufa/common/host.o
                0x000024ba                host_system_send
 .text.host_consumer_send
                0x000024e6       0x2c obj_gh60_lufa/common/host.o
                0x000024e6                host_consumer_send
 .text.keyboard_init
                0x00002512        0xc obj_gh60_lufa/common/keyboard.o
                0x00002512                keyboard_init
 .text.keyboard_set_leds
                0x0000251e       0x50 obj_gh60_lufa/common/keyboard.o
                0x0000251e                keyboard_set_leds
 .text.keyboard_task
                0x0000256e      0x172 obj_gh60_lufa/common/keyboard.o
                0x0000256e                keyboard_task
 .text.action_exec
                0x000026e0       0x5c obj_gh60_lufa/common/action.o
                0x000026e0                action_exec
 .text.register_code
                0x0000273c      0x190 obj_gh60_lufa/common/action.o
                0x0000273c                register_code
 .text.unregister_code
                0x000028cc       0x9e obj_gh60_lufa/common/action.o
                0x000028cc                unregister_code
 .text.register_mods
                0x0000296a        0xe obj_gh60_lufa/common/action.o
                0x0000296a                register_mods
 .text.unregister_mods
                0x00002978        0xe obj_gh60_lufa/common/action.o
                0x00002978                unregister_mods
 .text.process_action
                0x00002986      0x60c obj_gh60_lufa/common/action.o
                0x00002986                process_action
 .text.clear_keyboard_but_mods
                0x00002f92       0x24 obj_gh60_lufa/common/action.o
                0x00002f92                clear_keyboard_but_mods
 .text.clear_keyboard
                0x00002fb6        0x8 obj_gh60_lufa/common/action.o
                0x00002fb6                clear_keyboard
 .text.is_tap_key
                0x00002fbe       0x42 obj_gh60_lufa/common/action.o
                0x00002fbe                is_tap_key
 .text.debug_event
                0x00003000       0x1e obj_gh60_lufa/common/action.o
                0x00003000                debug_event
 .text.debug_record
                0x0000301e       0x20 obj_gh60_lufa/common/action.o
                0x0000301e                debug_record
 .text.debug_waiting_buffer
                0x0000303e       0x42 obj_gh60_lufa/common/action_tapping.o
 .text.debug_tapping_key
                0x00003080       0x1c obj_gh60_lufa/common/action_tapping.o
 .text.waiting_buffer_scan_tap
                0x0000309c       0xd0 obj_gh60_lufa/common/action_tapping.o
 .text.process_tapping
                0x0000316c      0x3da obj_gh60_lufa/common/action_tapping.o
 .text.action_tapping_process
                0x00003546      0x15a obj_gh60_lufa/common/action_tapping.o
                0x00003546                action_tapping_process
 .text.action_macro_play
                0x000036a0       0xfc obj_gh60_lufa/common/action_macro.o
                0x000036a0                action_macro_play
 .text.default_layer_debug
                0x0000379c        0x2 obj_gh60_lufa/common/action_layer.o
                0x0000379c                default_layer_debug
 .text.default_layer_set
                0x0000379e       0x14 obj_gh60_lufa/common/action_layer.o
                0x0000379e                default_layer_set
 .text.default_layer_or
                0x000037b2       0x34 obj_gh60_lufa/common/action_layer.o
                0x000037b2                default_layer_or
 .text.default_layer_and
                0x000037e6       0x34 obj_gh60_lufa/common/action_layer.o
                0x000037e6                default_layer_and
 .text.default_layer_xor
                0x0000381a       0x34 obj_gh60_lufa/common/action_layer.o
                0x0000381a                default_layer_xor
 .text.layer_clear
                0x0000384e       0x14 obj_gh60_lufa/common/action_layer.o
                0x0000384e                layer_clear
 .text.layer_move
                0x00003862       0x2a obj_gh60_lufa/common/action_layer.o
                0x00003862                layer_move
 .text.layer_on
                0x0000388c       0x42 obj_gh60_lufa/common/action_layer.o
                0x0000388c                layer_on
 .text.layer_off
                0x000038ce       0x4a obj_gh60_lufa/common/action_layer.o
                0x000038ce                layer_off
 .text.layer_invert
                0x00003918       0x42 obj_gh60_lufa/common/action_layer.o
                0x00003918                layer_invert
 .text.layer_or
                0x0000395a       0x34 obj_gh60_lufa/common/action_layer.o
                0x0000395a                layer_or
 .text.layer_and
                0x0000398e       0x34 obj_gh60_lufa/common/action_layer.o
                0x0000398e                layer_and
 .text.layer_xor
                0x000039c2       0x34 obj_gh60_lufa/common/action_layer.o
                0x000039c2                layer_xor
 .text.layer_debug
                0x000039f6        0x2 obj_gh60_lufa/common/action_layer.o
                0x000039f6                layer_debug
 .text.layer_switch_get_action
                0x000039f8       0x84 obj_gh60_lufa/common/action_layer.o
                0x000039f8                layer_switch_get_action
 .text.add_key  0x00003a7c       0x9a obj_gh60_lufa/common/action_util.o
                0x00003a7c                add_key
 .text.del_key  0x00003b16       0x80 obj_gh60_lufa/common/action_util.o
                0x00003b16                del_key
 .text.clear_keys
                0x00003b96       0x1c obj_gh60_lufa/common/action_util.o
                0x00003b96                clear_keys
 .text.add_mods
                0x00003bb2        0xc obj_gh60_lufa/common/action_util.o
                0x00003bb2                add_mods
 .text.del_mods
                0x00003bbe        0xe obj_gh60_lufa/common/action_util.o
                0x00003bbe                del_mods
 .text.clear_mods
                0x00003bcc        0x6 obj_gh60_lufa/common/action_util.o
                0x00003bcc                clear_mods
 .text.add_weak_mods
                0x00003bd2        0xc obj_gh60_lufa/common/action_util.o
                0x00003bd2                add_weak_mods
 .text.del_weak_mods
                0x00003bde        0xe obj_gh60_lufa/common/action_util.o
                0x00003bde                del_weak_mods
 .text.clear_weak_mods
                0x00003bec        0x6 obj_gh60_lufa/common/action_util.o
                0x00003bec                clear_weak_mods
 .text.set_oneshot_mods
                0x00003bf2        0x6 obj_gh60_lufa/common/action_util.o
                0x00003bf2                set_oneshot_mods
 .text.clear_oneshot_mods
                0x00003bf8        0x6 obj_gh60_lufa/common/action_util.o
                0x00003bf8                clear_oneshot_mods
 .text.has_anykey
                0x00003bfe       0x26 obj_gh60_lufa/common/action_util.o
                0x00003bfe                has_anykey
 .text.send_keyboard_report
                0x00003c24       0x4c obj_gh60_lufa/common/action_util.o
                0x00003c24                send_keyboard_report
 .text.keycode_to_action
                0x00003c70      0x144 obj_gh60_lufa/common/keymap.o
 .text.action_for_key
                0x00003db4       0xe6 obj_gh60_lufa/common/keymap.o
                0x00003db4                action_for_key
 .text.action_get_macro
                0x00003e9a        0x6 obj_gh60_lufa/common/keymap.o
                0x00003e9a                action_get_macro
 .text.action_function
                0x00003ea0        0x2 obj_gh60_lufa/common/keymap.o
                0x00003ea0                action_function
 .text.print_set_sendchar
                0x00003ea2        0xa obj_gh60_lufa/common/print.o
                0x00003ea2                print_set_sendchar
 .text.biton32  0x00003eac       0xa6 obj_gh60_lufa/common/util.o
                0x00003eac                biton32
 .text.bitrev   0x00003f52       0x24 obj_gh60_lufa/common/util.o
                0x00003f52                bitrev
 .text.bitrev16
                0x00003f76       0x34 obj_gh60_lufa/common/util.o
                0x00003f76                bitrev16
 .text.suspend_power_down
                0x00003faa       0x4c obj_gh60_lufa/common/avr/suspend.o
                0x00003faa                suspend_power_down
 .text.suspend_wakeup_condition
                0x00003ff6       0x2a obj_gh60_lufa/common/avr/suspend.o
                0x00003ff6                suspend_wakeup_condition
 .text.suspend_wakeup_init
                0x00004020        0x4 obj_gh60_lufa/common/avr/suspend.o
                0x00004020                suspend_wakeup_init
 .text.__vector_12
                0x00004024       0x52 obj_gh60_lufa/common/avr/suspend.o
                0x00004024                __vector_12
 .text.timer_init
                0x00004076       0x12 obj_gh60_lufa/common/avr/timer.o
                0x00004076                timer_init
 .text.timer_read
                0x00004088       0x18 obj_gh60_lufa/common/avr/timer.o
                0x00004088                timer_read
 .text.timer_elapsed
                0x000040a0       0x52 obj_gh60_lufa/common/avr/timer.o
                0x000040a0                timer_elapsed
 .text.__vector_21
                0x000040f2       0x4a obj_gh60_lufa/common/avr/timer.o
                0x000040f2                __vector_21
 .text.bootloader_jump
                0x0000413c       0x46 obj_gh60_lufa/common/avr/bootloader.o
                0x0000413c                bootloader_jump
 .text.scan_keycode
                0x00004182       0x72 obj_gh60_lufa/common/bootmagic.o
 .text.bootmagic_scan_keycode
                0x000041f4       0x1c obj_gh60_lufa/common/bootmagic.o
                0x000041f4                bootmagic_scan_keycode
 .text.bootmagic
                0x00004210      0x266 obj_gh60_lufa/common/bootmagic.o
                0x00004210                bootmagic
 .text.eeconfig_init
                0x00004476       0x34 obj_gh60_lufa/common/avr/eeconfig.o
                0x00004476                eeconfig_init
 .text.eeconfig_is_enabled
                0x000044aa       0x16 obj_gh60_lufa/common/avr/eeconfig.o
                0x000044aa                eeconfig_is_enabled
 .text.eeconfig_read_debug
                0x000044c0        0x8 obj_gh60_lufa/common/avr/eeconfig.o
                0x000044c0                eeconfig_read_debug
 .text.eeconfig_write_debug
                0x000044c8        0xa obj_gh60_lufa/common/avr/eeconfig.o
                0x000044c8                eeconfig_write_debug
 .text.eeconfig_read_default_layer
                0x000044d2        0x8 obj_gh60_lufa/common/avr/eeconfig.o
                0x000044d2                eeconfig_read_default_layer
 .text.eeconfig_write_default_layer
                0x000044da        0xa obj_gh60_lufa/common/avr/eeconfig.o
                0x000044da                eeconfig_write_default_layer
 .text.eeconfig_read_keymap
                0x000044e4        0x8 obj_gh60_lufa/common/avr/eeconfig.o
                0x000044e4                eeconfig_read_keymap
 .text.eeconfig_write_keymap
                0x000044ec        0xa obj_gh60_lufa/common/avr/eeconfig.o
                0x000044ec                eeconfig_write_keymap
 .text.move_unit
                0x000044f6       0x90 obj_gh60_lufa/common/mousekey.o
 .text.wheel_unit
                0x00004586       0x72 obj_gh60_lufa/common/mousekey.o
 .text.mousekey_on
                0x000045f8       0xd0 obj_gh60_lufa/common/mousekey.o
                0x000045f8                mousekey_on
 .text.mousekey_off
                0x000046c8      0x10a obj_gh60_lufa/common/mousekey.o
                0x000046c8                mousekey_off
 .text.mousekey_send
                0x000047d2      0x11a obj_gh60_lufa/common/mousekey.o
                0x000047d2                mousekey_send
 .text.mousekey_task
                0x000048ec      0x142 obj_gh60_lufa/common/mousekey.o
                0x000048ec                mousekey_task
 .text.mousekey_clear
                0x00004a2e       0x18 obj_gh60_lufa/common/mousekey.o
                0x00004a2e                mousekey_clear
 .text.command_console_help
                0x00004a46       0x18 obj_gh60_lufa/common/command.o
 .text.mousekey_console_help
                0x00004a5e       0xcc obj_gh60_lufa/common/command.o
 .text.mousekey_param_inc
                0x00004b2a      0x1e2 obj_gh60_lufa/common/command.o
 .text.mousekey_param_dec
                0x00004d0c      0x19a obj_gh60_lufa/common/command.o
 .text.switch_default_layer
                0x00004ea6       0x80 obj_gh60_lufa/common/command.o
 .text.command_common
                0x00004f26      0x57e obj_gh60_lufa/common/command.o
 .text.command_extra
                0x000054a4        0x4 obj_gh60_lufa/common/command.o
                0x000054a4                command_extra
 .text.command_console_extra
                0x000054a8        0x4 obj_gh60_lufa/common/command.o
                0x000054a8                command_console_extra
 .text.command_proc
                0x000054ac      0x2e0 obj_gh60_lufa/common/command.o
                0x000054ac                command_proc
 .text.avr-libc.fplib
                0x0000578c        0xa /usr/local/CrossPack-AVR-20131216/lib/gcc/avr/4.8.1/../../../../avr/lib/avr5/libm.a(fixsfsi.o)
                0x0000578c                __fixsfsi
 .text.avr-libc.fplib
                0x00005796       0x58 /usr/local/CrossPack-AVR-20131216/lib/gcc/avr/4.8.1/../../../../avr/lib/avr5/libm.a(fixunssfsi.o)
                0x00005796                __fixunssfsi
 .text.avr-libc.fplib
                0x000057ee       0x7a /usr/local/CrossPack-AVR-20131216/lib/gcc/avr/4.8.1/../../../../avr/lib/avr5/libm.a(floatsisf.o)
                0x000057ee                __floatunsisf
                0x000057f2                __floatsisf
 .text.avr-libc.fplib
                0x00005868       0x44 /usr/local/CrossPack-AVR-20131216/lib/gcc/avr/4.8.1/../../../../avr/lib/avr5/libm.a(fp_split3.o)
                0x00005868                __fp_split3
                0x00005878                __fp_splitA
 .text.avr-libc.fplib
                0x000058ac        0xe /usr/local/CrossPack-AVR-20131216/lib/gcc/avr/4.8.1/../../../../avr/lib/avr5/libm.a(fp_zero.o)
                0x000058ac                __fp_zero
                0x000058ae                __fp_szero
 .text.avr-libc.fplib
                0x000058ba        0x4 /usr/local/CrossPack-AVR-20131216/lib/gcc/avr/4.8.1/../../../../avr/lib/avr5/libm.a(mulsf3.o)
                0x000058ba                __mulsf3
 .text.avr-libc.fplib
                0x000058be       0xc2 /usr/local/CrossPack-AVR-20131216/lib/gcc/avr/4.8.1/../../../../avr/lib/avr5/libm.a(mulsf3x.o)
                0x000058d2                __mulsf3x
                0x000058d6                __mulsf3_pse
 .text.avr-libc.fplib
                0x00005980        0xc /usr/local/CrossPack-AVR-20131216/lib/gcc/avr/4.8.1/../../../../avr/lib/avr5/libm.a(fp_inf.o)
                0x00005980                __fp_inf
 .text.avr-libc.fplib
                0x0000598c        0x6 /usr/local/CrossPack-AVR-20131216/lib/gcc/avr/4.8.1/../../../../avr/lib/avr5/libm.a(fp_nan.o)
                0x0000598c                __fp_nan
 .text.avr-libc.fplib
                0x00005992        0xe /usr/local/CrossPack-AVR-20131216/lib/gcc/avr/4.8.1/../../../../avr/lib/avr5/libm.a(fp_pscA.o)
                0x00005992                __fp_pscA
 .text.avr-libc.fplib
                0x000059a0        0xe /usr/local/CrossPack-AVR-20131216/lib/gcc/avr/4.8.1/../../../../avr/lib/avr5/libm.a(fp_pscB.o)
                0x000059a0                __fp_pscB
 .text.avr-libc.fplib
                0x000059ae       0x22 /usr/local/CrossPack-AVR-20131216/lib/gcc/avr/4.8.1/../../../../avr/lib/avr5/libm.a(fp_round.o)
                0x000059ae                __fp_round
 .text.libgcc.div
                0x000059d0       0x28 /usr/local/CrossPack-AVR-20131216/lib/gcc/avr/4.8.1/avr5/libgcc.a(_divmodhi4.o)
                0x000059d0                __divmodhi4
                0x000059d0                _div
 .text.libgcc   0x000059f8        0xc /usr/local/CrossPack-AVR-20131216/lib/gcc/avr/4.8.1/avr5/libgcc.a(_tablejump.o)
                0x000059f8                __tablejump2__
                0x000059fc                __tablejump__
 .text.libgcc.div
                0x00005a04       0x28 /usr/local/CrossPack-AVR-20131216/lib/gcc/avr/4.8.1/avr5/libgcc.a(_udivmodhi4.o)
                0x00005a04                __udivmodhi4
 .text.avr-libc
                0x00005a2c       0x10 /usr/local/CrossPack-AVR-20131216/lib/gcc/avr/4.8.1/../../../../avr/lib/avr5/libc.a(eerd_byte_atmega32u4.o)
                0x00005a2c                __eerd_byte_m32u4
 .text.avr-libc
                0x00005a3c        0xc /usr/local/CrossPack-AVR-20131216/lib/gcc/avr/4.8.1/../../../../avr/lib/avr5/libc.a(eerd_word_atmega32u4.o)
                0x00005a3c                __eerd_word_m32u4
 .text.avr-libc
                0x00005a48       0x1c /usr/local/CrossPack-AVR-20131216/lib/gcc/avr/4.8.1/../../../../avr/lib/avr5/libc.a(eewr_byte_atmega32u4.o)
                0x00005a48                __eewr_byte_m32u4
                0x00005a4a                __eewr_r18_m32u4
 .text.avr-libc
                0x00005a64        0xa /usr/local/CrossPack-AVR-20131216/lib/gcc/avr/4.8.1/../../../../avr/lib/avr5/libc.a(eewr_word_atmega32u4.o)
                0x00005a64                __eewr_word_m32u4
 .text.avr-libc
                0x00005a6e       0x20 /usr/local/CrossPack-AVR-20131216/lib/gcc/avr/4.8.1/../../../../avr/lib/avr5/libc.a(eerd_block_atmega32u4.o)
                0x00005a6e                __eerd_block_m32u4
                0x00005a72                __eerd_blraw_m32u4
                0x00005a8e                . = ALIGN (0x2)
 *(.fini9)
 .fini9         0x00005a8e        0x0 /usr/local/CrossPack-AVR-20131216/lib/gcc/avr/4.8.1/avr5/libgcc.a(_exit.o)
                0x00005a8e                exit
                0x00005a8e                _exit
 *(.fini9)
 *(.fini8)
 *(.fini8)
 *(.fini7)
 *(.fini7)
 *(.fini6)
 *(.fini6)
 *(.fini5)
 *(.fini5)
 *(.fini4)
 *(.fini4)
 *(.fini3)
 *(.fini3)
 *(.fini2)
 *(.fini2)
 *(.fini1)
 *(.fini1)
 *(.fini0)
 .fini0         0x00005a8e        0x4 /usr/local/CrossPack-AVR-20131216/lib/gcc/avr/4.8.1/avr5/libgcc.a(_exit.o)
 *(.fini0)
                0x00005a92                _etext = .

.data           0x00800100       0x38 load address 0x00005a92
                0x00800100                PROVIDE (__data_start, .)
 *(.data)
 .data          0x00800100        0x0 /usr/local/CrossPack-AVR-20131216/lib/gcc/avr/4.8.1/../../../../avr/lib/avr5/crtm32u4.o
 .data          0x00800100        0x0 obj_gh60_lufa/keymap_poker.o
 .data          0x00800100        0x0 obj_gh60_lufa/keymap_common.o
 .data          0x00800100        0x1 obj_gh60_lufa/matrix.o
 .data          0x00800101        0x0 obj_gh60_lufa/led.o
 .data          0x00800101        0xb obj_gh60_lufa/protocol/lufa/lufa.o
                0x00800101                lufa_driver
                0x0080010b                keyboard_protocol
 .data          0x0080010c        0x0 obj_gh60_lufa/protocol/lufa/descriptor.o
 .data          0x0080010c        0x0 obj_gh60_lufa/protocol/lufa/LUFA-120730/LUFA/Drivers/USB/Core/AVR8/Device_AVR8.o
 .data          0x0080010c        0x0 obj_gh60_lufa/protocol/lufa/LUFA-120730/LUFA/Drivers/USB/Core/AVR8/Endpoint_AVR8.o
 .data          0x0080010c        0x0 obj_gh60_lufa/protocol/lufa/LUFA-120730/LUFA/Drivers/USB/Core/AVR8/Host_AVR8.o
 .data          0x0080010c        0x0 obj_gh60_lufa/protocol/lufa/LUFA-120730/LUFA/Drivers/USB/Core/AVR8/Pipe_AVR8.o
 .data          0x0080010c        0x0 obj_gh60_lufa/protocol/lufa/LUFA-120730/LUFA/Drivers/USB/Core/AVR8/USBController_AVR8.o
 .data          0x0080010c        0x0 obj_gh60_lufa/protocol/lufa/LUFA-120730/LUFA/Drivers/USB/Core/AVR8/USBInterrupt_AVR8.o
 .data          0x0080010c        0x0 obj_gh60_lufa/protocol/lufa/LUFA-120730/LUFA/Drivers/USB/Core/AVR8/EndpointStream_AVR8.o
 .data          0x0080010c        0x0 obj_gh60_lufa/protocol/lufa/LUFA-120730/LUFA/Drivers/USB/Core/AVR8/PipeStream_AVR8.o
 .data          0x0080010c        0x0 obj_gh60_lufa/protocol/lufa/LUFA-120730/LUFA/Drivers/USB/Core/ConfigDescriptors.o
 .data          0x0080010c        0x0 obj_gh60_lufa/protocol/lufa/LUFA-120730/LUFA/Drivers/USB/Core/DeviceStandardReq.o
 .data          0x0080010c        0x0 obj_gh60_lufa/protocol/lufa/LUFA-120730/LUFA/Drivers/USB/Core/Events.o
 .data          0x0080010c        0x0 obj_gh60_lufa/protocol/lufa/LUFA-120730/LUFA/Drivers/USB/Core/HostStandardReq.o
 .data          0x0080010c        0x0 obj_gh60_lufa/protocol/lufa/LUFA-120730/LUFA/Drivers/USB/Core/USBTask.o
 .data          0x0080010c        0x0 obj_gh60_lufa/protocol/lufa/LUFA-120730/LUFA/Drivers/USB/Class/Common/HIDParser.o
 .data          0x0080010c        0x1 obj_gh60_lufa/common/host.o
                0x0080010c                keyboard_nkro
 .data          0x0080010d        0x0 obj_gh60_lufa/common/keyboard.o
 .data          0x0080010d        0x0 obj_gh60_lufa/common/action.o
 .data          0x0080010d        0x0 obj_gh60_lufa/common/action_tapping.o
 .data          0x0080010d        0x0 obj_gh60_lufa/common/action_macro.o
 .data          0x0080010d        0x0 obj_gh60_lufa/common/action_layer.o
 .data          0x0080010d        0x2 obj_gh60_lufa/common/action_util.o
                0x0080010d                keyboard_report
 .data          0x0080010f        0x0 obj_gh60_lufa/common/keymap.o
 .data          0x0080010f        0x0 obj_gh60_lufa/common/print.o
 .data          0x0080010f        0x0 obj_gh60_lufa/common/debug.o
 .data          0x0080010f        0x0 obj_gh60_lufa/common/util.o
 .data          0x0080010f        0x0 obj_gh60_lufa/common/avr/suspend.o
 .data          0x0080010f        0x0 obj_gh60_lufa/common/avr/xprintf.o
 .data          0x0080010f        0x0 obj_gh60_lufa/common/avr/timer.o
 .data          0x0080010f        0x0 obj_gh60_lufa/common/avr/bootloader.o
 .data          0x0080010f        0x0 obj_gh60_lufa/common/bootmagic.o
 .data          0x0080010f        0x0 obj_gh60_lufa/common/avr/eeconfig.o
 .data          0x0080010f        0x6 obj_gh60_lufa/common/mousekey.o
                0x0080010f                mk_wheel_time_to_max
                0x00800110                mk_wheel_max_speed
                0x00800111                mk_time_to_max
                0x00800112                mk_max_speed
                0x00800113                mk_interval
                0x00800114                mk_delay
 .data          0x00800115        0x0 obj_gh60_lufa/common/command.o
 .data          0x00800115        0x0 /usr/local/CrossPack-AVR-20131216/lib/gcc/avr/4.8.1/../../../../avr/lib/avr5/libm.a(fixsfsi.o)
 .data          0x00800115        0x0 /usr/local/CrossPack-AVR-20131216/lib/gcc/avr/4.8.1/../../../../avr/lib/avr5/libm.a(fixunssfsi.o)
 .data          0x00800115        0x0 /usr/local/CrossPack-AVR-20131216/lib/gcc/avr/4.8.1/../../../../avr/lib/avr5/libm.a(floatsisf.o)
 .data          0x00800115        0x0 /usr/local/CrossPack-AVR-20131216/lib/gcc/avr/4.8.1/../../../../avr/lib/avr5/libm.a(fp_split3.o)
 .data          0x00800115        0x0 /usr/local/CrossPack-AVR-20131216/lib/gcc/avr/4.8.1/../../../../avr/lib/avr5/libm.a(fp_zero.o)
 .data          0x00800115        0x0 /usr/local/CrossPack-AVR-20131216/lib/gcc/avr/4.8.1/../../../../avr/lib/avr5/libm.a(mulsf3.o)
 .data          0x00800115        0x0 /usr/local/CrossPack-AVR-20131216/lib/gcc/avr/4.8.1/../../../../avr/lib/avr5/libm.a(mulsf3x.o)
 .data          0x00800115        0x0 /usr/local/CrossPack-AVR-20131216/lib/gcc/avr/4.8.1/../../../../avr/lib/avr5/libm.a(fp_inf.o)
 .data          0x00800115        0x0 /usr/local/CrossPack-AVR-20131216/lib/gcc/avr/4.8.1/../../../../avr/lib/avr5/libm.a(fp_nan.o)
 .data          0x00800115        0x0 /usr/local/CrossPack-AVR-20131216/lib/gcc/avr/4.8.1/../../../../avr/lib/avr5/libm.a(fp_pscA.o)
 .data          0x00800115        0x0 /usr/local/CrossPack-AVR-20131216/lib/gcc/avr/4.8.1/../../../../avr/lib/avr5/libm.a(fp_pscB.o)
 .data          0x00800115        0x0 /usr/local/CrossPack-AVR-20131216/lib/gcc/avr/4.8.1/../../../../avr/lib/avr5/libm.a(fp_round.o)
 .data          0x00800115        0x0 /usr/local/CrossPack-AVR-20131216/lib/gcc/avr/4.8.1/avr5/libgcc.a(_divmodhi4.o)
 .data          0x00800115        0x0 /usr/local/CrossPack-AVR-20131216/lib/gcc/avr/4.8.1/avr5/libgcc.a(_exit.o)
 .data          0x00800115        0x0 /usr/local/CrossPack-AVR-20131216/lib/gcc/avr/4.8.1/avr5/libgcc.a(_tablejump.o)
 .data          0x00800115        0x0 /usr/local/CrossPack-AVR-20131216/lib/gcc/avr/4.8.1/avr5/libgcc.a(_copy_data.o)
 .data          0x00800115        0x0 /usr/local/CrossPack-AVR-20131216/lib/gcc/avr/4.8.1/avr5/libgcc.a(_clear_bss.o)
 .data          0x00800115        0x0 /usr/local/CrossPack-AVR-20131216/lib/gcc/avr/4.8.1/avr5/libgcc.a(_udivmodhi4.o)
 .data          0x00800115        0x0 /usr/local/CrossPack-AVR-20131216/lib/gcc/avr/4.8.1/../../../../avr/lib/avr5/libc.a(eerd_byte_atmega32u4.o)
 .data          0x00800115        0x0 /usr/local/CrossPack-AVR-20131216/lib/gcc/avr/4.8.1/../../../../avr/lib/avr5/libc.a(eerd_word_atmega32u4.o)
 .data          0x00800115        0x0 /usr/local/CrossPack-AVR-20131216/lib/gcc/avr/4.8.1/../../../../avr/lib/avr5/libc.a(eeupd_byte_atmega32u4.o)
 .data          0x00800115        0x0 /usr/local/CrossPack-AVR-20131216/lib/gcc/avr/4.8.1/../../../../avr/lib/avr5/libc.a(eewr_byte_atmega32u4.o)
 .data          0x00800115        0x0 /usr/local/CrossPack-AVR-20131216/lib/gcc/avr/4.8.1/../../../../avr/lib/avr5/libc.a(eewr_word_atmega32u4.o)
 .data          0x00800115        0x0 /usr/local/CrossPack-AVR-20131216/lib/gcc/avr/4.8.1/../../../../avr/lib/avr5/libc.a(eerd_block_atmega32u4.o)
 *(.data*)
 *(.rodata)
 .rodata        0x00800115       0x19 obj_gh60_lufa/protocol/lufa/descriptor.o
 .rodata        0x0080012e        0xa obj_gh60_lufa/common/command.o
 *(.rodata*)
 *(.gnu.linkonce.d*)
                0x00800138                . = ALIGN (0x2)
                0x00800138                _edata = .
                0x00800138                PROVIDE (__data_end, .)

.bss            0x00800138       0xae
                0x00800138                PROVIDE (__bss_start, .)
 *(.bss)
 .bss           0x00800138       0x14 obj_gh60_lufa/matrix.o
 .bss           0x0080014c       0x13 obj_gh60_lufa/protocol/lufa/lufa.o
                0x0080014c                keyboard_idle
 .bss           0x0080015f        0x6 obj_gh60_lufa/common/host.o
 .bss           0x00800165        0xb obj_gh60_lufa/common/keyboard.o
 .bss           0x00800170       0x38 obj_gh60_lufa/common/action_tapping.o
 .bss           0x008001a8        0x8 obj_gh60_lufa/common/action_layer.o
                0x008001a8                layer_state
                0x008001ac                default_layer_state
 .bss           0x008001b0       0x13 obj_gh60_lufa/common/action_util.o
 .bss           0x008001c3        0x1 obj_gh60_lufa/common/debug.o
                0x008001c3                debug_config
 .bss           0x008001c4        0x1 obj_gh60_lufa/common/avr/suspend.o
 .bss           0x008001c5        0x2 obj_gh60_lufa/common/avr/xprintf.o
                0x008001c5                xfunc_out
 .bss           0x008001c7        0x4 obj_gh60_lufa/common/avr/timer.o
                0x008001c7                timer_count
 .bss           0x008001cb        0x9 obj_gh60_lufa/common/mousekey.o
 .bss           0x008001d4        0x4 obj_gh60_lufa/common/command.o
                0x008001d4                command_state
 *(.bss*)
 *(COMMON)
 COMMON         0x008001d8        0x1 obj_gh60_lufa/keymap_poker.o
                0x008001d8                keymap_config
 COMMON         0x008001d9        0x3 obj_gh60_lufa/protocol/lufa/LUFA-120730/LUFA/Drivers/USB/Core/DeviceStandardReq.o
                0x008001d9                USB_Device_ConfigurationNumber
                0x008001da                USB_Device_CurrentlySelfPowered
                0x008001db                USB_Device_RemoteWakeupEnabled
 COMMON         0x008001dc        0xa obj_gh60_lufa/protocol/lufa/LUFA-120730/LUFA/Drivers/USB/Core/USBTask.o
                0x008001dc                USB_IsInitialized
                0x008001dd                USB_DeviceState
                0x008001de                USB_ControlRequest
                0x008001e6                PROVIDE (__bss_end, .)
                0x00005a92                __data_load_start = LOADADDR (.data)
                0x00005aca                __data_load_end = (__data_load_start + SIZEOF (.data))

.noinit         0x008001e6        0x4
                0x008001e6                PROVIDE (__noinit_start, .)
 *(.noinit*)
 .noinit        0x008001e6        0x4 obj_gh60_lufa/common/avr/bootloader.o
                0x008001e6                reset_key
                0x008001ea                PROVIDE (__noinit_end, .)
                0x008001ea                _end = .
                0x008001ea                PROVIDE (__heap_start, .)

.eeprom         0x00810000        0x0
 *(.eeprom*)
                0x00810000                __eeprom_end = .

.fuse
 *(.fuse)
 *(.lfuse)
 *(.hfuse)
 *(.efuse)

.lock
 *(.lock*)

.signature
 *(.signature*)

.user_signatures
 *(.user_signatures*)

.stab           0x00000000      0x8b8
 *(.stab)
 .stab          0x00000000      0x8b8 obj_gh60_lufa/common/avr/xprintf.o

.stabstr        0x00000000       0x97
 *(.stabstr)
 .stabstr       0x00000000       0x97 obj_gh60_lufa/common/avr/xprintf.o

.stab.excl
 *(.stab.excl)

.stab.exclstr
 *(.stab.exclstr)

.stab.index
 *(.stab.index)

.stab.indexstr
 *(.stab.indexstr)

.comment        0x00000000       0x11
 *(.comment)
 .comment       0x00000000       0x11 obj_gh60_lufa/keymap_poker.o
                                 0x12 (size before relaxing)
 .comment       0x00000000       0x12 obj_gh60_lufa/keymap_common.o
 .comment       0x00000000       0x12 obj_gh60_lufa/matrix.o
 .comment       0x00000000       0x12 obj_gh60_lufa/led.o
 .comment       0x00000000       0x12 obj_gh60_lufa/protocol/lufa/lufa.o
 .comment       0x00000000       0x12 obj_gh60_lufa/protocol/lufa/descriptor.o
 .comment       0x00000000       0x12 obj_gh60_lufa/protocol/lufa/LUFA-120730/LUFA/Drivers/USB/Core/AVR8/Device_AVR8.o
 .comment       0x00000000       0x12 obj_gh60_lufa/protocol/lufa/LUFA-120730/LUFA/Drivers/USB/Core/AVR8/Endpoint_AVR8.o
 .comment       0x00000000       0x12 obj_gh60_lufa/protocol/lufa/LUFA-120730/LUFA/Drivers/USB/Core/AVR8/Host_AVR8.o
 .comment       0x00000000       0x12 obj_gh60_lufa/protocol/lufa/LUFA-120730/LUFA/Drivers/USB/Core/AVR8/Pipe_AVR8.o
 .comment       0x00000000       0x12 obj_gh60_lufa/protocol/lufa/LUFA-120730/LUFA/Drivers/USB/Core/AVR8/USBController_AVR8.o
 .comment       0x00000000       0x12 obj_gh60_lufa/protocol/lufa/LUFA-120730/LUFA/Drivers/USB/Core/AVR8/USBInterrupt_AVR8.o
 .comment       0x00000000       0x12 obj_gh60_lufa/protocol/lufa/LUFA-120730/LUFA/Drivers/USB/Core/AVR8/EndpointStream_AVR8.o
 .comment       0x00000000       0x12 obj_gh60_lufa/protocol/lufa/LUFA-120730/LUFA/Drivers/USB/Core/AVR8/PipeStream_AVR8.o
 .comment       0x00000000       0x12 obj_gh60_lufa/protocol/lufa/LUFA-120730/LUFA/Drivers/USB/Core/ConfigDescriptors.o
 .comment       0x00000000       0x12 obj_gh60_lufa/protocol/lufa/LUFA-120730/LUFA/Drivers/USB/Core/DeviceStandardReq.o
 .comment       0x00000000       0x12 obj_gh60_lufa/protocol/lufa/LUFA-120730/LUFA/Drivers/USB/Core/Events.o
 .comment       0x00000000       0x12 obj_gh60_lufa/protocol/lufa/LUFA-120730/LUFA/Drivers/USB/Core/HostStandardReq.o
 .comment       0x00000000       0x12 obj_gh60_lufa/protocol/lufa/LUFA-120730/LUFA/Drivers/USB/Core/USBTask.o
 .comment       0x00000000       0x12 obj_gh60_lufa/protocol/lufa/LUFA-120730/LUFA/Drivers/USB/Class/Common/HIDParser.o
 .comment       0x00000000       0x12 obj_gh60_lufa/common/host.o
 .comment       0x00000000       0x12 obj_gh60_lufa/common/keyboard.o
 .comment       0x00000000       0x12 obj_gh60_lufa/common/action.o
 .comment       0x00000000       0x12 obj_gh60_lufa/common/action_tapping.o
 .comment       0x00000000       0x12 obj_gh60_lufa/common/action_macro.o
 .comment       0x00000000       0x12 obj_gh60_lufa/common/action_layer.o
 .comment       0x00000000       0x12 obj_gh60_lufa/common/action_util.o
 .comment       0x00000000       0x12 obj_gh60_lufa/common/keymap.o
 .comment       0x00000000       0x12 obj_gh60_lufa/common/print.o
 .comment       0x00000000       0x12 obj_gh60_lufa/common/debug.o
 .comment       0x00000000       0x12 obj_gh60_lufa/common/util.o
 .comment       0x00000000       0x12 obj_gh60_lufa/common/avr/suspend.o
 .comment       0x00000000       0x12 obj_gh60_lufa/common/avr/timer.o
 .comment       0x00000000       0x12 obj_gh60_lufa/common/avr/bootloader.o
 .comment       0x00000000       0x12 obj_gh60_lufa/common/bootmagic.o
 .comment       0x00000000       0x12 obj_gh60_lufa/common/avr/eeconfig.o
 .comment       0x00000000       0x12 obj_gh60_lufa/common/mousekey.o
 .comment       0x00000000       0x12 obj_gh60_lufa/common/command.o

.debug
 *(.debug)

.line
 *(.line)

.debug_srcinfo
 *(.debug_srcinfo)

.debug_sfnames
 *(.debug_sfnames)

.debug_aranges  0x00000000      0xb30
 *(.debug_aranges)
 .debug_aranges
                0x00000000       0x28 obj_gh60_lufa/keymap_poker.o
 .debug_aranges
                0x00000028       0x38 obj_gh60_lufa/keymap_common.o
 .debug_aranges
                0x00000060       0x78 obj_gh60_lufa/matrix.o
 .debug_aranges
                0x000000d8       0x20 obj_gh60_lufa/led.o
 .debug_aranges
                0x000000f8       0xa0 obj_gh60_lufa/protocol/lufa/lufa.o
 .debug_aranges
                0x00000198       0x20 obj_gh60_lufa/protocol/lufa/descriptor.o
 .debug_aranges
                0x000001b8       0x20 obj_gh60_lufa/protocol/lufa/LUFA-120730/LUFA/Drivers/USB/Core/AVR8/Device_AVR8.o
 .debug_aranges
                0x000001d8       0x40 obj_gh60_lufa/protocol/lufa/LUFA-120730/LUFA/Drivers/USB/Core/AVR8/Endpoint_AVR8.o
 .debug_aranges
                0x00000218       0x18 obj_gh60_lufa/protocol/lufa/LUFA-120730/LUFA/Drivers/USB/Core/AVR8/Host_AVR8.o
 .debug_aranges
                0x00000230       0x18 obj_gh60_lufa/protocol/lufa/LUFA-120730/LUFA/Drivers/USB/Core/AVR8/Pipe_AVR8.o
 .debug_aranges
                0x00000248       0x30 obj_gh60_lufa/protocol/lufa/LUFA-120730/LUFA/Drivers/USB/Core/AVR8/USBController_AVR8.o
 .debug_aranges
                0x00000278       0x38 obj_gh60_lufa/protocol/lufa/LUFA-120730/LUFA/Drivers/USB/Core/AVR8/USBInterrupt_AVR8.o
 .debug_aranges
                0x000002b0       0xc8 obj_gh60_lufa/protocol/lufa/LUFA-120730/LUFA/Drivers/USB/Core/AVR8/EndpointStream_AVR8.o
 .debug_aranges
                0x00000378       0x18 obj_gh60_lufa/protocol/lufa/LUFA-120730/LUFA/Drivers/USB/Core/AVR8/PipeStream_AVR8.o
 .debug_aranges
                0x00000390       0x40 obj_gh60_lufa/protocol/lufa/LUFA-120730/LUFA/Drivers/USB/Core/ConfigDescriptors.o
 .debug_aranges
                0x000003d0       0x20 obj_gh60_lufa/protocol/lufa/LUFA-120730/LUFA/Drivers/USB/Core/DeviceStandardReq.o
 .debug_aranges
                0x000003f0       0x20 obj_gh60_lufa/protocol/lufa/LUFA-120730/LUFA/Drivers/USB/Core/Events.o
 .debug_aranges
                0x00000410       0x20 obj_gh60_lufa/protocol/lufa/LUFA-120730/LUFA/Drivers/USB/Core/USBTask.o
 .debug_aranges
                0x00000430       0x38 obj_gh60_lufa/protocol/lufa/LUFA-120730/LUFA/Drivers/USB/Class/Common/HIDParser.o
 .debug_aranges
                0x00000468       0x60 obj_gh60_lufa/common/host.o
 .debug_aranges
                0x000004c8       0x40 obj_gh60_lufa/common/keyboard.o
 .debug_aranges
                0x00000508       0x88 obj_gh60_lufa/common/action.o
 .debug_aranges
                0x00000590       0x50 obj_gh60_lufa/common/action_tapping.o
 .debug_aranges
                0x000005e0       0x30 obj_gh60_lufa/common/action_macro.o
 .debug_aranges
                0x00000610       0xa0 obj_gh60_lufa/common/action_layer.o
 .debug_aranges
                0x000006b0       0xb0 obj_gh60_lufa/common/action_util.o
 .debug_aranges
                0x00000760       0x48 obj_gh60_lufa/common/keymap.o
 .debug_aranges
                0x000007a8       0x20 obj_gh60_lufa/common/print.o
 .debug_aranges
                0x000007c8       0x18 obj_gh60_lufa/common/debug.o
 .debug_aranges
                0x000007e0       0x60 obj_gh60_lufa/common/util.o
 .debug_aranges
                0x00000840       0x50 obj_gh60_lufa/common/avr/suspend.o
 .debug_aranges
                0x00000890       0x50 obj_gh60_lufa/common/avr/timer.o
 .debug_aranges
                0x000008e0       0x28 obj_gh60_lufa/common/avr/bootloader.o
 .debug_aranges
                0x00000908       0x40 obj_gh60_lufa/common/bootmagic.o
 .debug_aranges
                0x00000948       0x68 obj_gh60_lufa/common/avr/eeconfig.o
 .debug_aranges
                0x000009b0       0x50 obj_gh60_lufa/common/mousekey.o
 .debug_aranges
                0x00000a00       0x70 obj_gh60_lufa/common/command.o
 .debug_aranges
                0x00000a70       0x20 /usr/local/CrossPack-AVR-20131216/lib/gcc/avr/4.8.1/avr5/libgcc.a(_divmodhi4.o)
 .debug_aranges
                0x00000a90       0x20 /usr/local/CrossPack-AVR-20131216/lib/gcc/avr/4.8.1/avr5/libgcc.a(_exit.o)
 .debug_aranges
                0x00000ab0       0x20 /usr/local/CrossPack-AVR-20131216/lib/gcc/avr/4.8.1/avr5/libgcc.a(_tablejump.o)
 .debug_aranges
                0x00000ad0       0x20 /usr/local/CrossPack-AVR-20131216/lib/gcc/avr/4.8.1/avr5/libgcc.a(_copy_data.o)
 .debug_aranges
                0x00000af0       0x20 /usr/local/CrossPack-AVR-20131216/lib/gcc/avr/4.8.1/avr5/libgcc.a(_clear_bss.o)
 .debug_aranges
                0x00000b10       0x20 /usr/local/CrossPack-AVR-20131216/lib/gcc/avr/4.8.1/avr5/libgcc.a(_udivmodhi4.o)

.debug_pubnames
 *(.debug_pubnames)

.debug_info     0x00000000    0x10f9b
 *(.debug_info)
 .debug_info    0x00000000      0x90a obj_gh60_lufa/keymap_poker.o
 .debug_info    0x0000090a      0x756 obj_gh60_lufa/keymap_common.o
 .debug_info    0x00001060      0x5c0 obj_gh60_lufa/matrix.o
 .debug_info    0x00001620       0x91 obj_gh60_lufa/led.o
 .debug_info    0x000016b1     0x14da obj_gh60_lufa/protocol/lufa/lufa.o
 .debug_info    0x00002b8b      0x814 obj_gh60_lufa/protocol/lufa/descriptor.o
 .debug_info    0x0000339f       0xd2 obj_gh60_lufa/protocol/lufa/LUFA-120730/LUFA/Drivers/USB/Core/AVR8/Device_AVR8.o
 .debug_info    0x00003471      0x614 obj_gh60_lufa/protocol/lufa/LUFA-120730/LUFA/Drivers/USB/Core/AVR8/Endpoint_AVR8.o
 .debug_info    0x00003a85       0x56 obj_gh60_lufa/protocol/lufa/LUFA-120730/LUFA/Drivers/USB/Core/AVR8/Host_AVR8.o
 .debug_info    0x00003adb       0x56 obj_gh60_lufa/protocol/lufa/LUFA-120730/LUFA/Drivers/USB/Core/AVR8/Pipe_AVR8.o
 .debug_info    0x00003b31      0x4bd obj_gh60_lufa/protocol/lufa/LUFA-120730/LUFA/Drivers/USB/Core/AVR8/USBController_AVR8.o
 .debug_info    0x00003fee      0x7c4 obj_gh60_lufa/protocol/lufa/LUFA-120730/LUFA/Drivers/USB/Core/AVR8/USBInterrupt_AVR8.o
 .debug_info    0x000047b2     0x175a obj_gh60_lufa/protocol/lufa/LUFA-120730/LUFA/Drivers/USB/Core/AVR8/EndpointStream_AVR8.o
 .debug_info    0x00005f0c       0x56 obj_gh60_lufa/protocol/lufa/LUFA-120730/LUFA/Drivers/USB/Core/AVR8/PipeStream_AVR8.o
 .debug_info    0x00005f62      0x3c9 obj_gh60_lufa/protocol/lufa/LUFA-120730/LUFA/Drivers/USB/Core/ConfigDescriptors.o
 .debug_info    0x0000632b      0xa86 obj_gh60_lufa/protocol/lufa/LUFA-120730/LUFA/Drivers/USB/Core/DeviceStandardReq.o
 .debug_info    0x00006db1       0x78 obj_gh60_lufa/protocol/lufa/LUFA-120730/LUFA/Drivers/USB/Core/Events.o
 .debug_info    0x00006e29      0x26d obj_gh60_lufa/protocol/lufa/LUFA-120730/LUFA/Drivers/USB/Core/USBTask.o
 .debug_info    0x00007096      0x73c obj_gh60_lufa/protocol/lufa/LUFA-120730/LUFA/Drivers/USB/Class/Common/HIDParser.o
 .debug_info    0x000077d2      0x546 obj_gh60_lufa/common/host.o
 .debug_info    0x00007d18      0x531 obj_gh60_lufa/common/keyboard.o
 .debug_info    0x00008249     0x15e7 obj_gh60_lufa/common/action.o
 .debug_info    0x00009830      0xe5a obj_gh60_lufa/common/action_tapping.o
 .debug_info    0x0000a68a      0x821 obj_gh60_lufa/common/action_macro.o
 .debug_info    0x0000aeab      0x850 obj_gh60_lufa/common/action_layer.o
 .debug_info    0x0000b6fb      0x70c obj_gh60_lufa/common/action_util.o
 .debug_info    0x0000be07      0xdc4 obj_gh60_lufa/common/keymap.o
 .debug_info    0x0000cbcb       0xda obj_gh60_lufa/common/print.o
 .debug_info    0x0000cca5       0xfc obj_gh60_lufa/common/debug.o
 .debug_info    0x0000cda1      0x29b obj_gh60_lufa/common/util.o
 .debug_info    0x0000d03c      0x275 obj_gh60_lufa/common/avr/suspend.o
 .debug_info    0x0000d2b1      0x204 obj_gh60_lufa/common/avr/timer.o
 .debug_info    0x0000d4b5      0x18a obj_gh60_lufa/common/avr/bootloader.o
 .debug_info    0x0000d63f      0xc03 obj_gh60_lufa/common/bootmagic.o
 .debug_info    0x0000e242      0x3cf obj_gh60_lufa/common/avr/eeconfig.o
 .debug_info    0x0000e611      0x7bf obj_gh60_lufa/common/mousekey.o
 .debug_info    0x0000edd0     0x1d57 obj_gh60_lufa/common/command.o
 .debug_info    0x00010b27       0xbe /usr/local/CrossPack-AVR-20131216/lib/gcc/avr/4.8.1/avr5/libgcc.a(_divmodhi4.o)
 .debug_info    0x00010be5       0xbe /usr/local/CrossPack-AVR-20131216/lib/gcc/avr/4.8.1/avr5/libgcc.a(_exit.o)
 .debug_info    0x00010ca3       0xbe /usr/local/CrossPack-AVR-20131216/lib/gcc/avr/4.8.1/avr5/libgcc.a(_tablejump.o)
 .debug_info    0x00010d61       0xbe /usr/local/CrossPack-AVR-20131216/lib/gcc/avr/4.8.1/avr5/libgcc.a(_copy_data.o)
 .debug_info    0x00010e1f       0xbe /usr/local/CrossPack-AVR-20131216/lib/gcc/avr/4.8.1/avr5/libgcc.a(_clear_bss.o)
 .debug_info    0x00010edd       0xbe /usr/local/CrossPack-AVR-20131216/lib/gcc/avr/4.8.1/avr5/libgcc.a(_udivmodhi4.o)
 *(.gnu.linkonce.wi.*)

.debug_abbrev   0x00000000     0x3feb
 *(.debug_abbrev)
 .debug_abbrev  0x00000000       0xfd obj_gh60_lufa/keymap_poker.o
 .debug_abbrev  0x000000fd      0x1a1 obj_gh60_lufa/keymap_common.o
 .debug_abbrev  0x0000029e      0x317 obj_gh60_lufa/matrix.o
 .debug_abbrev  0x000005b5       0x60 obj_gh60_lufa/led.o
 .debug_abbrev  0x00000615      0x4af obj_gh60_lufa/protocol/lufa/lufa.o
 .debug_abbrev  0x00000ac4      0x177 obj_gh60_lufa/protocol/lufa/descriptor.o
 .debug_abbrev  0x00000c3b       0x80 obj_gh60_lufa/protocol/lufa/LUFA-120730/LUFA/Drivers/USB/Core/AVR8/Device_AVR8.o
 .debug_abbrev  0x00000cbb      0x222 obj_gh60_lufa/protocol/lufa/LUFA-120730/LUFA/Drivers/USB/Core/AVR8/Endpoint_AVR8.o
 .debug_abbrev  0x00000edd       0x26 obj_gh60_lufa/protocol/lufa/LUFA-120730/LUFA/Drivers/USB/Core/AVR8/Host_AVR8.o
 .debug_abbrev  0x00000f03       0x26 obj_gh60_lufa/protocol/lufa/LUFA-120730/LUFA/Drivers/USB/Core/AVR8/Pipe_AVR8.o
 .debug_abbrev  0x00000f29      0x1a5 obj_gh60_lufa/protocol/lufa/LUFA-120730/LUFA/Drivers/USB/Core/AVR8/USBController_AVR8.o
 .debug_abbrev  0x000010ce      0x234 obj_gh60_lufa/protocol/lufa/LUFA-120730/LUFA/Drivers/USB/Core/AVR8/USBInterrupt_AVR8.o
 .debug_abbrev  0x00001302      0x213 obj_gh60_lufa/protocol/lufa/LUFA-120730/LUFA/Drivers/USB/Core/AVR8/EndpointStream_AVR8.o
 .debug_abbrev  0x00001515       0x26 obj_gh60_lufa/protocol/lufa/LUFA-120730/LUFA/Drivers/USB/Core/AVR8/PipeStream_AVR8.o
 .debug_abbrev  0x0000153b      0x176 obj_gh60_lufa/protocol/lufa/LUFA-120730/LUFA/Drivers/USB/Core/ConfigDescriptors.o
 .debug_abbrev  0x000016b1      0x2af obj_gh60_lufa/protocol/lufa/LUFA-120730/LUFA/Drivers/USB/Core/DeviceStandardReq.o
 .debug_abbrev  0x00001960       0x44 obj_gh60_lufa/protocol/lufa/LUFA-120730/LUFA/Drivers/USB/Core/Events.o
 .debug_abbrev  0x000019a4      0x16d obj_gh60_lufa/protocol/lufa/LUFA-120730/LUFA/Drivers/USB/Core/USBTask.o
 .debug_abbrev  0x00001b11      0x21e obj_gh60_lufa/protocol/lufa/LUFA-120730/LUFA/Drivers/USB/Class/Common/HIDParser.o
 .debug_abbrev  0x00001d2f      0x229 obj_gh60_lufa/common/host.o
 .debug_abbrev  0x00001f58      0x21b obj_gh60_lufa/common/keyboard.o
 .debug_abbrev  0x00002173      0x2e4 obj_gh60_lufa/common/action.o
 .debug_abbrev  0x00002457      0x307 obj_gh60_lufa/common/action_tapping.o
 .debug_abbrev  0x0000275e      0x191 obj_gh60_lufa/common/action_macro.o
 .debug_abbrev  0x000028ef      0x213 obj_gh60_lufa/common/action_layer.o
 .debug_abbrev  0x00002b02      0x31c obj_gh60_lufa/common/action_util.o
 .debug_abbrev  0x00002e1e      0x231 obj_gh60_lufa/common/keymap.o
 .debug_abbrev  0x0000304f       0x97 obj_gh60_lufa/common/print.o
 .debug_abbrev  0x000030e6       0x87 obj_gh60_lufa/common/debug.o
 .debug_abbrev  0x0000316d       0xcb obj_gh60_lufa/common/util.o
 .debug_abbrev  0x00003238      0x1ab obj_gh60_lufa/common/avr/suspend.o
 .debug_abbrev  0x000033e3      0x11e obj_gh60_lufa/common/avr/timer.o
 .debug_abbrev  0x00003501      0x115 obj_gh60_lufa/common/avr/bootloader.o
 .debug_abbrev  0x00003616      0x291 obj_gh60_lufa/common/bootmagic.o
 .debug_abbrev  0x000038a7       0xef obj_gh60_lufa/common/avr/eeconfig.o
 .debug_abbrev  0x00003996      0x204 obj_gh60_lufa/common/mousekey.o
 .debug_abbrev  0x00003b9a      0x3d9 obj_gh60_lufa/common/command.o
 .debug_abbrev  0x00003f73       0x14 /usr/local/CrossPack-AVR-20131216/lib/gcc/avr/4.8.1/avr5/libgcc.a(_divmodhi4.o)
 .debug_abbrev  0x00003f87       0x14 /usr/local/CrossPack-AVR-20131216/lib/gcc/avr/4.8.1/avr5/libgcc.a(_exit.o)
 .debug_abbrev  0x00003f9b       0x14 /usr/local/CrossPack-AVR-20131216/lib/gcc/avr/4.8.1/avr5/libgcc.a(_tablejump.o)
 .debug_abbrev  0x00003faf       0x14 /usr/local/CrossPack-AVR-20131216/lib/gcc/avr/4.8.1/avr5/libgcc.a(_copy_data.o)
 .debug_abbrev  0x00003fc3       0x14 /usr/local/CrossPack-AVR-20131216/lib/gcc/avr/4.8.1/avr5/libgcc.a(_clear_bss.o)
 .debug_abbrev  0x00003fd7       0x14 /usr/local/CrossPack-AVR-20131216/lib/gcc/avr/4.8.1/avr5/libgcc.a(_udivmodhi4.o)

.debug_line     0x00000000     0x584c
 *(.debug_line)
 .debug_line    0x00000000      0x10e obj_gh60_lufa/keymap_poker.o
 .debug_line    0x0000010e      0x148 obj_gh60_lufa/keymap_common.o
 .debug_line    0x00000256      0x296 obj_gh60_lufa/matrix.o
 .debug_line    0x000004ec       0x6c obj_gh60_lufa/led.o
 .debug_line    0x00000558      0x752 obj_gh60_lufa/protocol/lufa/lufa.o
 .debug_line    0x00000caa      0x1eb obj_gh60_lufa/protocol/lufa/descriptor.o
 .debug_line    0x00000e95      0x135 obj_gh60_lufa/protocol/lufa/LUFA-120730/LUFA/Drivers/USB/Core/AVR8/Device_AVR8.o
 .debug_line    0x00000fca      0x3dc obj_gh60_lufa/protocol/lufa/LUFA-120730/LUFA/Drivers/USB/Core/AVR8/Endpoint_AVR8.o
 .debug_line    0x000013a6       0x1a obj_gh60_lufa/protocol/lufa/LUFA-120730/LUFA/Drivers/USB/Core/AVR8/Host_AVR8.o
 .debug_line    0x000013c0       0x1a obj_gh60_lufa/protocol/lufa/LUFA-120730/LUFA/Drivers/USB/Core/AVR8/Pipe_AVR8.o
 .debug_line    0x000013da      0x29b obj_gh60_lufa/protocol/lufa/LUFA-120730/LUFA/Drivers/USB/Core/AVR8/USBController_AVR8.o
 .debug_line    0x00001675      0x4b5 obj_gh60_lufa/protocol/lufa/LUFA-120730/LUFA/Drivers/USB/Core/AVR8/USBInterrupt_AVR8.o
 .debug_line    0x00001b2a      0xc2d obj_gh60_lufa/protocol/lufa/LUFA-120730/LUFA/Drivers/USB/Core/AVR8/EndpointStream_AVR8.o
 .debug_line    0x00002757       0x1a obj_gh60_lufa/protocol/lufa/LUFA-120730/LUFA/Drivers/USB/Core/AVR8/PipeStream_AVR8.o
 .debug_line    0x00002771      0x18c obj_gh60_lufa/protocol/lufa/LUFA-120730/LUFA/Drivers/USB/Core/ConfigDescriptors.o
 .debug_line    0x000028fd      0x399 obj_gh60_lufa/protocol/lufa/LUFA-120730/LUFA/Drivers/USB/Core/DeviceStandardReq.o
 .debug_line    0x00002c96       0x6b obj_gh60_lufa/protocol/lufa/LUFA-120730/LUFA/Drivers/USB/Core/Events.o
 .debug_line    0x00002d01        0x0 obj_gh60_lufa/protocol/lufa/LUFA-120730/LUFA/Drivers/USB/Core/HostStandardReq.o
 .debug_line    0x00002d01      0x19a obj_gh60_lufa/protocol/lufa/LUFA-120730/LUFA/Drivers/USB/Core/USBTask.o
 .debug_line    0x00002e9b      0x23e obj_gh60_lufa/protocol/lufa/LUFA-120730/LUFA/Drivers/USB/Class/Common/HIDParser.o
 .debug_line    0x000030d9      0x1c2 obj_gh60_lufa/common/host.o
 .debug_line    0x0000329b      0x1f2 obj_gh60_lufa/common/keyboard.o
 .debug_line    0x0000348d      0x498 obj_gh60_lufa/common/action.o
 .debug_line    0x00003925      0x298 obj_gh60_lufa/common/action_tapping.o
 .debug_line    0x00003bbd      0x1ae obj_gh60_lufa/common/action_macro.o
 .debug_line    0x00003d6b      0x22a obj_gh60_lufa/common/action_layer.o
 .debug_line    0x00003f95      0x288 obj_gh60_lufa/common/action_util.o
 .debug_line    0x0000421d      0x215 obj_gh60_lufa/common/keymap.o
 .debug_line    0x00004432       0x9a obj_gh60_lufa/common/print.o
 .debug_line    0x000044cc       0x77 obj_gh60_lufa/common/debug.o
 .debug_line    0x00004543      0x18c obj_gh60_lufa/common/util.o
 .debug_line    0x000046cf      0x1d5 obj_gh60_lufa/common/avr/suspend.o
 .debug_line    0x000048a4      0x11b obj_gh60_lufa/common/avr/timer.o
 .debug_line    0x000049bf      0x183 obj_gh60_lufa/common/avr/bootloader.o
 .debug_line    0x00004b42      0x26f obj_gh60_lufa/common/bootmagic.o
 .debug_line    0x00004db1      0x154 obj_gh60_lufa/common/avr/eeconfig.o
 .debug_line    0x00004f05      0x310 obj_gh60_lufa/common/mousekey.o
 .debug_line    0x00005215      0x3f1 obj_gh60_lufa/common/command.o
 .debug_line    0x00005606       0x69 /usr/local/CrossPack-AVR-20131216/lib/gcc/avr/4.8.1/avr5/libgcc.a(_divmodhi4.o)
 .debug_line    0x0000566f       0x58 /usr/local/CrossPack-AVR-20131216/lib/gcc/avr/4.8.1/avr5/libgcc.a(_exit.o)
 .debug_line    0x000056c7       0x5c /usr/local/CrossPack-AVR-20131216/lib/gcc/avr/4.8.1/avr5/libgcc.a(_tablejump.o)
 .debug_line    0x00005723       0x61 /usr/local/CrossPack-AVR-20131216/lib/gcc/avr/4.8.1/avr5/libgcc.a(_copy_data.o)
 .debug_line    0x00005784       0x5e /usr/local/CrossPack-AVR-20131216/lib/gcc/avr/4.8.1/avr5/libgcc.a(_clear_bss.o)
 .debug_line    0x000057e2       0x6a /usr/local/CrossPack-AVR-20131216/lib/gcc/avr/4.8.1/avr5/libgcc.a(_udivmodhi4.o)

.debug_frame    0x00000000     0x1d00
 *(.debug_frame)
 .debug_frame   0x00000000       0x34 obj_gh60_lufa/keymap_poker.o
 .debug_frame   0x00000034       0x54 obj_gh60_lufa/keymap_common.o
 .debug_frame   0x00000088      0x164 obj_gh60_lufa/matrix.o
 .debug_frame   0x000001ec       0x24 obj_gh60_lufa/led.o
 .debug_frame   0x00000210      0x158 obj_gh60_lufa/protocol/lufa/lufa.o
 .debug_frame   0x00000368       0x24 obj_gh60_lufa/protocol/lufa/descriptor.o
 .debug_frame   0x0000038c       0x24 obj_gh60_lufa/protocol/lufa/LUFA-120730/LUFA/Drivers/USB/Core/AVR8/Device_AVR8.o
 .debug_frame   0x000003b0       0x7c obj_gh60_lufa/protocol/lufa/LUFA-120730/LUFA/Drivers/USB/Core/AVR8/Endpoint_AVR8.o
 .debug_frame   0x0000042c       0x5c obj_gh60_lufa/protocol/lufa/LUFA-120730/LUFA/Drivers/USB/Core/AVR8/USBController_AVR8.o
 .debug_frame   0x00000488      0x104 obj_gh60_lufa/protocol/lufa/LUFA-120730/LUFA/Drivers/USB/Core/AVR8/USBInterrupt_AVR8.o
 .debug_frame   0x0000058c      0x414 obj_gh60_lufa/protocol/lufa/LUFA-120730/LUFA/Drivers/USB/Core/AVR8/EndpointStream_AVR8.o
 .debug_frame   0x000009a0      0x124 obj_gh60_lufa/protocol/lufa/LUFA-120730/LUFA/Drivers/USB/Core/ConfigDescriptors.o
 .debug_frame   0x00000ac4       0x44 obj_gh60_lufa/protocol/lufa/LUFA-120730/LUFA/Drivers/USB/Core/DeviceStandardReq.o
 .debug_frame   0x00000b08       0x24 obj_gh60_lufa/protocol/lufa/LUFA-120730/LUFA/Drivers/USB/Core/Events.o
 .debug_frame   0x00000b2c       0x2c obj_gh60_lufa/protocol/lufa/LUFA-120730/LUFA/Drivers/USB/Core/USBTask.o
 .debug_frame   0x00000b58      0x134 obj_gh60_lufa/protocol/lufa/LUFA-120730/LUFA/Drivers/USB/Class/Common/HIDParser.o
 .debug_frame   0x00000c8c       0xd4 obj_gh60_lufa/common/host.o
 .debug_frame   0x00000d60       0xdc obj_gh60_lufa/common/keyboard.o
 .debug_frame   0x00000e3c      0x170 obj_gh60_lufa/common/action.o
 .debug_frame   0x00000fac       0xf0 obj_gh60_lufa/common/action_tapping.o
 .debug_frame   0x0000109c       0x68 obj_gh60_lufa/common/action_macro.o
 .debug_frame   0x00001104      0x19c obj_gh60_lufa/common/action_layer.o
 .debug_frame   0x000012a0      0x170 obj_gh60_lufa/common/action_util.o
 .debug_frame   0x00001410       0x74 obj_gh60_lufa/common/keymap.o
 .debug_frame   0x00001484       0x24 obj_gh60_lufa/common/print.o
 .debug_frame   0x000014a8      0x110 obj_gh60_lufa/common/util.o
 .debug_frame   0x000015b8       0xb0 obj_gh60_lufa/common/avr/suspend.o
 .debug_frame   0x00001668       0xf0 obj_gh60_lufa/common/avr/timer.o
 .debug_frame   0x00001758       0x34 obj_gh60_lufa/common/avr/bootloader.o
 .debug_frame   0x0000178c       0xa4 obj_gh60_lufa/common/bootmagic.o
 .debug_frame   0x00001830       0xb4 obj_gh60_lufa/common/avr/eeconfig.o
 .debug_frame   0x000018e4       0xf0 obj_gh60_lufa/common/mousekey.o
 .debug_frame   0x000019d4      0x32c obj_gh60_lufa/common/command.o

.debug_str      0x00000000     0x45e2
 *(.debug_str)
 .debug_str     0x00000000      0xc3a obj_gh60_lufa/keymap_poker.o
                                0xc78 (size before relaxing)
 .debug_str     0x00000c3a       0xf0 obj_gh60_lufa/keymap_common.o
                                0x6eb (size before relaxing)
 .debug_str     0x00000d2a      0x179 obj_gh60_lufa/matrix.o
                                0x35b (size before relaxing)
 .debug_str     0x00000ea3       0x16 obj_gh60_lufa/led.o
                                0x17b (size before relaxing)
 .debug_str     0x00000eb9      0x7b2 obj_gh60_lufa/protocol/lufa/lufa.o
                                0xa45 (size before relaxing)
 .debug_str     0x0000166b      0x7bc obj_gh60_lufa/protocol/lufa/descriptor.o
                                0x9b5 (size before relaxing)
 .debug_str     0x00001e27       0x75 obj_gh60_lufa/protocol/lufa/LUFA-120730/LUFA/Drivers/USB/Core/AVR8/Device_AVR8.o
                                0x205 (size before relaxing)
 .debug_str     0x00001e9c      0x250 obj_gh60_lufa/protocol/lufa/LUFA-120730/LUFA/Drivers/USB/Core/AVR8/Endpoint_AVR8.o
                                0x627 (size before relaxing)
 .debug_str     0x000020ec       0x47 obj_gh60_lufa/protocol/lufa/LUFA-120730/LUFA/Drivers/USB/Core/AVR8/Host_AVR8.o
                                0x1a4 (size before relaxing)
 .debug_str     0x00002133       0x47 obj_gh60_lufa/protocol/lufa/LUFA-120730/LUFA/Drivers/USB/Core/AVR8/Pipe_AVR8.o
                                0x1a4 (size before relaxing)
 .debug_str     0x0000217a      0x1d7 obj_gh60_lufa/protocol/lufa/LUFA-120730/LUFA/Drivers/USB/Core/AVR8/USBController_AVR8.o
                                0x566 (size before relaxing)
 .debug_str     0x00002351      0x123 obj_gh60_lufa/protocol/lufa/LUFA-120730/LUFA/Drivers/USB/Core/AVR8/USBInterrupt_AVR8.o
                                0x5e5 (size before relaxing)
 .debug_str     0x00002474      0x4cc obj_gh60_lufa/protocol/lufa/LUFA-120730/LUFA/Drivers/USB/Core/AVR8/EndpointStream_AVR8.o
                                0x868 (size before relaxing)
 .debug_str     0x00002940       0x4d obj_gh60_lufa/protocol/lufa/LUFA-120730/LUFA/Drivers/USB/Core/AVR8/PipeStream_AVR8.o
                                0x1aa (size before relaxing)
 .debug_str     0x0000298d      0x241 obj_gh60_lufa/protocol/lufa/LUFA-120730/LUFA/Drivers/USB/Core/ConfigDescriptors.o
                                0x3ed (size before relaxing)
 .debug_str     0x00002bce      0x3e3 obj_gh60_lufa/protocol/lufa/LUFA-120730/LUFA/Drivers/USB/Core/DeviceStandardReq.o
                                0x9bf (size before relaxing)
 .debug_str     0x00002fb1       0x4e obj_gh60_lufa/protocol/lufa/LUFA-120730/LUFA/Drivers/USB/Core/Events.o
                                0x1ab (size before relaxing)
 .debug_str     0x00002fff        0x0 obj_gh60_lufa/protocol/lufa/LUFA-120730/LUFA/Drivers/USB/Core/HostStandardReq.o
 .debug_str     0x00002fff       0x68 obj_gh60_lufa/protocol/lufa/LUFA-120730/LUFA/Drivers/USB/Core/USBTask.o
                                0x38c (size before relaxing)
 .debug_str     0x00003067      0x4ae obj_gh60_lufa/protocol/lufa/LUFA-120730/LUFA/Drivers/USB/Class/Common/HIDParser.o
                                0x6c9 (size before relaxing)
 .debug_str     0x00003515       0xc4 obj_gh60_lufa/common/host.o
                                0x37c (size before relaxing)
 .debug_str     0x000035d9       0xbc obj_gh60_lufa/common/keyboard.o
                                0x3e2 (size before relaxing)
 .debug_str     0x00003695      0x372 obj_gh60_lufa/common/action.o
                               0x10ec (size before relaxing)
 .debug_str     0x00003a07       0xe3 obj_gh60_lufa/common/action_tapping.o
                                0xaf6 (size before relaxing)
 .debug_str     0x00003aea       0x53 obj_gh60_lufa/common/action_macro.o
                                0x883 (size before relaxing)
 .debug_str     0x00003b3d       0x70 obj_gh60_lufa/common/action_layer.o
                                0x40a (size before relaxing)
 .debug_str     0x00003bad       0xf8 obj_gh60_lufa/common/action_util.o
                                0x3e4 (size before relaxing)
 .debug_str     0x00003ca5       0x28 obj_gh60_lufa/common/keymap.o
                                0xe1d (size before relaxing)
 .debug_str     0x00003ccd       0x2d obj_gh60_lufa/common/print.o
                                0x1ac (size before relaxing)
 .debug_str     0x00003cfa       0x15 obj_gh60_lufa/common/debug.o
                                0x1c2 (size before relaxing)
 .debug_str     0x00003d0f       0x3e obj_gh60_lufa/common/util.o
                                0x1d8 (size before relaxing)
 .debug_str     0x00003d4d       0x51 obj_gh60_lufa/common/avr/suspend.o
                                0x331 (size before relaxing)
 .debug_str     0x00003d9e       0x66 obj_gh60_lufa/common/avr/timer.o
                                0x1ff (size before relaxing)
 .debug_str     0x00003e04       0x5d obj_gh60_lufa/common/avr/bootloader.o
                                0x246 (size before relaxing)
 .debug_str     0x00003e61       0xdf obj_gh60_lufa/common/bootmagic.o
                                0xa30 (size before relaxing)
 .debug_str     0x00003f40       0x73 obj_gh60_lufa/common/avr/eeconfig.o
                                0x2a8 (size before relaxing)
 .debug_str     0x00003fb3       0xf4 obj_gh60_lufa/common/mousekey.o
                                0x686 (size before relaxing)
 .debug_str     0x000040a7      0x53b obj_gh60_lufa/common/command.o
                                0xf84 (size before relaxing)

.debug_loc      0x00000000     0x8e50
 *(.debug_loc)
 .debug_loc     0x00000000       0x8d obj_gh60_lufa/keymap_common.o
 .debug_loc     0x0000008d      0x2de obj_gh60_lufa/matrix.o
 .debug_loc     0x0000036b      0x69a obj_gh60_lufa/protocol/lufa/lufa.o
 .debug_loc     0x00000a05      0x20a obj_gh60_lufa/protocol/lufa/descriptor.o
 .debug_loc     0x00000c0f      0x3f2 obj_gh60_lufa/protocol/lufa/LUFA-120730/LUFA/Drivers/USB/Core/AVR8/Endpoint_AVR8.o
 .debug_loc     0x00001001       0x49 obj_gh60_lufa/protocol/lufa/LUFA-120730/LUFA/Drivers/USB/Core/AVR8/USBController_AVR8.o
 .debug_loc     0x0000104a      0x333 obj_gh60_lufa/protocol/lufa/LUFA-120730/LUFA/Drivers/USB/Core/AVR8/USBInterrupt_AVR8.o
 .debug_loc     0x0000137d     0x1dc8 obj_gh60_lufa/protocol/lufa/LUFA-120730/LUFA/Drivers/USB/Core/AVR8/EndpointStream_AVR8.o
 .debug_loc     0x00003145      0x5bd obj_gh60_lufa/protocol/lufa/LUFA-120730/LUFA/Drivers/USB/Core/ConfigDescriptors.o
 .debug_loc     0x00003702      0x2e7 obj_gh60_lufa/protocol/lufa/LUFA-120730/LUFA/Drivers/USB/Core/DeviceStandardReq.o
 .debug_loc     0x000039e9       0x49 obj_gh60_lufa/protocol/lufa/LUFA-120730/LUFA/Drivers/USB/Core/USBTask.o
 .debug_loc     0x00003a32      0xad6 obj_gh60_lufa/protocol/lufa/LUFA-120730/LUFA/Drivers/USB/Class/Common/HIDParser.o
 .debug_loc     0x00004508      0x1b8 obj_gh60_lufa/common/host.o
 .debug_loc     0x000046c0      0x260 obj_gh60_lufa/common/keyboard.o
 .debug_loc     0x00004920      0xe0a obj_gh60_lufa/common/action.o
 .debug_loc     0x0000572a      0x632 obj_gh60_lufa/common/action_tapping.o
 .debug_loc     0x00005d5c      0x47b obj_gh60_lufa/common/action_macro.o
 .debug_loc     0x000061d7      0x698 obj_gh60_lufa/common/action_layer.o
 .debug_loc     0x0000686f      0x3dc obj_gh60_lufa/common/action_util.o
 .debug_loc     0x00006c4b      0x3aa obj_gh60_lufa/common/keymap.o
 .debug_loc     0x00006ff5      0x503 obj_gh60_lufa/common/util.o
 .debug_loc     0x000074f8       0xc5 obj_gh60_lufa/common/avr/suspend.o
 .debug_loc     0x000075bd      0x20a obj_gh60_lufa/common/avr/timer.o
 .debug_loc     0x000077c7      0x289 obj_gh60_lufa/common/bootmagic.o
 .debug_loc     0x00007a50       0x84 obj_gh60_lufa/common/avr/eeconfig.o
 .debug_loc     0x00007ad4      0x574 obj_gh60_lufa/common/mousekey.o
 .debug_loc     0x00008048      0xe08 obj_gh60_lufa/common/command.o

.debug_macinfo
 *(.debug_macinfo)

.debug_pubtypes
 *(.debug_pubtypes)

.debug_ranges   0x00000000      0xcb0
 *(.debug_ranges)
 .debug_ranges  0x00000000       0x18 obj_gh60_lufa/keymap_poker.o
 .debug_ranges  0x00000018       0x28 obj_gh60_lufa/keymap_common.o
 .debug_ranges  0x00000040       0x68 obj_gh60_lufa/matrix.o
 .debug_ranges  0x000000a8       0x10 obj_gh60_lufa/led.o
 .debug_ranges  0x000000b8       0x90 obj_gh60_lufa/protocol/lufa/lufa.o
 .debug_ranges  0x00000148       0x10 obj_gh60_lufa/protocol/lufa/descriptor.o
 .debug_ranges  0x00000158       0x10 obj_gh60_lufa/protocol/lufa/LUFA-120730/LUFA/Drivers/USB/Core/AVR8/Device_AVR8.o
 .debug_ranges  0x00000168       0x90 obj_gh60_lufa/protocol/lufa/LUFA-120730/LUFA/Drivers/USB/Core/AVR8/Endpoint_AVR8.o
 .debug_ranges  0x000001f8       0x20 obj_gh60_lufa/protocol/lufa/LUFA-120730/LUFA/Drivers/USB/Core/AVR8/USBController_AVR8.o
 .debug_ranges  0x00000218       0x28 obj_gh60_lufa/protocol/lufa/LUFA-120730/LUFA/Drivers/USB/Core/AVR8/USBInterrupt_AVR8.o
 .debug_ranges  0x00000240      0x250 obj_gh60_lufa/protocol/lufa/LUFA-120730/LUFA/Drivers/USB/Core/AVR8/EndpointStream_AVR8.o
 .debug_ranges  0x00000490       0x30 obj_gh60_lufa/protocol/lufa/LUFA-120730/LUFA/Drivers/USB/Core/ConfigDescriptors.o
 .debug_ranges  0x000004c0       0x40 obj_gh60_lufa/protocol/lufa/LUFA-120730/LUFA/Drivers/USB/Core/DeviceStandardReq.o
 .debug_ranges  0x00000500       0x10 obj_gh60_lufa/protocol/lufa/LUFA-120730/LUFA/Drivers/USB/Core/Events.o
 .debug_ranges  0x00000510       0x10 obj_gh60_lufa/protocol/lufa/LUFA-120730/LUFA/Drivers/USB/Core/USBTask.o
 .debug_ranges  0x00000520       0xd0 obj_gh60_lufa/protocol/lufa/LUFA-120730/LUFA/Drivers/USB/Class/Common/HIDParser.o
 .debug_ranges  0x000005f0       0x50 obj_gh60_lufa/common/host.o
 .debug_ranges  0x00000640       0x68 obj_gh60_lufa/common/keyboard.o
 .debug_ranges  0x000006a8      0x100 obj_gh60_lufa/common/action.o
 .debug_ranges  0x000007a8       0x70 obj_gh60_lufa/common/action_tapping.o
 .debug_ranges  0x00000818       0x38 obj_gh60_lufa/common/action_macro.o
 .debug_ranges  0x00000850      0x120 obj_gh60_lufa/common/action_layer.o
 .debug_ranges  0x00000970       0xb8 obj_gh60_lufa/common/action_util.o
 .debug_ranges  0x00000a28       0x38 obj_gh60_lufa/common/keymap.o
 .debug_ranges  0x00000a60       0x10 obj_gh60_lufa/common/print.o
 .debug_ranges  0x00000a70       0x50 obj_gh60_lufa/common/util.o
 .debug_ranges  0x00000ac0       0x58 obj_gh60_lufa/common/avr/suspend.o
 .debug_ranges  0x00000b18       0x40 obj_gh60_lufa/common/avr/timer.o
 .debug_ranges  0x00000b58       0x18 obj_gh60_lufa/common/avr/bootloader.o
 .debug_ranges  0x00000b70       0x48 obj_gh60_lufa/common/bootmagic.o
 .debug_ranges  0x00000bb8       0x58 obj_gh60_lufa/common/avr/eeconfig.o
 .debug_ranges  0x00000c10       0x40 obj_gh60_lufa/common/mousekey.o
 .debug_ranges  0x00000c50       0x60 obj_gh60_lufa/common/command.o

.debug_macro
 *(.debug_macro)
OUTPUT(gh60_lufa.elf elf32-avr)
LOAD linker stubs

Cross Reference Table

Symbol                                            File
CALLBACK_HIDParser_FilterHIDReportItem            obj_gh60_lufa/protocol/lufa/LUFA-120730/LUFA/Drivers/USB/Class/Common/HIDParser.o
CALLBACK_USB_GetDescriptor                        obj_gh60_lufa/protocol/lufa/descriptor.o
                                                  obj_gh60_lufa/protocol/lufa/LUFA-120730/LUFA/Drivers/USB/Core/DeviceStandardReq.o
ConfigurationDescriptor                           obj_gh60_lufa/protocol/lufa/descriptor.o
ConsoleReport                                     obj_gh60_lufa/protocol/lufa/descriptor.o
DeviceDescriptor                                  obj_gh60_lufa/protocol/lufa/descriptor.o
EVENT_USB_Device_ConfigurationChanged             obj_gh60_lufa/protocol/lufa/lufa.o
                                                  obj_gh60_lufa/protocol/lufa/LUFA-120730/LUFA/Drivers/USB/Core/DeviceStandardReq.o
EVENT_USB_Device_Connect                          obj_gh60_lufa/protocol/lufa/lufa.o
                                                  obj_gh60_lufa/protocol/lufa/LUFA-120730/LUFA/Drivers/USB/Core/AVR8/USBInterrupt_AVR8.o
EVENT_USB_Device_ControlRequest                   obj_gh60_lufa/protocol/lufa/lufa.o
                                                  obj_gh60_lufa/protocol/lufa/LUFA-120730/LUFA/Drivers/USB/Core/DeviceStandardReq.o
EVENT_USB_Device_Disconnect                       obj_gh60_lufa/protocol/lufa/lufa.o
                                                  obj_gh60_lufa/protocol/lufa/LUFA-120730/LUFA/Drivers/USB/Core/AVR8/USBInterrupt_AVR8.o
EVENT_USB_Device_Reset                            obj_gh60_lufa/protocol/lufa/lufa.o
                                                  obj_gh60_lufa/protocol/lufa/LUFA-120730/LUFA/Drivers/USB/Core/AVR8/USBInterrupt_AVR8.o
EVENT_USB_Device_StartOfFrame                     obj_gh60_lufa/protocol/lufa/lufa.o
                                                  obj_gh60_lufa/protocol/lufa/LUFA-120730/LUFA/Drivers/USB/Core/AVR8/USBInterrupt_AVR8.o
EVENT_USB_Device_Suspend                          obj_gh60_lufa/protocol/lufa/lufa.o
                                                  obj_gh60_lufa/protocol/lufa/LUFA-120730/LUFA/Drivers/USB/Core/AVR8/USBInterrupt_AVR8.o
EVENT_USB_Device_WakeUp                           obj_gh60_lufa/protocol/lufa/lufa.o
                                                  obj_gh60_lufa/protocol/lufa/LUFA-120730/LUFA/Drivers/USB/Core/AVR8/USBInterrupt_AVR8.o
Endpoint_ClearEndpoints                           obj_gh60_lufa/protocol/lufa/LUFA-120730/LUFA/Drivers/USB/Core/AVR8/Endpoint_AVR8.o
Endpoint_ClearStatusStage                         obj_gh60_lufa/protocol/lufa/LUFA-120730/LUFA/Drivers/USB/Core/AVR8/Endpoint_AVR8.o
                                                  obj_gh60_lufa/protocol/lufa/LUFA-120730/LUFA/Drivers/USB/Core/DeviceStandardReq.o
                                                  obj_gh60_lufa/protocol/lufa/lufa.o
Endpoint_ConfigureEndpointTable                   obj_gh60_lufa/protocol/lufa/LUFA-120730/LUFA/Drivers/USB/Core/AVR8/Endpoint_AVR8.o
Endpoint_ConfigureEndpoint_Prv                    obj_gh60_lufa/protocol/lufa/LUFA-120730/LUFA/Drivers/USB/Core/AVR8/Endpoint_AVR8.o
                                                  obj_gh60_lufa/protocol/lufa/LUFA-120730/LUFA/Drivers/USB/Core/AVR8/USBInterrupt_AVR8.o
                                                  obj_gh60_lufa/protocol/lufa/LUFA-120730/LUFA/Drivers/USB/Core/AVR8/USBController_AVR8.o
                                                  obj_gh60_lufa/protocol/lufa/lufa.o
Endpoint_Discard_Stream                           obj_gh60_lufa/protocol/lufa/LUFA-120730/LUFA/Drivers/USB/Core/AVR8/EndpointStream_AVR8.o
Endpoint_Null_Stream                              obj_gh60_lufa/protocol/lufa/LUFA-120730/LUFA/Drivers/USB/Core/AVR8/EndpointStream_AVR8.o
Endpoint_Read_Control_EStream_BE                  obj_gh60_lufa/protocol/lufa/LUFA-120730/LUFA/Drivers/USB/Core/AVR8/EndpointStream_AVR8.o
Endpoint_Read_Control_EStream_LE                  obj_gh60_lufa/protocol/lufa/LUFA-120730/LUFA/Drivers/USB/Core/AVR8/EndpointStream_AVR8.o
Endpoint_Read_Control_Stream_BE                   obj_gh60_lufa/protocol/lufa/LUFA-120730/LUFA/Drivers/USB/Core/AVR8/EndpointStream_AVR8.o
Endpoint_Read_Control_Stream_LE                   obj_gh60_lufa/protocol/lufa/LUFA-120730/LUFA/Drivers/USB/Core/AVR8/EndpointStream_AVR8.o
Endpoint_Read_EStream_BE                          obj_gh60_lufa/protocol/lufa/LUFA-120730/LUFA/Drivers/USB/Core/AVR8/EndpointStream_AVR8.o
Endpoint_Read_EStream_LE                          obj_gh60_lufa/protocol/lufa/LUFA-120730/LUFA/Drivers/USB/Core/AVR8/EndpointStream_AVR8.o
Endpoint_Read_Stream_BE                           obj_gh60_lufa/protocol/lufa/LUFA-120730/LUFA/Drivers/USB/Core/AVR8/EndpointStream_AVR8.o
Endpoint_Read_Stream_LE                           obj_gh60_lufa/protocol/lufa/LUFA-120730/LUFA/Drivers/USB/Core/AVR8/EndpointStream_AVR8.o
Endpoint_WaitUntilReady                           obj_gh60_lufa/protocol/lufa/LUFA-120730/LUFA/Drivers/USB/Core/AVR8/Endpoint_AVR8.o
                                                  obj_gh60_lufa/protocol/lufa/LUFA-120730/LUFA/Drivers/USB/Core/AVR8/EndpointStream_AVR8.o
Endpoint_Write_Control_EStream_BE                 obj_gh60_lufa/protocol/lufa/LUFA-120730/LUFA/Drivers/USB/Core/AVR8/EndpointStream_AVR8.o
Endpoint_Write_Control_EStream_LE                 obj_gh60_lufa/protocol/lufa/LUFA-120730/LUFA/Drivers/USB/Core/AVR8/EndpointStream_AVR8.o
Endpoint_Write_Control_PStream_BE                 obj_gh60_lufa/protocol/lufa/LUFA-120730/LUFA/Drivers/USB/Core/AVR8/EndpointStream_AVR8.o
Endpoint_Write_Control_PStream_LE                 obj_gh60_lufa/protocol/lufa/LUFA-120730/LUFA/Drivers/USB/Core/AVR8/EndpointStream_AVR8.o
                                                  obj_gh60_lufa/protocol/lufa/LUFA-120730/LUFA/Drivers/USB/Core/DeviceStandardReq.o
Endpoint_Write_Control_Stream_BE                  obj_gh60_lufa/protocol/lufa/LUFA-120730/LUFA/Drivers/USB/Core/AVR8/EndpointStream_AVR8.o
Endpoint_Write_Control_Stream_LE                  obj_gh60_lufa/protocol/lufa/LUFA-120730/LUFA/Drivers/USB/Core/AVR8/EndpointStream_AVR8.o
                                                  obj_gh60_lufa/protocol/lufa/LUFA-120730/LUFA/Drivers/USB/Core/DeviceStandardReq.o
                                                  obj_gh60_lufa/protocol/lufa/lufa.o
Endpoint_Write_EStream_BE                         obj_gh60_lufa/protocol/lufa/LUFA-120730/LUFA/Drivers/USB/Core/AVR8/EndpointStream_AVR8.o
Endpoint_Write_EStream_LE                         obj_gh60_lufa/protocol/lufa/LUFA-120730/LUFA/Drivers/USB/Core/AVR8/EndpointStream_AVR8.o
Endpoint_Write_PStream_BE                         obj_gh60_lufa/protocol/lufa/LUFA-120730/LUFA/Drivers/USB/Core/AVR8/EndpointStream_AVR8.o
Endpoint_Write_PStream_LE                         obj_gh60_lufa/protocol/lufa/LUFA-120730/LUFA/Drivers/USB/Core/AVR8/EndpointStream_AVR8.o
Endpoint_Write_Stream_BE                          obj_gh60_lufa/protocol/lufa/LUFA-120730/LUFA/Drivers/USB/Core/AVR8/EndpointStream_AVR8.o
Endpoint_Write_Stream_LE                          obj_gh60_lufa/protocol/lufa/LUFA-120730/LUFA/Drivers/USB/Core/AVR8/EndpointStream_AVR8.o
                                                  obj_gh60_lufa/protocol/lufa/lufa.o
ExtrakeyReport                                    obj_gh60_lufa/protocol/lufa/descriptor.o
KeyboardReport                                    obj_gh60_lufa/protocol/lufa/descriptor.o
LanguageString                                    obj_gh60_lufa/protocol/lufa/descriptor.o
ManufacturerString                                obj_gh60_lufa/protocol/lufa/descriptor.o
MouseReport                                       obj_gh60_lufa/protocol/lufa/descriptor.o
NKROReport                                        obj_gh60_lufa/protocol/lufa/descriptor.o
ProductString                                     obj_gh60_lufa/protocol/lufa/descriptor.o
USB_ControlRequest                                obj_gh60_lufa/protocol/lufa/LUFA-120730/LUFA/Drivers/USB/Core/USBTask.o
                                                  obj_gh60_lufa/protocol/lufa/LUFA-120730/LUFA/Drivers/USB/Core/DeviceStandardReq.o
                                                  obj_gh60_lufa/protocol/lufa/LUFA-120730/LUFA/Drivers/USB/Core/AVR8/EndpointStream_AVR8.o
                                                  obj_gh60_lufa/protocol/lufa/LUFA-120730/LUFA/Drivers/USB/Core/AVR8/Endpoint_AVR8.o
                                                  obj_gh60_lufa/protocol/lufa/lufa.o
USB_DeviceState                                   obj_gh60_lufa/common/avr/suspend.o
                                                  obj_gh60_lufa/protocol/lufa/LUFA-120730/LUFA/Drivers/USB/Core/USBTask.o
                                                  obj_gh60_lufa/protocol/lufa/LUFA-120730/LUFA/Drivers/USB/Core/DeviceStandardReq.o
                                                  obj_gh60_lufa/protocol/lufa/LUFA-120730/LUFA/Drivers/USB/Core/AVR8/EndpointStream_AVR8.o
                                                  obj_gh60_lufa/protocol/lufa/LUFA-120730/LUFA/Drivers/USB/Core/AVR8/USBInterrupt_AVR8.o
                                                  obj_gh60_lufa/protocol/lufa/LUFA-120730/LUFA/Drivers/USB/Core/AVR8/USBController_AVR8.o
                                                  obj_gh60_lufa/protocol/lufa/LUFA-120730/LUFA/Drivers/USB/Core/AVR8/Endpoint_AVR8.o
                                                  obj_gh60_lufa/protocol/lufa/lufa.o
USB_Device_ConfigurationNumber                    obj_gh60_lufa/protocol/lufa/LUFA-120730/LUFA/Drivers/USB/Core/DeviceStandardReq.o
                                                  obj_gh60_lufa/protocol/lufa/LUFA-120730/LUFA/Drivers/USB/Core/AVR8/USBInterrupt_AVR8.o
                                                  obj_gh60_lufa/protocol/lufa/LUFA-120730/LUFA/Drivers/USB/Core/AVR8/USBController_AVR8.o
USB_Device_CurrentlySelfPowered                   obj_gh60_lufa/protocol/lufa/LUFA-120730/LUFA/Drivers/USB/Core/DeviceStandardReq.o
                                                  obj_gh60_lufa/protocol/lufa/LUFA-120730/LUFA/Drivers/USB/Core/AVR8/USBController_AVR8.o
USB_Device_ProcessControlRequest                  obj_gh60_lufa/protocol/lufa/LUFA-120730/LUFA/Drivers/USB/Core/DeviceStandardReq.o
                                                  obj_gh60_lufa/protocol/lufa/LUFA-120730/LUFA/Drivers/USB/Core/USBTask.o
                                                  obj_gh60_lufa/protocol/lufa/LUFA-120730/LUFA/Drivers/USB/Core/AVR8/USBInterrupt_AVR8.o
USB_Device_RemoteWakeupEnabled                    obj_gh60_lufa/protocol/lufa/LUFA-120730/LUFA/Drivers/USB/Core/DeviceStandardReq.o
                                                  obj_gh60_lufa/protocol/lufa/LUFA-120730/LUFA/Drivers/USB/Core/AVR8/USBController_AVR8.o
                                                  obj_gh60_lufa/protocol/lufa/lufa.o
USB_Device_SendRemoteWakeup                       obj_gh60_lufa/protocol/lufa/LUFA-120730/LUFA/Drivers/USB/Core/AVR8/Device_AVR8.o
                                                  obj_gh60_lufa/protocol/lufa/lufa.o
USB_Disable                                       obj_gh60_lufa/protocol/lufa/LUFA-120730/LUFA/Drivers/USB/Core/AVR8/USBController_AVR8.o
                                                  obj_gh60_lufa/common/avr/bootloader.o
                                                  obj_gh60_lufa/protocol/lufa/lufa.o
USB_Event_Stub                                    obj_gh60_lufa/protocol/lufa/LUFA-120730/LUFA/Drivers/USB/Core/Events.o
USB_GetHIDReportItemInfo                          obj_gh60_lufa/protocol/lufa/LUFA-120730/LUFA/Drivers/USB/Class/Common/HIDParser.o
USB_GetHIDReportSize                              obj_gh60_lufa/protocol/lufa/LUFA-120730/LUFA/Drivers/USB/Class/Common/HIDParser.o
USB_GetNextDescriptorComp                         obj_gh60_lufa/protocol/lufa/LUFA-120730/LUFA/Drivers/USB/Core/ConfigDescriptors.o
USB_GetNextDescriptorOfType                       obj_gh60_lufa/protocol/lufa/LUFA-120730/LUFA/Drivers/USB/Core/ConfigDescriptors.o
USB_GetNextDescriptorOfTypeAfter                  obj_gh60_lufa/protocol/lufa/LUFA-120730/LUFA/Drivers/USB/Core/ConfigDescriptors.o