Archive member included because of file (symbol)

/usr/local/CrossPack-AVR-20131216/lib/gcc/avr/4.8.1/../../../../avr/lib/avr5/libm.a(fixsfsi.o)
                              obj_gh60_lufa/common/mousekey.o (__fixsfsi)
/usr/local/CrossPack-AVR-20131216/lib/gcc/avr/4.8.1/../../../../avr/lib/avr5/libm.a(fixunssfsi.o)
                              /usr/local/CrossPack-AVR-20131216/lib/gcc/avr/4.8.1/../../../../avr/lib/avr5/libm.a(fixsfsi.o) (__fixunssfsi)
/usr/local/CrossPack-AVR-20131216/lib/gcc/avr/4.8.1/../../../../avr/lib/avr5/libm.a(floatsisf.o)
                              obj_gh60_lufa/common/mousekey.o (__floatsisf)
/usr/local/CrossPack-AVR-20131216/lib/gcc/avr/4.8.1/../../../../avr/lib/avr5/libm.a(fp_split3.o)
                              /usr/local/CrossPack-AVR-20131216/lib/gcc/avr/4.8.1/../../../../avr/lib/avr5/libm.a(fixunssfsi.o) (__fp_splitA)
/usr/local/CrossPack-AVR-20131216/lib/gcc/avr/4.8.1/../../../../avr/lib/avr5/libm.a(fp_zero.o)
                              /usr/local/CrossPack-AVR-20131216/lib/gcc/avr/4.8.1/../../../../avr/lib/avr5/libm.a(fixunssfsi.o) (__fp_zero)
/usr/local/CrossPack-AVR-20131216/lib/gcc/avr/4.8.1/../../../../avr/lib/avr5/libm.a(mulsf3.o)
                              obj_gh60_lufa/common/mousekey.o (__mulsf3)
/usr/local/CrossPack-AVR-20131216/lib/gcc/avr/4.8.1/../../../../avr/lib/avr5/libm.a(mulsf3x.o)
                              /usr/local/CrossPack-AVR-20131216/lib/gcc/avr/4.8.1/../../../../avr/lib/avr5/libm.a(mulsf3.o) (__mulsf3x)
/usr/local/CrossPack-AVR-20131216/lib/gcc/avr/4.8.1/../../../../avr/lib/avr5/libm.a(fp_inf.o)
                              /usr/local/CrossPack-AVR-20131216/lib/gcc/avr/4.8.1/../../../../avr/lib/avr5/libm.a(mulsf3x.o) (__fp_inf)
/usr/local/CrossPack-AVR-20131216/lib/gcc/avr/4.8.1/../../../../avr/lib/avr5/libm.a(fp_nan.o)
                              /usr/local/CrossPack-AVR-20131216/lib/gcc/avr/4.8.1/../../../../avr/lib/avr5/libm.a(mulsf3x.o) (__fp_nan)
/usr/local/CrossPack-AVR-20131216/lib/gcc/avr/4.8.1/../../../../avr/lib/avr5/libm.a(fp_pscA.o)
                              /usr/local/CrossPack-AVR-20131216/lib/gcc/avr/4.8.1/../../../../avr/lib/avr5/libm.a(mulsf3x.o) (__fp_pscA)
/usr/local/CrossPack-AVR-20131216/lib/gcc/avr/4.8.1/../../../../avr/lib/avr5/libm.a(fp_pscB.o)
                              /usr/local/CrossPack-AVR-20131216/lib/gcc/avr/4.8.1/../../../../avr/lib/avr5/libm.a(mulsf3x.o) (__fp_pscB)
/usr/local/CrossPack-AVR-20131216/lib/gcc/avr/4.8.1/../../../../avr/lib/avr5/libm.a(fp_round.o)
                              /usr/local/CrossPack-AVR-20131216/lib/gcc/avr/4.8.1/../../../../avr/lib/avr5/libm.a(mulsf3.o) (__fp_round)
/usr/local/CrossPack-AVR-20131216/lib/gcc/avr/4.8.1/avr5/libgcc.a(_udivmodqi4.o)
                              obj_gh60_lufa/protocol/lufa/lufa.o (__udivmodqi4)
/usr/local/CrossPack-AVR-20131216/lib/gcc/avr/4.8.1/avr5/libgcc.a(_divmodhi4.o)
                              obj_gh60_lufa/common/mousekey.o (__divmodhi4)
/usr/local/CrossPack-AVR-20131216/lib/gcc/avr/4.8.1/avr5/libgcc.a(_exit.o)
                              /usr/local/CrossPack-AVR-20131216/lib/gcc/avr/4.8.1/../../../../avr/lib/avr5/crtm32u4.o (exit)
/usr/local/CrossPack-AVR-20131216/lib/gcc/avr/4.8.1/avr5/libgcc.a(_tablejump.o)
                              obj_gh60_lufa/protocol/lufa/LUFA-120730/LUFA/Drivers/USB/Core/DeviceStandardReq.o (__tablejump2__)
/usr/local/CrossPack-AVR-20131216/lib/gcc/avr/4.8.1/avr5/libgcc.a(_copy_data.o)
                              obj_gh60_lufa/matrix.o (__do_copy_data)
/usr/local/CrossPack-AVR-20131216/lib/gcc/avr/4.8.1/avr5/libgcc.a(_clear_bss.o)
                              obj_gh60_lufa/keymap_poker.o (__do_clear_bss)
/usr/local/CrossPack-AVR-20131216/lib/gcc/avr/4.8.1/avr5/libgcc.a(_udivmodhi4.o)
                              /usr/local/CrossPack-AVR-20131216/lib/gcc/avr/4.8.1/avr5/libgcc.a(_divmodhi4.o) (__udivmodhi4)
/usr/local/CrossPack-AVR-20131216/lib/gcc/avr/4.8.1/../../../../avr/lib/avr5/libc.a(eerd_byte_atmega32u4.o)
                              obj_gh60_lufa/protocol/lufa/LUFA-120730/LUFA/Drivers/USB/Core/AVR8/EndpointStream_AVR8.o (__eerd_byte_m32u4)
/usr/local/CrossPack-AVR-20131216/lib/gcc/avr/4.8.1/../../../../avr/lib/avr5/libc.a(eerd_word_atmega32u4.o)
                              obj_gh60_lufa/common/avr/eeconfig.o (__eerd_word_m32u4)
/usr/local/CrossPack-AVR-20131216/lib/gcc/avr/4.8.1/../../../../avr/lib/avr5/libc.a(eeupd_byte_atmega32u4.o)
                              obj_gh60_lufa/protocol/lufa/LUFA-120730/LUFA/Drivers/USB/Core/AVR8/EndpointStream_AVR8.o (__eeupd_byte_m32u4)
/usr/local/CrossPack-AVR-20131216/lib/gcc/avr/4.8.1/../../../../avr/lib/avr5/libc.a(eewr_byte_atmega32u4.o)
                              obj_gh60_lufa/common/avr/eeconfig.o (__eewr_byte_m32u4)
/usr/local/CrossPack-AVR-20131216/lib/gcc/avr/4.8.1/../../../../avr/lib/avr5/libc.a(eewr_word_atmega32u4.o)
                              obj_gh60_lufa/common/avr/eeconfig.o (__eewr_word_m32u4)
[...]
Memory Configuration

Name             Origin             Length             Attributes
text             0x00000000         0x00020000         xr
data             0x00800060         0x0000ffa0         rw !x
eeprom           0x00810000         0x00010000         rw !x
fuse             0x00820000         0x00000400         rw !x
lock             0x00830000         0x00000400         rw !x
signature        0x00840000         0x00000400         rw !x
user_signatures  0x00850000         0x00000400         rw !x
*default*        0x00000000         0xffffffff

Linker script and memory map

Address of section .data set to 0x800100
LOAD /usr/local/CrossPack-AVR-20131216/lib/gcc/avr/4.8.1/../../../../avr/lib/avr5/crtm32u4.o
LOAD obj_gh60_lufa/keymap_poker.o
LOAD obj_gh60_lufa/keymap_common.o
LOAD obj_gh60_lufa/matrix.o
LOAD obj_gh60_lufa/led.o
LOAD obj_gh60_lufa/protocol/lufa/lufa.o
LOAD obj_gh60_lufa/protocol/lufa/descriptor.o
LOAD obj_gh60_lufa/protocol/lufa/LUFA-120730/LUFA/Drivers/USB/Core/AVR8/Device_AVR8.o
LOAD obj_gh60_lufa/protocol/lufa/LUFA-120730/LUFA/Drivers/USB/Core/AVR8/Endpoint_AVR8.o
LOAD obj_gh60_lufa/protocol/lufa/LUFA-120730/LUFA/Drivers/USB/Core/AVR8/Host_AVR8.o
LOAD obj_gh60_lufa/protocol/lufa/LUFA-120730/LUFA/Drivers/USB/Core/AVR8/Pipe_AVR8.o
LOAD obj_gh60_lufa/protocol/lufa/LUFA-120730/LUFA/Drivers/USB/Core/AVR8/USBController_AVR8.o
LOAD obj_gh60_lufa/protocol/lufa/LUFA-120730/LUFA/Drivers/USB/Core/AVR8/USBInterrupt_AVR8.o
LOAD obj_gh60_lufa/protocol/lufa/LUFA-120730/LUFA/Drivers/USB/Core/AVR8/EndpointStream_AVR8.o
LOAD obj_gh60_lufa/protocol/lufa/LUFA-120730/LUFA/Drivers/USB/Core/AVR8/PipeStream_AVR8.o
LOAD obj_gh60_lufa/protocol/lufa/LUFA-120730/LUFA/Drivers/USB/Core/ConfigDescriptors.o
LOAD obj_gh60_lufa/protocol/lufa/LUFA-120730/LUFA/Drivers/USB/Core/DeviceStandardReq.o
LOAD obj_gh60_lufa/protocol/lufa/LUFA-120730/LUFA/Drivers/USB/Core/Events.o
LOAD obj_gh60_lufa/protocol/lufa/LUFA-120730/LUFA/Drivers/USB/Core/HostStandardReq.o
LOAD obj_gh60_lufa/protocol/lufa/LUFA-120730/LUFA/Drivers/USB/Core/USBTask.o
LOAD obj_gh60_lufa/protocol/lufa/LUFA-120730/LUFA/Drivers/USB/Class/Common/HIDParser.o
LOAD obj_gh60_lufa/common/host.o
LOAD obj_gh60_lufa/common/keyboard.o
LOAD obj_gh60_lufa/common/action.o
LOAD obj_gh60_lufa/common/action_tapping.o
LOAD obj_gh60_lufa/common/action_macro.o
LOAD obj_gh60_lufa/common/action_layer.o
LOAD obj_gh60_lufa/common/action_util.o
LOAD obj_gh60_lufa/common/keymap.o
LOAD obj_gh60_lufa/common/print.o
LOAD obj_gh60_lufa/common/debug.o
LOAD obj_gh60_lufa/common/util.o
LOAD obj_gh60_lufa/common/avr/suspend.o
LOAD obj_gh60_lufa/common/avr/xprintf.o
LOAD obj_gh60_lufa/common/avr/timer.o
LOAD obj_gh60_lufa/common/avr/bootloader.o
LOAD obj_gh60_lufa/common/bootmagic.o
LOAD obj_gh60_lufa/common/avr/eeconfig.o
LOAD obj_gh60_lufa/common/mousekey.o
LOAD obj_gh60_lufa/common/command.o
LOAD /usr/local/CrossPack-AVR-20131216/lib/gcc/avr/4.8.1/../../../../avr/lib/avr5/libm.a
START GROUP
LOAD /usr/local/CrossPack-AVR-20131216/lib/gcc/avr/4.8.1/avr5/libgcc.a
LOAD /usr/local/CrossPack-AVR-20131216/lib/gcc/avr/4.8.1/../../../../avr/lib/avr5/libm.a
LOAD /usr/local/CrossPack-AVR-20131216/lib/gcc/avr/4.8.1/../../../../avr/lib/avr5/libc.a
END GROUP

.hash
 *(.hash)

.dynsym
 *(.dynsym)

.dynstr
 *(.dynstr)

.gnu.version
 *(.gnu.version)

.gnu.version_d
 *(.gnu.version_d)

.gnu.version_r
 *(.gnu.version_r)

.rel.init
 *(.rel.init)

.rela.init
 *(.rela.init)

.rel.text
 *(.rel.text)
 *(.rel.text.*)
 *(.rel.gnu.linkonce.t*)

.rela.text
 *(.rela.text)
 *(.rela.text.*)
 *(.rela.gnu.linkonce.t*)

.rel.fini
 *(.rel.fini)

.rela.fini
 *(.rela.fini)

.rel.rodata
 *(.rel.rodata)
 *(.rel.rodata.*)
 *(.rel.gnu.linkonce.r*)

.rela.rodata
 *(.rela.rodata)
 *(.rela.rodata.*)
 *(.rela.gnu.linkonce.r*)

.rel.data
 *(.rel.data)
 *(.rel.data.*)
 *(.rel.gnu.linkonce.d*)

.rela.data
 *(.rela.data)
 *(.rela.data.*)
 *(.rela.gnu.linkonce.d*)

.rel.ctors
 *(.rel.ctors)

.rela.ctors
 *(.rela.ctors)

.rel.dtors
 *(.rel.dtors)

.rela.dtors
 *(.rela.dtors)

.rel.got
 *(.rel.got)

.rela.got
 *(.rela.got)

.rel.bss
 *(.rel.bss)

.rela.bss
 *(.rela.bss)

.rel.plt
 *(.rel.plt)

.rela.plt
 *(.rela.plt)

.text           0x00000000     0x541a
 *(.vectors)
 .vectors       0x00000000       0xac /usr/local/CrossPack-AVR-20131216/lib/gcc/avr/4.8.1/../../../../avr/lib/avr5/crtm32u4.o
                0x00000000                __vectors
                0x00000000                __vector_default
 *(.vectors)
 *(.progmem.gcc*)
 .progmem.gcc_sw_table.USB_Device_ProcessControlRequest
                0x000000ac       0x14 obj_gh60_lufa/protocol/lufa/LUFA-120730/LUFA/Drivers/USB/Core/DeviceStandardReq.o
 .progmem.gcc_sw_table.process_action
                0x000000c0       0x20 obj_gh60_lufa/common/action.o
                0x000000e0                . = ALIGN (0x2)
                0x000000e0                __trampolines_start = .
 *(.trampolines)
 .trampolines   0x000000e0        0x0 linker stubs
 *(.trampolines*)
                0x000000e0                __trampolines_end = .
 *(.progmem*)
 .progmem.data.fn_actions
                0x000000e0        0x2 obj_gh60_lufa/keymap_poker.o
                0x000000e0                fn_actions
 .progmem.data.keymaps
                0x000000e2       0x8c obj_gh60_lufa/keymap_poker.o
                0x000000e2                keymaps
 .progmem.data.__c.2365
                0x0000016e        0x2 obj_gh60_lufa/matrix.o
 .progmem.data.__c.2363
                0x00000170        0x6 obj_gh60_lufa/matrix.o
 .progmem.data.__c.2361
                0x00000176        0x3 obj_gh60_lufa/matrix.o
 .progmem.data.__c.2359
                0x00000179        0x5 obj_gh60_lufa/matrix.o
 .progmem.data.__c.2356
                0x0000017e       0x17 obj_gh60_lufa/matrix.o
 .progmem.data.__c.2329
                0x00000195        0x2 obj_gh60_lufa/matrix.o
 .progmem.data.__c.2327
                0x00000197        0x5 obj_gh60_lufa/matrix.o
 .progmem.data.__c.2325
                0x0000019c        0xa obj_gh60_lufa/matrix.o
 .progmem.data.__c.4744
                0x000001a6        0x4 obj_gh60_lufa/protocol/lufa/lufa.o
 .progmem.data.__c.4742
                0x000001aa       0x11 obj_gh60_lufa/protocol/lufa/lufa.o
 .progmem.data.__c.4740
                0x000001bb       0x11 obj_gh60_lufa/protocol/lufa/lufa.o
 .progmem.data.__c.4638
                0x000001cc        0x4 obj_gh60_lufa/protocol/lufa/lufa.o
 .progmem.data.__c.4634
                0x000001d0        0x4 obj_gh60_lufa/protocol/lufa/lufa.o
 .progmem.data.__c.4630
                0x000001d4        0x4 obj_gh60_lufa/protocol/lufa/lufa.o
 .progmem.data.__c.4625
                0x000001d8        0x4 obj_gh60_lufa/protocol/lufa/lufa.o
 .progmem.data.__c.4620
                0x000001dc        0x4 obj_gh60_lufa/protocol/lufa/lufa.o
 .progmem.data.ProductString
                0x000001e0       0x10 obj_gh60_lufa/protocol/lufa/descriptor.o
                0x000001e0                ProductString
 .progmem.data.ManufacturerString
                0x000001f0       0x10 obj_gh60_lufa/protocol/lufa/descriptor.o
                0x000001f0                ManufacturerString
 .progmem.data.LanguageString
                0x00000200        0x4 obj_gh60_lufa/protocol/lufa/descriptor.o
                0x00000200                LanguageString
 .progmem.data.ConfigurationDescriptor
                0x00000204       0x8d obj_gh60_lufa/protocol/lufa/descriptor.o
                0x00000204                ConfigurationDescriptor
 .progmem.data.DeviceDescriptor
                0x00000291       0x12 obj_gh60_lufa/protocol/lufa/descriptor.o
                0x00000291                DeviceDescriptor
 .progmem.data.NKROReport
                0x000002a3       0x39 obj_gh60_lufa/protocol/lufa/descriptor.o
                0x000002a3                NKROReport
 .progmem.data.ConsoleReport
                0x000002dc       0x20 obj_gh60_lufa/protocol/lufa/descriptor.o
                0x000002dc                ConsoleReport
 .progmem.data.ExtrakeyReport
                0x000002fc       0x36 obj_gh60_lufa/protocol/lufa/descriptor.o
                0x000002fc                ExtrakeyReport
 .progmem.data.MouseReport
                0x00000332       0x4d obj_gh60_lufa/protocol/lufa/descriptor.o
                0x00000332                MouseReport
 .progmem.data.KeyboardReport
                0x0000037f       0x3f obj_gh60_lufa/protocol/lufa/descriptor.o
                0x0000037f                KeyboardReport
 .progmem.data.__c.4395
                0x000003be        0x2 obj_gh60_lufa/common/host.o
 .progmem.data.__c.4390
                0x000003c0        0x6 obj_gh60_lufa/common/host.o
 .progmem.data.__c.4387
                0x000003c6       0x12 obj_gh60_lufa/common/host.o
 .progmem.data.__c.4732
                0x000003d8        0x2 obj_gh60_lufa/common/keyboard.o
 .progmem.data.__c.4730
                0x000003da        0x5 obj_gh60_lufa/common/keyboard.o
 .progmem.data.__c.4728
                0x000003df       0x13 obj_gh60_lufa/common/keyboard.o
 .progmem.data.__c.4535
                0x000003f2       0x1e obj_gh60_lufa/common/action_util.o
 .progmem.data.__c.4530
                0x00000410       0x1e obj_gh60_lufa/common/action_util.o
 .progmem.data.__c.4672
                0x0000042e        0x7 obj_gh60_lufa/common/bootmagic.o
 .progmem.data.__c.4666
                0x00000435       0x15 obj_gh60_lufa/common/bootmagic.o
 .progmem.data.__c.4467
                0x0000044a        0x3 obj_gh60_lufa/common/mousekey.o
 .progmem.data.__c.4465
                0x0000044d        0x3 obj_gh60_lufa/common/mousekey.o
 .progmem.data.__c.4463
                0x00000450        0x2 obj_gh60_lufa/common/mousekey.o
 .progmem.data.__c.4461
                0x00000452        0x3 obj_gh60_lufa/common/mousekey.o
 .progmem.data.__c.4459
                0x00000455        0x3 obj_gh60_lufa/common/mousekey.o
 .progmem.data.__c.4457
                0x00000458        0x3 obj_gh60_lufa/common/mousekey.o
 .progmem.data.__c.4455
                0x0000045b        0x2 obj_gh60_lufa/common/mousekey.o
 .progmem.data.__c.4453
                0x0000045d        0x3 obj_gh60_lufa/common/mousekey.o
 .progmem.data.__c.4451
                0x00000460        0x2 obj_gh60_lufa/common/mousekey.o
 .progmem.data.__c.4449
                0x00000462        0x3 obj_gh60_lufa/common/mousekey.o
 .progmem.data.__c.4447
                0x00000465        0x2 obj_gh60_lufa/common/mousekey.o
 .progmem.data.__c.4445
                0x00000467        0x3 obj_gh60_lufa/common/mousekey.o
 .progmem.data.__c.4443
                0x0000046a        0x2 obj_gh60_lufa/common/mousekey.o
 .progmem.data.__c.4441
                0x0000046c        0x5 obj_gh60_lufa/common/mousekey.o
 .progmem.data.__c.4439
                0x00000471       0x23 obj_gh60_lufa/common/mousekey.o
 .progmem.data.__c.5061
                0x00000494       0x1b obj_gh60_lufa/common/command.o
 .progmem.data.__c.5058
                0x000004af       0x19 obj_gh60_lufa/common/command.o
 .progmem.data.__c.5055
                0x000004c8       0x15 obj_gh60_lufa/common/command.o
 .progmem.data.__c.5052
                0x000004dd       0x13 obj_gh60_lufa/common/command.o
 .progmem.data.__c.5049
                0x000004f0       0x12 obj_gh60_lufa/common/command.o
 .progmem.data.__c.5045
                0x00000502        0xf obj_gh60_lufa/common/command.o
 .progmem.data.__c.5038
                0x00000511       0x1b obj_gh60_lufa/common/command.o
 .progmem.data.__c.5035
                0x0000052c       0x19 obj_gh60_lufa/common/command.o
 .progmem.data.__c.5032
                0x00000545       0x15 obj_gh60_lufa/common/command.o
 .progmem.data.__c.5029
                0x0000055a       0x13 obj_gh60_lufa/common/command.o
 .progmem.data.__c.5026
                0x0000056d       0x12 obj_gh60_lufa/common/command.o
 .progmem.data.__c.5022
                0x0000057f        0xf obj_gh60_lufa/common/command.o
 .progmem.data.__c.5015
                0x0000058e        0x2 obj_gh60_lufa/common/command.o
 .progmem.data.__c.5013
                0x00000590        0x3 obj_gh60_lufa/common/command.o
 .progmem.data.__c.5011
                0x00000593       0x17 obj_gh60_lufa/common/command.o
 .progmem.data.__c.5009
                0x000005aa        0x2 obj_gh60_lufa/common/command.o
 .progmem.data.__c.5007
                0x000005ac        0x3 obj_gh60_lufa/common/command.o
 .progmem.data.__c.5005
                0x000005af       0x15 obj_gh60_lufa/common/command.o
 .progmem.data.__c.5003
                0x000005c4        0x2 obj_gh60_lufa/common/command.o
 .progmem.data.__c.5001
                0x000005c6        0x3 obj_gh60_lufa/common/command.o
 .progmem.data.__c.4999
                0x000005c9       0x11 obj_gh60_lufa/common/command.o
 .progmem.data.__c.4997
                0x000005da        0x2 obj_gh60_lufa/common/command.o
 .progmem.data.__c.4995
                0x000005dc        0x3 obj_gh60_lufa/common/command.o
 .progmem.data.__c.4993
                0x000005df        0xf obj_gh60_lufa/common/command.o
 .progmem.data.__c.4991
                0x000005ee        0x2 obj_gh60_lufa/common/command.o
 .progmem.data.__c.4989
                0x000005f0        0x3 obj_gh60_lufa/common/command.o
 .progmem.data.__c.4987
                0x000005f3       0x12 obj_gh60_lufa/common/command.o
 .progmem.data.__c.4985
                0x00000605        0x2 obj_gh60_lufa/common/command.o
 .progmem.data.__c.4983
                0x00000607        0x3 obj_gh60_lufa/common/command.o
 .progmem.data.__c.4981
                0x0000060a       0x12 obj_gh60_lufa/common/command.o
 .progmem.data.__c.4979
                0x0000061c        0xe obj_gh60_lufa/common/command.o
 .progmem.data.__c.5099
                0x0000062a        0x3 obj_gh60_lufa/common/command.o
 .progmem.data.__c.5097
                0x0000062d        0x6 obj_gh60_lufa/common/command.o
 .progmem.data.__c.5095
                0x00000633        0x2 obj_gh60_lufa/common/command.o
 .progmem.data.__c.5092
                0x00000635        0xd obj_gh60_lufa/common/command.o
 .progmem.data.__c.5078
                0x00000642        0x4 obj_gh60_lufa/common/command.o
 .progmem.data.__c.5068
                0x00000646       0x4e obj_gh60_lufa/common/command.o
 .progmem.data.__c.5066
                0x00000694       0xfb obj_gh60_lufa/common/command.o
 .progmem.data.__c.4971
                0x0000078f        0x2 obj_gh60_lufa/common/command.o
 .progmem.data.__c.4968
                0x00000791        0x4 obj_gh60_lufa/common/command.o
 .progmem.data.__c.4973
                0x00000795        0x4 obj_gh60_lufa/common/command.o
 .progmem.data.__c.5117
                0x00000799        0x5 obj_gh60_lufa/common/command.o
 .progmem.data.__c.4957
                0x0000079e       0x27 obj_gh60_lufa/common/command.o
 .progmem.data.__c.4783
                0x000007c5       0xa5 obj_gh60_lufa/common/command.o
 .progmem.data.__c.4878
                0x0000086a        0x2 obj_gh60_lufa/common/command.o
 .progmem.data.__c.4876
                0x0000086c        0x3 obj_gh60_lufa/common/command.o
 .progmem.data.__c.4874
                0x0000086f        0x8 obj_gh60_lufa/common/command.o
 .progmem.data.__c.4872
                0x00000877        0x2 obj_gh60_lufa/common/command.o
 .progmem.data.__c.4870
                0x00000879        0x3 obj_gh60_lufa/common/command.o
 .progmem.data.__c.4868
                0x0000087c       0x1c obj_gh60_lufa/common/command.o
 .progmem.data.__c.4866
                0x00000898        0x2 obj_gh60_lufa/common/command.o
 .progmem.data.__c.4864
                0x0000089a        0x3 obj_gh60_lufa/common/command.o
 .progmem.data.__c.4862
                0x0000089d       0x12 obj_gh60_lufa/common/command.o
 .progmem.data.__c.4860
                0x000008af        0x2 obj_gh60_lufa/common/command.o
 .progmem.data.__c.4858
                0x000008b1        0x3 obj_gh60_lufa/common/command.o
 .progmem.data.__c.4856
                0x000008b4        0xa obj_gh60_lufa/common/command.o
 .progmem.data.__c.4854
                0x000008be        0x2 obj_gh60_lufa/common/command.o
 .progmem.data.__c.4852
                0x000008c0        0x3 obj_gh60_lufa/common/command.o
 .progmem.data.__c.4850
                0x000008c3       0x12 obj_gh60_lufa/common/command.o
 .progmem.data.__c.4848
                0x000008d5        0x2 obj_gh60_lufa/common/command.o
 .progmem.data.__c.4846
                0x000008d7        0x3 obj_gh60_lufa/common/command.o
 .progmem.data.__c.4844
                0x000008da       0x12 obj_gh60_lufa/common/command.o
 .progmem.data.__c.4842
                0x000008ec        0x2 obj_gh60_lufa/common/command.o
 .progmem.data.__c.4840
                0x000008ee        0x3 obj_gh60_lufa/common/command.o
 .progmem.data.__c.4838
                0x000008f1       0x17 obj_gh60_lufa/common/command.o
 .progmem.data.__c.4836
                0x00000908        0x2 obj_gh60_lufa/common/command.o
 .progmem.data.__c.4834
                0x0000090a        0x3 obj_gh60_lufa/common/command.o
 .progmem.data.__c.4832
                0x0000090d       0x19 obj_gh60_lufa/common/command.o
 .progmem.data.__c.4830
                0x00000926        0x2 obj_gh60_lufa/common/command.o
 .progmem.data.__c.4828
                0x00000928        0x5 obj_gh60_lufa/common/command.o
 .progmem.data.__c.4826
                0x0000092d       0x14 obj_gh60_lufa/common/command.o
 .progmem.data.__c.4823
                0x00000941        0x2 obj_gh60_lufa/common/command.o
 .progmem.data.__c.4821
                0x00000943        0x3 obj_gh60_lufa/common/command.o
 .progmem.data.__c.4819
                0x00000946        0x9 obj_gh60_lufa/common/command.o
 .progmem.data.__c.4817
                0x0000094f        0x2 obj_gh60_lufa/common/command.o
 .progmem.data.__c.4815
                0x00000951        0x3 obj_gh60_lufa/common/command.o
 .progmem.data.__c.4813
                0x00000954        0xc obj_gh60_lufa/common/command.o
 .progmem.data.__c.4811
                0x00000960        0x2 obj_gh60_lufa/common/command.o
 .progmem.data.__c.4809
                0x00000962        0x3 obj_gh60_lufa/common/command.o
 .progmem.data.__c.4807
                0x00000965        0xa obj_gh60_lufa/common/command.o
 .progmem.data.__c.4805
                0x0000096f        0x2 obj_gh60_lufa/common/command.o
 .progmem.data.__c.4803
                0x00000971        0x3 obj_gh60_lufa/common/command.o
 .progmem.data.__c.4801
                0x00000974        0xa obj_gh60_lufa/common/command.o
 .progmem.data.__c.4799
                0x0000097e        0x2 obj_gh60_lufa/common/command.o
 .progmem.data.__c.4797
                0x00000980        0x5 obj_gh60_lufa/common/command.o
 .progmem.data.__c.4795
                0x00000985       0x13 obj_gh60_lufa/common/command.o
 .progmem.data.__c.4792
                0x00000998        0x2 obj_gh60_lufa/common/command.o
 .progmem.data.__c.4790
                0x0000099a        0x3 obj_gh60_lufa/common/command.o
 .progmem.data.__c.4788
                0x0000099d       0x10 obj_gh60_lufa/common/command.o
 .progmem.data.__c.4952
                0x000009ad        0x2 obj_gh60_lufa/common/command.o
 .progmem.data.__c.4943
                0x000009af        0xb obj_gh60_lufa/common/command.o
 .progmem.data.__c.4941
                0x000009ba        0xa obj_gh60_lufa/common/command.o
 .progmem.data.__c.4938
                0x000009c4       0x14 obj_gh60_lufa/common/command.o
 .progmem.data.__c.4936
                0x000009d8       0x13 obj_gh60_lufa/common/command.o
 .progmem.data.__c.4934
                0x000009eb       0x17 obj_gh60_lufa/common/command.o
 .progmem.data.__c.4932
                0x00000a02       0x1a obj_gh60_lufa/common/command.o
 .progmem.data.__c.4930
                0x00000a1c        0xe obj_gh60_lufa/common/command.o
 .progmem.data.__c.4927
                0x00000a2a       0x2e obj_gh60_lufa/common/command.o
 .progmem.data.__c.4925
                0x00000a58       0x45 obj_gh60_lufa/common/command.o
 .progmem.data.__c.4923
                0x00000a9d       0x2d obj_gh60_lufa/common/command.o
 .progmem.data.__c.4921
                0x00000aca       0x35 obj_gh60_lufa/common/command.o
 .progmem.data.__c.4919
                0x00000aff       0x1f obj_gh60_lufa/common/command.o
 .progmem.data.__c.4917
                0x00000b1e        0xf obj_gh60_lufa/common/command.o
 .progmem.data.__c.4914
                0x00000b2d        0xd obj_gh60_lufa/common/command.o
 .progmem.data.__c.4912
                0x00000b3a        0xc obj_gh60_lufa/common/command.o
 .progmem.data.__c.4909
                0x00000b46       0x10 obj_gh60_lufa/common/command.o
 .progmem.data.__c.4907
                0x00000b56        0xf obj_gh60_lufa/common/command.o
 .progmem.data.__c.4904
                0x00000b65        0xe obj_gh60_lufa/common/command.o
 .progmem.data.__c.4902
                0x00000b73        0xd obj_gh60_lufa/common/command.o
 .progmem.data.__c.4899
                0x00000b80        0xd obj_gh60_lufa/common/command.o
 .progmem.data.__c.4897
                0x00000b8d        0xc obj_gh60_lufa/common/command.o
 .progmem.data.__c.4894
                0x00000b99       0x11 obj_gh60_lufa/common/command.o
 .progmem.data.__c.4891
                0x00000baa        0x4 obj_gh60_lufa/common/command.o
 .progmem.data.__c.4885
                0x00000bae        0xb obj_gh60_lufa/common/command.o
                0x00000bba                . = ALIGN (0x2)
 *fill*         0x00000bb9        0x1 
 *(.jumptables)
 *(.jumptables*)
 *(.lowtext)
 *(.lowtext*)
                0x00000bba                __ctors_start = .
 *(.ctors)
                0x00000bba                __ctors_end = .
                0x00000bba                __dtors_start = .
 *(.dtors)
                0x00000bba                __dtors_end = .
 SORT(*)(.ctors)
 SORT(*)(.dtors)
 *(.init0)
 .init0         0x00000bba        0x0 /usr/local/CrossPack-AVR-20131216/lib/gcc/avr/4.8.1/../../../../avr/lib/avr5/crtm32u4.o
                0x00000bba                __init
 *(.init0)
 *(.init1)
 *(.init1)
 *(.init2)
 .init2         0x00000bba        0xc /usr/local/CrossPack-AVR-20131216/lib/gcc/avr/4.8.1/../../../../avr/lib/avr5/crtm32u4.o
 *(.init2)
 *(.init3)
 .init3         0x00000bc6       0x4e obj_gh60_lufa/common/avr/bootloader.o
                0x00000bc6                bootloader_jump_after_watchdog_reset
 *(.init3)
 *(.init4)
 .init4         0x00000c14       0x16 /usr/local/CrossPack-AVR-20131216/lib/gcc/avr/4.8.1/avr5/libgcc.a(_copy_data.o)
                0x00000c14                __do_copy_data
 .init4         0x00000c2a       0x10 /usr/local/CrossPack-AVR-20131216/lib/gcc/avr/4.8.1/avr5/libgcc.a(_clear_bss.o)
                0x00000c2a                __do_clear_bss
 *(.init4)
 *(.init5)
 *(.init5)
 *(.init6)
 *(.init6)
 *(.init7)
 *(.init7)
 *(.init8)
 *(.init8)
 *(.init9)
 .init9         0x00000c3a        0x8 /usr/local/CrossPack-AVR-20131216/lib/gcc/avr/4.8.1/../../../../avr/lib/avr5/crtm32u4.o
 *(.init9)
 *(.text)
 .text          0x00000c42        0x4 /usr/local/CrossPack-AVR-20131216/lib/gcc/avr/4.8.1/../../../../avr/lib/avr5/crtm32u4.o
                0x00000c42                __vector_42
                0x00000c42                __vector_22
                0x00000c42                __vector_28
                0x00000c42                __vector_1
                0x00000c42                __vector_32
                0x00000c42                __vector_34
                0x00000c42                __vector_24
                0x00000c42                __bad_interrupt
                0x00000c42                __vector_6
                0x00000c42                __vector_31
                0x00000c42                __vector_35
                0x00000c42                __vector_39
                0x00000c42                __vector_3
                0x00000c42                __vector_23
                0x00000c42                __vector_30
                0x00000c42                __vector_25
                0x00000c42                __vector_13
                0x00000c42                __vector_17
                0x00000c42                __vector_19
                0x00000c42                __vector_7
                0x00000c42                __vector_41
                0x00000c42                __vector_27
                0x00000c42                __vector_5
                0x00000c42                __vector_33
                0x00000c42                __vector_37
                0x00000c42                __vector_4
                0x00000c42                __vector_9
                0x00000c42                __vector_2
                0x00000c42                __vector_15
                0x00000c42                __vector_36
                0x00000c42                __vector_29
                0x00000c42                __vector_40
                0x00000c42                __vector_8
                0x00000c42                __vector_26
                0x00000c42                __vector_14
                0x00000c42                __vector_16
                0x00000c42                __vector_18
                0x00000c42                __vector_20
                0x00000c42                __vector_38
 .text          0x00000c46      0x15c obj_gh60_lufa/common/avr/xprintf.o
                0x00000c46                xputc
                0x00000c5e                xputs
                0x00000c6c                xitoa
                0x00000d90                __xprintf
                0x00000da2                . = ALIGN (0x2)
 *(.text.*)
 .text.keymap_key_to_keycode
                0x00000da2       0x1e obj_gh60_lufa/keymap_common.o
                0x00000da2                keymap_key_to_keycode
 .text.keymap_fn_to_action
                0x00000dc0       0x12 obj_gh60_lufa/keymap_common.o
                0x00000dc0                keymap_fn_to_action
 .text.unselect_rows
                0x00000dd2       0x12 obj_gh60_lufa/matrix.o
 .text.matrix_init
                0x00000de4       0x46 obj_gh60_lufa/matrix.o
                0x00000de4                matrix_init
 .text.matrix_scan
                0x00000e2a      0x25a obj_gh60_lufa/matrix.o
                0x00000e2a                matrix_scan
 .text.matrix_get_row
                0x00001084       0x12 obj_gh60_lufa/matrix.o
                0x00001084                matrix_get_row
 .text.matrix_print
                0x00001096       0x8e obj_gh60_lufa/matrix.o
                0x00001096                matrix_print
 .text.led_set  0x00001124       0x10 obj_gh60_lufa/led.o
                0x00001124                led_set
 .text.keyboard_leds
                0x00001134        0x6 obj_gh60_lufa/protocol/lufa/lufa.o
 .text.sendchar
                0x0000113a       0xc8 obj_gh60_lufa/protocol/lufa/lufa.o
                0x0000113a                sendchar
 .text.send_consumer
                0x00001202       0x66 obj_gh60_lufa/protocol/lufa/lufa.o
 .text.send_system
                0x00001268       0x68 obj_gh60_lufa/protocol/lufa/lufa.o
 .text.send_mouse
                0x000012d0       0x46 obj_gh60_lufa/protocol/lufa/lufa.o
 .text.send_keyboard
                0x00001316       0x9c obj_gh60_lufa/protocol/lufa/lufa.o
 .text.EVENT_USB_Device_Connect
                0x000013b2       0x24 obj_gh60_lufa/protocol/lufa/lufa.o
                0x000013b2                EVENT_USB_Device_Connect
 .text.EVENT_USB_Device_Disconnect
                0x000013d6        0xe obj_gh60_lufa/protocol/lufa/lufa.o
                0x000013d6                EVENT_USB_Device_Disconnect
 .text.EVENT_USB_Device_Reset
                0x000013e4        0x8 obj_gh60_lufa/protocol/lufa/lufa.o
                0x000013e4                EVENT_USB_Device_Reset
 .text.EVENT_USB_Device_Suspend
                0x000013ec        0x8 obj_gh60_lufa/protocol/lufa/lufa.o
                0x000013ec                EVENT_USB_Device_Suspend
 .text.EVENT_USB_Device_WakeUp
                0x000013f4        0xc obj_gh60_lufa/protocol/lufa/lufa.o
                0x000013f4                EVENT_USB_Device_WakeUp
 .text.EVENT_USB_Device_StartOfFrame
                0x00001400       0x80 obj_gh60_lufa/protocol/lufa/lufa.o
                0x00001400                EVENT_USB_Device_StartOfFrame
 .text.EVENT_USB_Device_ConfigurationChanged
                0x00001480       0x32 obj_gh60_lufa/protocol/lufa/lufa.o
                0x00001480                EVENT_USB_Device_ConfigurationChanged
 .text.EVENT_USB_Device_ControlRequest
                0x000014b2      0x172 obj_gh60_lufa/protocol/lufa/lufa.o
                0x000014b2                EVENT_USB_Device_ControlRequest
 .text.startup.main
                0x00001624       0x9c obj_gh60_lufa/protocol/lufa/lufa.o
                0x00001624                main
 .text.CALLBACK_USB_GetDescriptor
                0x000016c0       0xb2 obj_gh60_lufa/protocol/lufa/descriptor.o
                0x000016c0                CALLBACK_USB_GetDescriptor
 .text.USB_Device_SendRemoteWakeup
                0x00001772       0x2c obj_gh60_lufa/protocol/lufa/LUFA-120730/LUFA/Drivers/USB/Core/AVR8/Device_AVR8.o
                0x00001772                USB_Device_SendRemoteWakeup
 .text.Endpoint_ConfigureEndpoint_Prv
                0x0000179e       0x6a obj_gh60_lufa/protocol/lufa/LUFA-120730/LUFA/Drivers/USB/Core/AVR8/Endpoint_AVR8.o
                0x0000179e                Endpoint_ConfigureEndpoint_Prv
 .text.Endpoint_ClearStatusStage
                0x00001808       0x42 obj_gh60_lufa/protocol/lufa/LUFA-120730/LUFA/Drivers/USB/Core/AVR8/Endpoint_AVR8.o
                0x00001808                Endpoint_ClearStatusStage
 .text.Endpoint_WaitUntilReady
                0x0000184a       0x60 obj_gh60_lufa/protocol/lufa/LUFA-120730/LUFA/Drivers/USB/Core/AVR8/Endpoint_AVR8.o
                0x0000184a                Endpoint_WaitUntilReady
 .text.USB_Disable
                0x000018aa       0x34 obj_gh60_lufa/protocol/lufa/LUFA-120730/LUFA/Drivers/USB/Core/AVR8/USBController_AVR8.o
                0x000018aa                USB_Disable
 .text.USB_ResetInterface
                0x000018de       0x86 obj_gh60_lufa/protocol/lufa/LUFA-120730/LUFA/Drivers/USB/Core/AVR8/USBController_AVR8.o
                0x000018de                USB_ResetInterface
 .text.USB_Init
                0x00001964       0x18 obj_gh60_lufa/protocol/lufa/LUFA-120730/LUFA/Drivers/USB/Core/AVR8/USBController_AVR8.o
                0x00001964                USB_Init
 .text.USB_INT_DisableAllInterrupts
                0x0000197c       0x10 obj_gh60_lufa/protocol/lufa/LUFA-120730/LUFA/Drivers/USB/Core/AVR8/USBInterrupt_AVR8.o
                0x0000197c                USB_INT_DisableAllInterrupts
 .text.USB_INT_ClearAllInterrupts
                0x0000198c        0xa obj_gh60_lufa/protocol/lufa/LUFA-120730/LUFA/Drivers/USB/Core/AVR8/USBInterrupt_AVR8.o
                0x0000198c                USB_INT_ClearAllInterrupts
 .text.__vector_10
                0x00001996      0x1a0 obj_gh60_lufa/protocol/lufa/LUFA-120730/LUFA/Drivers/USB/Core/AVR8/USBInterrupt_AVR8.o
                0x00001996                __vector_10
 .text.__vector_11
                0x00001b36       0x78 obj_gh60_lufa/protocol/lufa/LUFA-120730/LUFA/Drivers/USB/Core/AVR8/USBInterrupt_AVR8.o
                0x00001b36                __vector_11
 .text.Endpoint_Write_Stream_LE
                0x00001bae       0x92 obj_gh60_lufa/protocol/lufa/LUFA-120730/LUFA/Drivers/USB/Core/AVR8/EndpointStream_AVR8.o
                0x00001bae                Endpoint_Write_Stream_LE
 .text.Endpoint_Write_Control_Stream_LE
                0x00001c40       0xb6 obj_gh60_lufa/protocol/lufa/LUFA-120730/LUFA/Drivers/USB/Core/AVR8/EndpointStream_AVR8.o
                0x00001c40                Endpoint_Write_Control_Stream_LE
 .text.Endpoint_Write_Control_PStream_LE
                0x00001cf6       0xbc obj_gh60_lufa/protocol/lufa/LUFA-120730/LUFA/Drivers/USB/Core/AVR8/EndpointStream_AVR8.o
                0x00001cf6                Endpoint_Write_Control_PStream_LE
 .text.USB_Device_ProcessControlRequest
                0x00001db2      0x2a2 obj_gh60_lufa/protocol/lufa/LUFA-120730/LUFA/Drivers/USB/Core/DeviceStandardReq.o
                0x00001db2                USB_Device_ProcessControlRequest
 .text.host_set_driver
                0x00002054        0xa obj_gh60_lufa/common/host.o
                0x00002054                host_set_driver
 .text.host_keyboard_leds
                0x0000205e       0x18 obj_gh60_lufa/common/host.o
                0x0000205e                host_keyboard_leds
 .text.host_keyboard_send
                0x00002076       0x8a obj_gh60_lufa/common/host.o
                0x00002076                host_keyboard_send
 .text.host_mouse_send
                0x00002100       0x16 obj_gh60_lufa/common/host.o
                0x00002100                host_mouse_send
 .text.host_system_send
                0x00002116       0x2c obj_gh60_lufa/common/host.o
                0x00002116                host_system_send
 .text.host_consumer_send
                0x00002142       0x2c obj_gh60_lufa/common/host.o
                0x00002142                host_consumer_send
 .text.matrix_setup
                0x0000216e        0x2 obj_gh60_lufa/common/keyboard.o
                0x0000216e                matrix_setup
 .text.keyboard_setup
                0x00002170        0x4 obj_gh60_lufa/common/keyboard.o
                0x00002170                keyboard_setup
 .text.keyboard_init
                0x00002174        0xc obj_gh60_lufa/common/keyboard.o
                0x00002174                keyboard_init
 .text.keyboard_set_leds
                0x00002180       0x50 obj_gh60_lufa/common/keyboard.o
                0x00002180                keyboard_set_leds
 .text.keyboard_task
                0x000021d0      0x172 obj_gh60_lufa/common/keyboard.o
                0x000021d0                keyboard_task
 .text.action_exec
                0x00002342       0x5c obj_gh60_lufa/common/action.o
                0x00002342                action_exec
 .text.register_code
                0x0000239e      0x190 obj_gh60_lufa/common/action.o
                0x0000239e                register_code
 .text.unregister_code
                0x0000252e       0x9e obj_gh60_lufa/common/action.o
                0x0000252e                unregister_code
 .text.register_mods
                0x000025cc        0xe obj_gh60_lufa/common/action.o
                0x000025cc                register_mods
 .text.unregister_mods
                0x000025da        0xe obj_gh60_lufa/common/action.o
                0x000025da                unregister_mods
 .text.process_action
                0x000025e8      0x60c obj_gh60_lufa/common/action.o
                0x000025e8                process_action
 .text.clear_keyboard_but_mods
                0x00002bf4       0x24 obj_gh60_lufa/common/action.o
                0x00002bf4                clear_keyboard_but_mods
 .text.clear_keyboard
                0x00002c18        0x8 obj_gh60_lufa/common/action.o
                0x00002c18                clear_keyboard
 .text.is_tap_key
                0x00002c20       0x4a obj_gh60_lufa/common/action.o
                0x00002c20                is_tap_key
 .text.debug_event
                0x00002c6a       0x1e obj_gh60_lufa/common/action.o
                0x00002c6a                debug_event
 .text.debug_record
                0x00002c88       0x20 obj_gh60_lufa/common/action.o
                0x00002c88                debug_record
 .text.debug_waiting_buffer
                0x00002ca8       0x42 obj_gh60_lufa/common/action_tapping.o
 .text.debug_tapping_key
                0x00002cea       0x1c obj_gh60_lufa/common/action_tapping.o
 .text.waiting_buffer_scan_tap
                0x00002d06       0xd0 obj_gh60_lufa/common/action_tapping.o
 .text.process_tapping
                0x00002dd6      0x3da obj_gh60_lufa/common/action_tapping.o
 .text.action_tapping_process
                0x000031b0      0x15a obj_gh60_lufa/common/action_tapping.o
                0x000031b0                action_tapping_process
 .text.action_macro_play
                0x0000330a       0xfc obj_gh60_lufa/common/action_macro.o
                0x0000330a                action_macro_play
 .text.default_layer_debug
                0x00003406        0x2 obj_gh60_lufa/common/action_layer.o
                0x00003406                default_layer_debug
 .text.default_layer_set
                0x00003408       0x14 obj_gh60_lufa/common/action_layer.o
                0x00003408                default_layer_set
 .text.default_layer_or
                0x0000341c       0x34 obj_gh60_lufa/common/action_layer.o
                0x0000341c                default_layer_or
 .text.default_layer_and
                0x00003450       0x34 obj_gh60_lufa/common/action_layer.o
                0x00003450                default_layer_and
 .text.default_layer_xor
                0x00003484       0x34 obj_gh60_lufa/common/action_layer.o
                0x00003484                default_layer_xor
 .text.layer_clear
                0x000034b8       0x14 obj_gh60_lufa/common/action_layer.o
                0x000034b8                layer_clear
 .text.layer_move
                0x000034cc       0x2a obj_gh60_lufa/common/action_layer.o
                0x000034cc                layer_move
 .text.layer_on
                0x000034f6       0x42 obj_gh60_lufa/common/action_layer.o
                0x000034f6                layer_on
 .text.layer_off
                0x00003538       0x4a obj_gh60_lufa/common/action_layer.o
                0x00003538                layer_off
 .text.layer_invert
                0x00003582       0x42 obj_gh60_lufa/common/action_layer.o
                0x00003582                layer_invert
 .text.layer_or
                0x000035c4       0x34 obj_gh60_lufa/common/action_layer.o
                0x000035c4                layer_or
 .text.layer_and
                0x000035f8       0x34 obj_gh60_lufa/common/action_layer.o
                0x000035f8                layer_and
 .text.layer_xor
                0x0000362c       0x34 obj_gh60_lufa/common/action_layer.o
                0x0000362c                layer_xor
 .text.layer_debug
                0x00003660        0x2 obj_gh60_lufa/common/action_layer.o
                0x00003660                layer_debug
 .text.layer_switch_get_action
                0x00003662       0x84 obj_gh60_lufa/common/action_layer.o
                0x00003662                layer_switch_get_action
 .text.add_key  0x000036e6       0x9a obj_gh60_lufa/common/action_util.o
                0x000036e6                add_key
 .text.del_key  0x00003780       0x80 obj_gh60_lufa/common/action_util.o
                0x00003780                del_key
 .text.clear_keys
                0x00003800       0x1c obj_gh60_lufa/common/action_util.o
                0x00003800                clear_keys
 .text.add_mods
                0x0000381c        0xc obj_gh60_lufa/common/action_util.o
                0x0000381c                add_mods
 .text.del_mods
                0x00003828        0xe obj_gh60_lufa/common/action_util.o
                0x00003828                del_mods
 .text.clear_mods
                0x00003836        0x6 obj_gh60_lufa/common/action_util.o
                0x00003836                clear_mods
 .text.add_weak_mods
                0x0000383c        0xc obj_gh60_lufa/common/action_util.o
                0x0000383c                add_weak_mods
 .text.del_weak_mods
                0x00003848        0xe obj_gh60_lufa/common/action_util.o
                0x00003848                del_weak_mods
 .text.clear_weak_mods
                0x00003856        0x6 obj_gh60_lufa/common/action_util.o
                0x00003856                clear_weak_mods
 .text.set_oneshot_mods
                0x0000385c        0x6 obj_gh60_lufa/common/action_util.o
                0x0000385c                set_oneshot_mods
 .text.clear_oneshot_mods
                0x00003862        0x6 obj_gh60_lufa/common/action_util.o
                0x00003862                clear_oneshot_mods
 .text.has_anykey
                0x00003868       0x26 obj_gh60_lufa/common/action_util.o
                0x00003868                has_anykey
 .text.send_keyboard_report
                0x0000388e       0x4c obj_gh60_lufa/common/action_util.o
                0x0000388e                send_keyboard_report
 .text.keycode_to_action
                0x000038da      0x15c obj_gh60_lufa/common/keymap.o
 .text.action_for_key
                0x00003a36       0xe6 obj_gh60_lufa/common/keymap.o
                0x00003a36                action_for_key
 .text.action_get_macro
                0x00003b1c        0x6 obj_gh60_lufa/common/keymap.o
                0x00003b1c                action_get_macro
 .text.action_function
                0x00003b22        0x2 obj_gh60_lufa/common/keymap.o
                0x00003b22                action_function
 .text.print_set_sendchar
                0x00003b24        0xa obj_gh60_lufa/common/print.o
                0x00003b24                print_set_sendchar
 .text.biton32  0x00003b2e       0xa6 obj_gh60_lufa/common/util.o
                0x00003b2e                biton32
 .text.bitrev   0x00003bd4       0x24 obj_gh60_lufa/common/util.o
                0x00003bd4                bitrev
 .text.bitrev16
                0x00003bf8       0x34 obj_gh60_lufa/common/util.o
                0x00003bf8                bitrev16
 .text.suspend_power_down
                0x00003c2c       0x4c obj_gh60_lufa/common/avr/suspend.o
                0x00003c2c                suspend_power_down
 .text.matrix_power_up
                0x00003c78        0x2 obj_gh60_lufa/common/avr/suspend.o
                0x00003c78                matrix_power_up
 .text.matrix_power_down
                0x00003c7a        0x2 obj_gh60_lufa/common/avr/suspend.o
                0x00003c7a                matrix_power_down
 .text.suspend_wakeup_condition
                0x00003c7c       0x2a obj_gh60_lufa/common/avr/suspend.o
                0x00003c7c                suspend_wakeup_condition
 .text.suspend_wakeup_init
                0x00003ca6        0x4 obj_gh60_lufa/common/avr/suspend.o
                0x00003ca6                suspend_wakeup_init
 .text.__vector_12
                0x00003caa       0x52 obj_gh60_lufa/common/avr/suspend.o
                0x00003caa                __vector_12
 .text.timer_init
                0x00003cfc       0x12 obj_gh60_lufa/common/avr/timer.o
                0x00003cfc                timer_init
 .text.timer_read
                0x00003d0e       0x18 obj_gh60_lufa/common/avr/timer.o
                0x00003d0e                timer_read
 .text.timer_elapsed
                0x00003d26       0x52 obj_gh60_lufa/common/avr/timer.o
                0x00003d26                timer_elapsed
 .text.__vector_21
                0x00003d78       0x4a obj_gh60_lufa/common/avr/timer.o
                0x00003d78                __vector_21
 .text.bootloader_jump
                0x00003dc2       0x46 obj_gh60_lufa/common/avr/bootloader.o
                0x00003dc2                bootloader_jump
 .text.scan_keycode
                0x00003e08       0x72 obj_gh60_lufa/common/bootmagic.o
 .text.bootmagic_scan_keycode
                0x00003e7a       0x1c obj_gh60_lufa/common/bootmagic.o
                0x00003e7a                bootmagic_scan_keycode
 .text.bootmagic
                0x00003e96      0x266 obj_gh60_lufa/common/bootmagic.o
                0x00003e96                bootmagic
 .text.eeconfig_init
                0x000040fc       0x34 obj_gh60_lufa/common/avr/eeconfig.o
                0x000040fc                eeconfig_init
 .text.eeconfig_is_enabled
                0x00004130       0x16 obj_gh60_lufa/common/avr/eeconfig.o
                0x00004130                eeconfig_is_enabled
 .text.eeconfig_read_debug
                0x00004146        0x8 obj_gh60_lufa/common/avr/eeconfig.o
                0x00004146                eeconfig_read_debug
 .text.eeconfig_write_debug
                0x0000414e        0xa obj_gh60_lufa/common/avr/eeconfig.o
                0x0000414e                eeconfig_write_debug
 .text.eeconfig_read_default_layer
                0x00004158        0x8 obj_gh60_lufa/common/avr/eeconfig.o
                0x00004158                eeconfig_read_default_layer
 .text.eeconfig_write_default_layer
                0x00004160        0xa obj_gh60_lufa/common/avr/eeconfig.o
                0x00004160                eeconfig_write_default_layer
 .text.eeconfig_read_keymap
                0x0000416a        0x8 obj_gh60_lufa/common/avr/eeconfig.o
                0x0000416a                eeconfig_read_keymap
 .text.eeconfig_write_keymap
                0x00004172        0xa obj_gh60_lufa/common/avr/eeconfig.o
                0x00004172                eeconfig_write_keymap
 .text.move_unit
                0x0000417c       0x90 obj_gh60_lufa/common/mousekey.o
 .text.wheel_unit
                0x0000420c       0x72 obj_gh60_lufa/common/mousekey.o
 .text.mousekey_on
                0x0000427e       0xd0 obj_gh60_lufa/common/mousekey.o
                0x0000427e                mousekey_on
 .text.mousekey_off
                0x0000434e      0x10a obj_gh60_lufa/common/mousekey.o
                0x0000434e                mousekey_off
 .text.mousekey_send
                0x00004458      0x11a obj_gh60_lufa/common/mousekey.o
                0x00004458                mousekey_send
 .text.mousekey_task
                0x00004572      0x142 obj_gh60_lufa/common/mousekey.o
                0x00004572                mousekey_task
 .text.mousekey_clear
                0x000046b4       0x18 obj_gh60_lufa/common/mousekey.o
                0x000046b4                mousekey_clear
 .text.mousekey_console_help
                0x000046cc       0x2e obj_gh60_lufa/common/command.o
 .text.mousekey_param_inc
                0x000046fa      0x146 obj_gh60_lufa/common/command.o
 .text.mousekey_param_dec
                0x00004840       0xfc obj_gh60_lufa/common/command.o
 .text.switch_default_layer
                0x0000493c       0x3c obj_gh60_lufa/common/command.o
 .text.command_common
                0x00004978      0x4d8 obj_gh60_lufa/common/command.o
 .text.command_extra
                0x00004e50        0x4 obj_gh60_lufa/common/command.o
                0x00004e50                command_extra
 .text.command_console_extra
                0x00004e54        0x4 obj_gh60_lufa/common/command.o
                0x00004e54                command_console_extra
 .text.command_proc
                0x00004e58      0x2a4 obj_gh60_lufa/common/command.o
                0x00004e58                command_proc
 .text.avr-libc.fplib
                0x000050fc        0xa /usr/local/CrossPack-AVR-20131216/lib/gcc/avr/4.8.1/../../../../avr/lib/avr5/libm.a(fixsfsi.o)
                0x000050fc                __fixsfsi
 .text.avr-libc.fplib
                0x00005106       0x58 /usr/local/CrossPack-AVR-20131216/lib/gcc/avr/4.8.1/../../../../avr/lib/avr5/libm.a(fixunssfsi.o)
                0x00005106                __fixunssfsi
 .text.avr-libc.fplib
                0x0000515e       0x7a /usr/local/CrossPack-AVR-20131216/lib/gcc/avr/4.8.1/../../../../avr/lib/avr5/libm.a(floatsisf.o)
                0x0000515e                __floatunsisf
                0x00005162                __floatsisf
 .text.avr-libc.fplib
                0x000051d8       0x44 /usr/local/CrossPack-AVR-20131216/lib/gcc/avr/4.8.1/../../../../avr/lib/avr5/libm.a(fp_split3.o)
                0x000051d8                __fp_split3
                0x000051e8                __fp_splitA
 .text.avr-libc.fplib
                0x0000521c        0xe /usr/local/CrossPack-AVR-20131216/lib/gcc/avr/4.8.1/../../../../avr/lib/avr5/libm.a(fp_zero.o)
                0x0000521c                __fp_zero
                0x0000521e                __fp_szero
 .text.avr-libc.fplib
                0x0000522a        0x4 /usr/local/CrossPack-AVR-20131216/lib/gcc/avr/4.8.1/../../../../avr/lib/avr5/libm.a(mulsf3.o)
                0x0000522a                __mulsf3
 .text.avr-libc.fplib
                0x0000522e       0xc2 /usr/local/CrossPack-AVR-20131216/lib/gcc/avr/4.8.1/../../../../avr/lib/avr5/libm.a(mulsf3x.o)
                0x00005242                __mulsf3x
                0x00005246                __mulsf3_pse
 .text.avr-libc.fplib
                0x000052f0        0xc /usr/local/CrossPack-AVR-20131216/lib/gcc/avr/4.8.1/../../../../avr/lib/avr5/libm.a(fp_inf.o)
                0x000052f0                __fp_inf
 .text.avr-libc.fplib
                0x000052fc        0x6 /usr/local/CrossPack-AVR-20131216/lib/gcc/avr/4.8.1/../../../../avr/lib/avr5/libm.a(fp_nan.o)
                0x000052fc                __fp_nan
 .text.avr-libc.fplib
                0x00005302        0xe /usr/local/CrossPack-AVR-20131216/lib/gcc/avr/4.8.1/../../../../avr/lib/avr5/libm.a(fp_pscA.o)
                0x00005302                __fp_pscA
 .text.avr-libc.fplib
                0x00005310        0xe /usr/local/CrossPack-AVR-20131216/lib/gcc/avr/4.8.1/../../../../avr/lib/avr5/libm.a(fp_pscB.o)
                0x00005310                __fp_pscB
 .text.avr-libc.fplib
                0x0000531e       0x22 /usr/local/CrossPack-AVR-20131216/lib/gcc/avr/4.8.1/../../../../avr/lib/avr5/libm.a(fp_round.o)
                0x0000531e                __fp_round
 .text.libgcc.div
                0x00005340       0x18 /usr/local/CrossPack-AVR-20131216/lib/gcc/avr/4.8.1/avr5/libgcc.a(_udivmodqi4.o)
                0x00005340                __udivmodqi4
 .text.libgcc.div
                0x00005358       0x28 /usr/local/CrossPack-AVR-20131216/lib/gcc/avr/4.8.1/avr5/libgcc.a(_divmodhi4.o)
                0x00005358                __divmodhi4
                0x00005358                _div
 .text.libgcc   0x00005380        0xc /usr/local/CrossPack-AVR-20131216/lib/gcc/avr/4.8.1/avr5/libgcc.a(_tablejump.o)
                0x00005380                __tablejump2__
                0x00005384                __tablejump__
 .text.libgcc.div
                0x0000538c       0x28 /usr/local/CrossPack-AVR-20131216/lib/gcc/avr/4.8.1/avr5/libgcc.a(_udivmodhi4.o)
                0x0000538c                __udivmodhi4
 .text.avr-libc
                0x000053b4       0x10 /usr/local/CrossPack-AVR-20131216/lib/gcc/avr/4.8.1/../../../../avr/lib/avr5/libc.a(eerd_byte_atmega32u4.o)
                0x000053b4                __eerd_byte_m32u4
 .text.avr-libc
                0x000053c4        0xc /usr/local/CrossPack-AVR-20131216/lib/gcc/avr/4.8.1/../../../../avr/lib/avr5/libc.a(eerd_word_atmega32u4.o)
                0x000053c4                __eerd_word_m32u4
 .text.avr-libc
                0x000053d0       0x1c /usr/local/CrossPack-AVR-20131216/lib/gcc/avr/4.8.1/../../../../avr/lib/avr5/libc.a(eewr_byte_atmega32u4.o)
                0x000053d0                __eewr_byte_m32u4
                0x000053d2                __eewr_r18_m32u4
 .text.avr-libc
                0x000053ec        0xa /usr/local/CrossPack-AVR-20131216/lib/gcc/avr/4.8.1/../../../../avr/lib/avr5/libc.a(eewr_word_atmega32u4.o)
                0x000053ec                __eewr_word_m32u4
 .text.avr-libc
                0x000053f6       0x20 /usr/local/CrossPack-AVR-20131216/lib/gcc/avr/4.8.1/../../../../avr/lib/avr5/libc.a(eerd_block_atmega32u4.o)
                0x000053f6                __eerd_block_m32u4
                0x000053fa                __eerd_blraw_m32u4
                0x00005416                . = ALIGN (0x2)
 *(.fini9)
 .fini9         0x00005416        0x0 /usr/local/CrossPack-AVR-20131216/lib/gcc/avr/4.8.1/avr5/libgcc.a(_exit.o)
                0x00005416                exit
                0x00005416                _exit
 *(.fini9)
 *(.fini8)
 *(.fini8)
 *(.fini7)
 *(.fini7)
 *(.fini6)
 *(.fini6)
 *(.fini5)
 *(.fini5)
 *(.fini4)
 *(.fini4)
 *(.fini3)
 *(.fini3)
 *(.fini2)
 *(.fini2)
 *(.fini1)
 *(.fini1)
 *(.fini0)
 .fini0         0x00005416        0x4 /usr/local/CrossPack-AVR-20131216/lib/gcc/avr/4.8.1/avr5/libgcc.a(_exit.o)
 *(.fini0)
                0x0000541a                _etext = .

.data           0x00800100       0x38 load address 0x0000541a
                0x00800100                PROVIDE (__data_start, .)
 *(.data)
 .data          0x00800100        0x0 /usr/local/CrossPack-AVR-20131216/lib/gcc/avr/4.8.1/../../../../avr/lib/avr5/crtm32u4.o
 .data          0x00800100        0x0 obj_gh60_lufa/keymap_poker.o
 .data          0x00800100        0x0 obj_gh60_lufa/keymap_common.o
 .data          0x00800100        0x0 obj_gh60_lufa/matrix.o
 .data          0x00800100        0x0 obj_gh60_lufa/led.o
 .data          0x00800100        0x0 obj_gh60_lufa/protocol/lufa/lufa.o
 .data          0x00800100        0x0 obj_gh60_lufa/protocol/lufa/descriptor.o
 .data          0x00800100        0x0 obj_gh60_lufa/protocol/lufa/LUFA-120730/LUFA/Drivers/USB/Core/AVR8/Device_AVR8.o
 .data          0x00800100        0x0 obj_gh60_lufa/protocol/lufa/LUFA-120730/LUFA/Drivers/USB/Core/AVR8/Endpoint_AVR8.o
 .data          0x00800100        0x0 obj_gh60_lufa/protocol/lufa/LUFA-120730/LUFA/Drivers/USB/Core/AVR8/Host_AVR8.o
 .data          0x00800100        0x0 obj_gh60_lufa/protocol/lufa/LUFA-120730/LUFA/Drivers/USB/Core/AVR8/Pipe_AVR8.o
 .data          0x00800100        0x0 obj_gh60_lufa/protocol/lufa/LUFA-120730/LUFA/Drivers/USB/Core/AVR8/USBController_AVR8.o
 .data          0x00800100        0x0 obj_gh60_lufa/protocol/lufa/LUFA-120730/LUFA/Drivers/USB/Core/AVR8/USBInterrupt_AVR8.o
 .data          0x00800100        0x0 obj_gh60_lufa/protocol/lufa/LUFA-120730/LUFA/Drivers/USB/Core/AVR8/EndpointStream_AVR8.o
 .data          0x00800100        0x0 obj_gh60_lufa/protocol/lufa/LUFA-120730/LUFA/Drivers/USB/Core/AVR8/PipeStream_AVR8.o
 .data          0x00800100        0x0 obj_gh60_lufa/protocol/lufa/LUFA-120730/LUFA/Drivers/USB/Core/ConfigDescriptors.o
 .data          0x00800100        0x0 obj_gh60_lufa/protocol/lufa/LUFA-120730/LUFA/Drivers/USB/Core/DeviceStandardReq.o
 .data          0x00800100        0x0 obj_gh60_lufa/protocol/lufa/LUFA-120730/LUFA/Drivers/USB/Core/Events.o
 .data          0x00800100        0x0 obj_gh60_lufa/protocol/lufa/LUFA-120730/LUFA/Drivers/USB/Core/HostStandardReq.o
 .data          0x00800100        0x0 obj_gh60_lufa/protocol/lufa/LUFA-120730/LUFA/Drivers/USB/Core/USBTask.o
 .data          0x00800100        0x0 obj_gh60_lufa/protocol/lufa/LUFA-120730/LUFA/Drivers/USB/Class/Common/HIDParser.o
 .data          0x00800100        0x0 obj_gh60_lufa/common/host.o
 .data          0x00800100        0x0 obj_gh60_lufa/common/keyboard.o
 .data          0x00800100        0x0 obj_gh60_lufa/common/action.o
 .data          0x00800100        0x0 obj_gh60_lufa/common/action_tapping.o
 .data          0x00800100        0x0 obj_gh60_lufa/common/action_macro.o
 .data          0x00800100        0x0 obj_gh60_lufa/common/action_layer.o
 .data          0x00800100        0x0 obj_gh60_lufa/common/action_util.o
 .data          0x00800100        0x0 obj_gh60_lufa/common/keymap.o
 .data          0x00800100        0x0 obj_gh60_lufa/common/print.o
 .data          0x00800100        0x0 obj_gh60_lufa/common/debug.o
 .data          0x00800100        0x0 obj_gh60_lufa/common/util.o
 .data          0x00800100        0x0 obj_gh60_lufa/common/avr/suspend.o
 .data          0x00800100        0x0 obj_gh60_lufa/common/avr/xprintf.o
 .data          0x00800100        0x0 obj_gh60_lufa/common/avr/timer.o
 .data          0x00800100        0x0 obj_gh60_lufa/common/avr/bootloader.o
 .data          0x00800100        0x0 obj_gh60_lufa/common/bootmagic.o
 .data          0x00800100        0x0 obj_gh60_lufa/common/avr/eeconfig.o
 .data          0x00800100        0x0 obj_gh60_lufa/common/mousekey.o
 .data          0x00800100        0x0 obj_gh60_lufa/common/command.o
 .data          0x00800100        0x0 /usr/local/CrossPack-AVR-20131216/lib/gcc/avr/4.8.1/../../../../avr/lib/avr5/libm.a(fixsfsi.o)
 .data          0x00800100        0x0 /usr/local/CrossPack-AVR-20131216/lib/gcc/avr/4.8.1/../../../../avr/lib/avr5/libm.a(fixunssfsi.o)
 .data          0x00800100        0x0 /usr/local/CrossPack-AVR-20131216/lib/gcc/avr/4.8.1/../../../../avr/lib/avr5/libm.a(floatsisf.o)
 .data          0x00800100        0x0 /usr/local/CrossPack-AVR-20131216/lib/gcc/avr/4.8.1/../../../../avr/lib/avr5/libm.a(fp_split3.o)
 .data          0x00800100        0x0 /usr/local/CrossPack-AVR-20131216/lib/gcc/avr/4.8.1/../../../../avr/lib/avr5/libm.a(fp_zero.o)
 .data          0x00800100        0x0 /usr/local/CrossPack-AVR-20131216/lib/gcc/avr/4.8.1/../../../../avr/lib/avr5/libm.a(mulsf3.o)
 .data          0x00800100        0x0 /usr/local/CrossPack-AVR-20131216/lib/gcc/avr/4.8.1/../../../../avr/lib/avr5/libm.a(mulsf3x.o)
 .data          0x00800100        0x0 /usr/local/CrossPack-AVR-20131216/lib/gcc/avr/4.8.1/../../../../avr/lib/avr5/libm.a(fp_inf.o)
 .data          0x00800100        0x0 /usr/local/CrossPack-AVR-20131216/lib/gcc/avr/4.8.1/../../../../avr/lib/avr5/libm.a(fp_nan.o)
 .data          0x00800100        0x0 /usr/local/CrossPack-AVR-20131216/lib/gcc/avr/4.8.1/../../../../avr/lib/avr5/libm.a(fp_pscA.o)
 .data          0x00800100        0x0 /usr/local/CrossPack-AVR-20131216/lib/gcc/avr/4.8.1/../../../../avr/lib/avr5/libm.a(fp_pscB.o)
 .data          0x00800100        0x0 /usr/local/CrossPack-AVR-20131216/lib/gcc/avr/4.8.1/../../../../avr/lib/avr5/libm.a(fp_round.o)
 .data          0x00800100        0x0 /usr/local/CrossPack-AVR-20131216/lib/gcc/avr/4.8.1/avr5/libgcc.a(_udivmodqi4.o)
 .data          0x00800100        0x0 /usr/local/CrossPack-AVR-20131216/lib/gcc/avr/4.8.1/avr5/libgcc.a(_divmodhi4.o)
 .data          0x00800100        0x0 /usr/local/CrossPack-AVR-20131216/lib/gcc/avr/4.8.1/avr5/libgcc.a(_exit.o)
 .data          0x00800100        0x0 /usr/local/CrossPack-AVR-20131216/lib/gcc/avr/4.8.1/avr5/libgcc.a(_tablejump.o)
 .data          0x00800100        0x0 /usr/local/CrossPack-AVR-20131216/lib/gcc/avr/4.8.1/avr5/libgcc.a(_copy_data.o)
 .data          0x00800100        0x0 /usr/local/CrossPack-AVR-20131216/lib/gcc/avr/4.8.1/avr5/libgcc.a(_clear_bss.o)
 .data          0x00800100        0x0 /usr/local/CrossPack-AVR-20131216/lib/gcc/avr/4.8.1/avr5/libgcc.a(_udivmodhi4.o)
 .data          0x00800100        0x0 /usr/local/CrossPack-AVR-20131216/lib/gcc/avr/4.8.1/../../../../avr/lib/avr5/libc.a(eerd_byte_atmega32u4.o)
 .data          0x00800100        0x0 /usr/local/CrossPack-AVR-20131216/lib/gcc/avr/4.8.1/../../../../avr/lib/avr5/libc.a(eerd_word_atmega32u4.o)
 .data          0x00800100        0x0 /usr/local/CrossPack-AVR-20131216/lib/gcc/avr/4.8.1/../../../../avr/lib/avr5/libc.a(eeupd_byte_atmega32u4.o)
 .data          0x00800100        0x0 /usr/local/CrossPack-AVR-20131216/lib/gcc/avr/4.8.1/../../../../avr/lib/avr5/libc.a(eewr_byte_atmega32u4.o)
 .data          0x00800100        0x0 /usr/local/CrossPack-AVR-20131216/lib/gcc/avr/4.8.1/../../../../avr/lib/avr5/libc.a(eewr_word_atmega32u4.o)
 .data          0x00800100        0x0 /usr/local/CrossPack-AVR-20131216/lib/gcc/avr/4.8.1/../../../../avr/lib/avr5/libc.a(eerd_block_atmega32u4.o)
 *(.data*)
 .data.debouncing
                0x00800100        0x1 obj_gh60_lufa/matrix.o
 .data.lufa_driver
                0x00800101        0xa obj_gh60_lufa/protocol/lufa/lufa.o
                0x00800101                lufa_driver
 .data.keyboard_protocol
                0x0080010b        0x1 obj_gh60_lufa/protocol/lufa/lufa.o
                0x0080010b                keyboard_protocol
 .data.keyboard_nkro
                0x0080010c        0x1 obj_gh60_lufa/common/host.o
                0x0080010c                keyboard_nkro
 .data.keyboard_report
                0x0080010d        0x2 obj_gh60_lufa/common/action_util.o
                0x0080010d                keyboard_report
 .data.mk_wheel_time_to_max
                0x0080010f        0x1 obj_gh60_lufa/common/mousekey.o
                0x0080010f                mk_wheel_time_to_max
 .data.mk_wheel_max_speed
                0x00800110        0x1 obj_gh60_lufa/common/mousekey.o
                0x00800110                mk_wheel_max_speed
 .data.mk_time_to_max
                0x00800111        0x1 obj_gh60_lufa/common/mousekey.o
                0x00800111                mk_time_to_max
 .data.mk_max_speed
                0x00800112        0x1 obj_gh60_lufa/common/mousekey.o
                0x00800112                mk_max_speed
 .data.mk_interval
                0x00800113        0x1 obj_gh60_lufa/common/mousekey.o
                0x00800113                mk_interval
 .data.mk_delay
                0x00800114        0x1 obj_gh60_lufa/common/mousekey.o
                0x00800114                mk_delay
 *(.rodata)
 *(.rodata*)
 .rodata.CSWTCH.3
                0x00800115        0x5 obj_gh60_lufa/protocol/lufa/descriptor.o
 .rodata.CSWTCH.2
                0x0080011a        0xa obj_gh60_lufa/protocol/lufa/descriptor.o
 .rodata.CSWTCH.1
                0x00800124        0xa obj_gh60_lufa/protocol/lufa/descriptor.o
 .rodata.CSWTCH.44
                0x0080012e        0xa obj_gh60_lufa/common/command.o
 *(.gnu.linkonce.d*)
                0x00800138                . = ALIGN (0x2)
                0x00800138                _edata = .
                0x00800138                PROVIDE (__data_end, .)

.bss            0x00800138       0xae
                0x00800138                PROVIDE (__bss_start, .)
 *(.bss)
 .bss           0x00800138        0x2 obj_gh60_lufa/common/avr/xprintf.o
                0x00800138                xfunc_out
 *(.bss*)
 .bss.matrix_debouncing
                0x0080013a        0xa obj_gh60_lufa/matrix.o
 .bss.matrix    0x00800144        0xa obj_gh60_lufa/matrix.o
 .bss.timeouted.4714
                0x0080014e        0x1 obj_gh60_lufa/protocol/lufa/lufa.o
 .bss.count.4644
                0x0080014f        0x1 obj_gh60_lufa/protocol/lufa/lufa.o
 .bss.console_flush
                0x00800150        0x1 obj_gh60_lufa/protocol/lufa/lufa.o
 .bss.keyboard_report_sent
                0x00800151       0x10 obj_gh60_lufa/protocol/lufa/lufa.o
 .bss.keyboard_led_stats
                0x00800161        0x1 obj_gh60_lufa/protocol/lufa/lufa.o
 .bss.keyboard_idle
                0x00800162        0x1 obj_gh60_lufa/protocol/lufa/lufa.o
                0x00800162                keyboard_idle
 .bss.last_consumer_report
                0x00800163        0x2 obj_gh60_lufa/common/host.o
 .bss.last_system_report
                0x00800165        0x2 obj_gh60_lufa/common/host.o
 .bss.driver    0x00800167        0x2 obj_gh60_lufa/common/host.o
 .bss.led_status.4709
                0x00800169        0x1 obj_gh60_lufa/common/keyboard.o
 .bss.matrix_prev.4708
                0x0080016a        0xa obj_gh60_lufa/common/keyboard.o
 .bss.waiting_buffer_tail
                0x00800174        0x1 obj_gh60_lufa/common/action_tapping.o
 .bss.waiting_buffer_head
                0x00800175        0x1 obj_gh60_lufa/common/action_tapping.o
 .bss.waiting_buffer
                0x00800176       0x30 obj_gh60_lufa/common/action_tapping.o
 .bss.tapping_key
                0x008001a6        0x6 obj_gh60_lufa/common/action_tapping.o
 .bss.layer_state
                0x008001ac        0x4 obj_gh60_lufa/common/action_layer.o
                0x008001ac                layer_state
 .bss.default_layer_state
                0x008001b0        0x4 obj_gh60_lufa/common/action_layer.o
                0x008001b0                default_layer_state
 .bss.oneshot_mods
                0x008001b4        0x1 obj_gh60_lufa/common/action_util.o
 .bss.__compound_literal.0
                0x008001b5       0x10 obj_gh60_lufa/common/action_util.o
 .bss.weak_mods
                0x008001c5        0x1 obj_gh60_lufa/common/action_util.o
 .bss.real_mods
                0x008001c6        0x1 obj_gh60_lufa/common/action_util.o
 .bss.debug_config
                0x008001c7        0x1 obj_gh60_lufa/common/debug.o
                0x008001c7                debug_config
 .bss.wdt_timeout
                0x008001c8        0x1 obj_gh60_lufa/common/avr/suspend.o
 .bss.timer_count
                0x008001c9        0x4 obj_gh60_lufa/common/avr/timer.o
                0x008001c9                timer_count
 .bss.last_timer
                0x008001cd        0x2 obj_gh60_lufa/common/mousekey.o
 .bss.mousekey_accel
                0x008001cf        0x1 obj_gh60_lufa/common/mousekey.o
 .bss.mousekey_repeat
                0x008001d0        0x1 obj_gh60_lufa/common/mousekey.o
 .bss.mouse_report
                0x008001d1        0x5 obj_gh60_lufa/common/mousekey.o
 .bss.mousekey_param
                0x008001d6        0x1 obj_gh60_lufa/common/command.o
 .bss.command_state
                0x008001d7        0x1 obj_gh60_lufa/common/command.o
                0x008001d7                command_state
 *(COMMON)
 COMMON         0x008001d8        0x1 obj_gh60_lufa/keymap_poker.o
                0x008001d8                keymap_config
 COMMON         0x008001d9        0x3 obj_gh60_lufa/protocol/lufa/LUFA-120730/LUFA/Drivers/USB/Core/DeviceStandardReq.o
                0x008001d9                USB_Device_ConfigurationNumber
                0x008001da                USB_Device_CurrentlySelfPowered
                0x008001db                USB_Device_RemoteWakeupEnabled
 COMMON         0x008001dc        0xa obj_gh60_lufa/protocol/lufa/LUFA-120730/LUFA/Drivers/USB/Core/USBTask.o
                0x008001dc                USB_IsInitialized
                0x008001dd                USB_DeviceState
                0x008001de                USB_ControlRequest
                0x008001e6                PROVIDE (__bss_end, .)
                0x0000541a                __data_load_start = LOADADDR (.data)
                0x00005452                __data_load_end = (__data_load_start + SIZEOF (.data))

.noinit         0x008001e6        0x4
                0x008001e6                PROVIDE (__noinit_start, .)
 *(.noinit*)
 .noinit        0x008001e6        0x4 obj_gh60_lufa/common/avr/bootloader.o
                0x008001e6                reset_key
                0x008001ea                PROVIDE (__noinit_end, .)
                0x008001ea                _end = .
                0x008001ea                PROVIDE (__heap_start, .)

.eeprom         0x00810000        0x0
 *(.eeprom*)
                0x00810000                __eeprom_end = .

.fuse
 *(.fuse)
 *(.lfuse)
 *(.hfuse)
 *(.efuse)

.lock
 *(.lock*)

.signature
 *(.signature*)

.user_signatures
 *(.user_signatures*)

.stab           0x00000000      0x8b8
 *(.stab)
 .stab          0x00000000      0x8b8 obj_gh60_lufa/common/avr/xprintf.o

.stabstr        0x00000000       0xa0
 *(.stabstr)
 .stabstr       0x00000000       0xa0 obj_gh60_lufa/common/avr/xprintf.o

.stab.excl
 *(.stab.excl)

.stab.exclstr
 *(.stab.exclstr)

.stab.index
 *(.stab.index)

.stab.indexstr
 *(.stab.indexstr)

.comment        0x00000000       0x11
 *(.comment)
 .comment       0x00000000       0x11 obj_gh60_lufa/keymap_poker.o
                                 0x12 (size before relaxing)
 .comment       0x00000000       0x12 obj_gh60_lufa/keymap_common.o
 .comment       0x00000000       0x12 obj_gh60_lufa/matrix.o
 .comment       0x00000000       0x12 obj_gh60_lufa/led.o
 .comment       0x00000000       0x12 obj_gh60_lufa/protocol/lufa/lufa.o
 .comment       0x00000000       0x12 obj_gh60_lufa/protocol/lufa/descriptor.o
 .comment       0x00000000       0x12 obj_gh60_lufa/protocol/lufa/LUFA-120730/LUFA/Drivers/USB/Core/AVR8/Device_AVR8.o
 .comment       0x00000000       0x12 obj_gh60_lufa/protocol/lufa/LUFA-120730/LUFA/Drivers/USB/Core/AVR8/Endpoint_AVR8.o
 .comment       0x00000000       0x12 obj_gh60_lufa/protocol/lufa/LUFA-120730/LUFA/Drivers/USB/Core/AVR8/Host_AVR8.o
 .comment       0x00000000       0x12 obj_gh60_lufa/protocol/lufa/LUFA-120730/LUFA/Drivers/USB/Core/AVR8/Pipe_AVR8.o
 .comment       0x00000000       0x12 obj_gh60_lufa/protocol/lufa/LUFA-120730/LUFA/Drivers/USB/Core/AVR8/USBController_AVR8.o
 .comment       0x00000000       0x12 obj_gh60_lufa/protocol/lufa/LUFA-120730/LUFA/Drivers/USB/Core/AVR8/USBInterrupt_AVR8.o
 .comment       0x00000000       0x12 obj_gh60_lufa/protocol/lufa/LUFA-120730/LUFA/Drivers/USB/Core/AVR8/EndpointStream_AVR8.o
 .comment       0x00000000       0x12 obj_gh60_lufa/protocol/lufa/LUFA-120730/LUFA/Drivers/USB/Core/AVR8/PipeStream_AVR8.o
 .comment       0x00000000       0x12 obj_gh60_lufa/protocol/lufa/LUFA-120730/LUFA/Drivers/USB/Core/ConfigDescriptors.o
 .comment       0x00000000       0x12 obj_gh60_lufa/protocol/lufa/LUFA-120730/LUFA/Drivers/USB/Core/DeviceStandardReq.o
 .comment       0x00000000       0x12 obj_gh60_lufa/protocol/lufa/LUFA-120730/LUFA/Drivers/USB/Core/Events.o
 .comment       0x00000000       0x12 obj_gh60_lufa/protocol/lufa/LUFA-120730/LUFA/Drivers/USB/Core/HostStandardReq.o
 .comment       0x00000000       0x12 obj_gh60_lufa/protocol/lufa/LUFA-120730/LUFA/Drivers/USB/Core/USBTask.o
 .comment       0x00000000       0x12 obj_gh60_lufa/protocol/lufa/LUFA-120730/LUFA/Drivers/USB/Class/Common/HIDParser.o
 .comment       0x00000000       0x12 obj_gh60_lufa/common/host.o
 .comment       0x00000000       0x12 obj_gh60_lufa/common/keyboard.o
 .comment       0x00000000       0x12 obj_gh60_lufa/common/action.o
 .comment       0x00000000       0x12 obj_gh60_lufa/common/action_tapping.o
 .comment       0x00000000       0x12 obj_gh60_lufa/common/action_macro.o
 .comment       0x00000000       0x12 obj_gh60_lufa/common/action_layer.o
 .comment       0x00000000       0x12 obj_gh60_lufa/common/action_util.o
 .comment       0x00000000       0x12 obj_gh60_lufa/common/keymap.o
 .comment       0x00000000       0x12 obj_gh60_lufa/common/print.o
 .comment       0x00000000       0x12 obj_gh60_lufa/common/debug.o
 .comment       0x00000000       0x12 obj_gh60_lufa/common/util.o
 .comment       0x00000000       0x12 obj_gh60_lufa/common/avr/suspend.o
 .comment       0x00000000       0x12 obj_gh60_lufa/common/avr/timer.o
 .comment       0x00000000       0x12 obj_gh60_lufa/common/avr/bootloader.o
 .comment       0x00000000       0x12 obj_gh60_lufa/common/bootmagic.o
 .comment       0x00000000       0x12 obj_gh60_lufa/common/avr/eeconfig.o
 .comment       0x00000000       0x12 obj_gh60_lufa/common/mousekey.o
 .comment       0x00000000       0x12 obj_gh60_lufa/common/command.o

.debug
 *(.debug)

.line
 *(.line)

.debug_srcinfo
 *(.debug_srcinfo)

.debug_sfnames
 *(.debug_sfnames)

.debug_aranges  0x00000000      0xa98
 *(.debug_aranges)
 .debug_aranges
                0x00000000       0x18 obj_gh60_lufa/keymap_poker.o
 .debug_aranges
                0x00000018       0x28 obj_gh60_lufa/keymap_common.o
 .debug_aranges
                0x00000040       0x68 obj_gh60_lufa/matrix.o
 .debug_aranges
                0x000000a8       0x20 obj_gh60_lufa/led.o
 .debug_aranges
                0x000000c8       0x90 obj_gh60_lufa/protocol/lufa/lufa.o
 .debug_aranges
                0x00000158       0x20 obj_gh60_lufa/protocol/lufa/descriptor.o
 .debug_aranges
                0x00000178       0x20 obj_gh60_lufa/protocol/lufa/LUFA-120730/LUFA/Drivers/USB/Core/AVR8/Device_AVR8.o
 .debug_aranges
                0x00000198       0x40 obj_gh60_lufa/protocol/lufa/LUFA-120730/LUFA/Drivers/USB/Core/AVR8/Endpoint_AVR8.o
 .debug_aranges
                0x000001d8       0x18 obj_gh60_lufa/protocol/lufa/LUFA-120730/LUFA/Drivers/USB/Core/AVR8/Host_AVR8.o
 .debug_aranges
                0x000001f0       0x18 obj_gh60_lufa/protocol/lufa/LUFA-120730/LUFA/Drivers/USB/Core/AVR8/Pipe_AVR8.o
 .debug_aranges
                0x00000208       0x30 obj_gh60_lufa/protocol/lufa/LUFA-120730/LUFA/Drivers/USB/Core/AVR8/USBController_AVR8.o
 .debug_aranges
                0x00000238       0x38 obj_gh60_lufa/protocol/lufa/LUFA-120730/LUFA/Drivers/USB/Core/AVR8/USBInterrupt_AVR8.o
 .debug_aranges
                0x00000270       0xc8 obj_gh60_lufa/protocol/lufa/LUFA-120730/LUFA/Drivers/USB/Core/AVR8/EndpointStream_AVR8.o
 .debug_aranges
                0x00000338       0x18 obj_gh60_lufa/protocol/lufa/LUFA-120730/LUFA/Drivers/USB/Core/AVR8/PipeStream_AVR8.o
 .debug_aranges
                0x00000350       0x40 obj_gh60_lufa/protocol/lufa/LUFA-120730/LUFA/Drivers/USB/Core/ConfigDescriptors.o
 .debug_aranges
                0x00000390       0x20 obj_gh60_lufa/protocol/lufa/LUFA-120730/LUFA/Drivers/USB/Core/DeviceStandardReq.o
 .debug_aranges
                0x000003b0       0x20 obj_gh60_lufa/protocol/lufa/LUFA-120730/LUFA/Drivers/USB/Core/Events.o
 .debug_aranges
                0x000003d0       0x20 obj_gh60_lufa/protocol/lufa/LUFA-120730/LUFA/Drivers/USB/Core/USBTask.o
 .debug_aranges
                0x000003f0       0x38 obj_gh60_lufa/protocol/lufa/LUFA-120730/LUFA/Drivers/USB/Class/Common/HIDParser.o
 .debug_aranges
                0x00000428       0x60 obj_gh60_lufa/common/host.o
 .debug_aranges
                0x00000488       0x40 obj_gh60_lufa/common/keyboard.o
 .debug_aranges
                0x000004c8       0x78 obj_gh60_lufa/common/action.o
 .debug_aranges
                0x00000540       0x40 obj_gh60_lufa/common/action_tapping.o
 .debug_aranges
                0x00000580       0x20 obj_gh60_lufa/common/action_macro.o
 .debug_aranges
                0x000005a0       0x90 obj_gh60_lufa/common/action_layer.o
 .debug_aranges
                0x00000630       0xb0 obj_gh60_lufa/common/action_util.o
 .debug_aranges
                0x000006e0       0x38 obj_gh60_lufa/common/keymap.o
 .debug_aranges
                0x00000718       0x20 obj_gh60_lufa/common/print.o
 .debug_aranges
                0x00000738       0x18 obj_gh60_lufa/common/debug.o
 .debug_aranges
                0x00000750       0x60 obj_gh60_lufa/common/util.o
 .debug_aranges
                0x000007b0       0x50 obj_gh60_lufa/common/avr/suspend.o
 .debug_aranges
                0x00000800       0x50 obj_gh60_lufa/common/avr/timer.o
 .debug_aranges
                0x00000850       0x28 obj_gh60_lufa/common/avr/bootloader.o
 .debug_aranges
                0x00000878       0x30 obj_gh60_lufa/common/bootmagic.o
 .debug_aranges
                0x000008a8       0x68 obj_gh60_lufa/common/avr/eeconfig.o
 .debug_aranges
                0x00000910       0x50 obj_gh60_lufa/common/mousekey.o
 .debug_aranges
                0x00000960       0x58 obj_gh60_lufa/common/command.o
 .debug_aranges
                0x000009b8       0x20 /usr/local/CrossPack-AVR-20131216/lib/gcc/avr/4.8.1/avr5/libgcc.a(_udivmodqi4.o)
 .debug_aranges
                0x000009d8       0x20 /usr/local/CrossPack-AVR-20131216/lib/gcc/avr/4.8.1/avr5/libgcc.a(_divmodhi4.o)
 .debug_aranges
                0x000009f8       0x20 /usr/local/CrossPack-AVR-20131216/lib/gcc/avr/4.8.1/avr5/libgcc.a(_exit.o)
 .debug_aranges
                0x00000a18       0x20 /usr/local/CrossPack-AVR-20131216/lib/gcc/avr/4.8.1/avr5/libgcc.a(_tablejump.o)
 .debug_aranges
                0x00000a38       0x20 /usr/local/CrossPack-AVR-20131216/lib/gcc/avr/4.8.1/avr5/libgcc.a(_copy_data.o)
 .debug_aranges
                0x00000a58       0x20 /usr/local/CrossPack-AVR-20131216/lib/gcc/avr/4.8.1/avr5/libgcc.a(_clear_bss.o)
 .debug_aranges
                0x00000a78       0x20 /usr/local/CrossPack-AVR-20131216/lib/gcc/avr/4.8.1/avr5/libgcc.a(_udivmodhi4.o)

.debug_pubnames
 *(.debug_pubnames)

.debug_info     0x00000000    0x107ad
 *(.debug_info)
 .debug_info    0x00000000      0x8d2 obj_gh60_lufa/keymap_poker.o
 .debug_info    0x000008d2      0x72a obj_gh60_lufa/keymap_common.o
 .debug_info    0x00000ffc      0x598 obj_gh60_lufa/matrix.o
 .debug_info    0x00001594       0x91 obj_gh60_lufa/led.o
 .debug_info    0x00001625     0x153d obj_gh60_lufa/protocol/lufa/lufa.o
 .debug_info    0x00002b62      0x818 obj_gh60_lufa/protocol/lufa/descriptor.o
 .debug_info    0x0000337a       0xd2 obj_gh60_lufa/protocol/lufa/LUFA-120730/LUFA/Drivers/USB/Core/AVR8/Device_AVR8.o
 .debug_info    0x0000344c      0x614 obj_gh60_lufa/protocol/lufa/LUFA-120730/LUFA/Drivers/USB/Core/AVR8/Endpoint_AVR8.o
 .debug_info    0x00003a60       0x56 obj_gh60_lufa/protocol/lufa/LUFA-120730/LUFA/Drivers/USB/Core/AVR8/Host_AVR8.o
 .debug_info    0x00003ab6       0x56 obj_gh60_lufa/protocol/lufa/LUFA-120730/LUFA/Drivers/USB/Core/AVR8/Pipe_AVR8.o
 .debug_info    0x00003b0c      0x4bd obj_gh60_lufa/protocol/lufa/LUFA-120730/LUFA/Drivers/USB/Core/AVR8/USBController_AVR8.o
 .debug_info    0x00003fc9      0x7c4 obj_gh60_lufa/protocol/lufa/LUFA-120730/LUFA/Drivers/USB/Core/AVR8/USBInterrupt_AVR8.o
 .debug_info    0x0000478d     0x175a obj_gh60_lufa/protocol/lufa/LUFA-120730/LUFA/Drivers/USB/Core/AVR8/EndpointStream_AVR8.o
 .debug_info    0x00005ee7       0x56 obj_gh60_lufa/protocol/lufa/LUFA-120730/LUFA/Drivers/USB/Core/AVR8/PipeStream_AVR8.o
 .debug_info    0x00005f3d      0x3c9 obj_gh60_lufa/protocol/lufa/LUFA-120730/LUFA/Drivers/USB/Core/ConfigDescriptors.o
 .debug_info    0x00006306      0xa86 obj_gh60_lufa/protocol/lufa/LUFA-120730/LUFA/Drivers/USB/Core/DeviceStandardReq.o
 .debug_info    0x00006d8c       0x78 obj_gh60_lufa/protocol/lufa/LUFA-120730/LUFA/Drivers/USB/Core/Events.o
 .debug_info    0x00006e04      0x26d obj_gh60_lufa/protocol/lufa/LUFA-120730/LUFA/Drivers/USB/Core/USBTask.o
 .debug_info    0x00007071      0x73c obj_gh60_lufa/protocol/lufa/LUFA-120730/LUFA/Drivers/USB/Class/Common/HIDParser.o
 .debug_info    0x000077ad      0x546 obj_gh60_lufa/common/host.o
 .debug_info    0x00007cf3      0x540 obj_gh60_lufa/common/keyboard.o
 .debug_info    0x00008233     0x15bf obj_gh60_lufa/common/action.o
 .debug_info    0x000097f2      0xe2e obj_gh60_lufa/common/action_tapping.o
 .debug_info    0x0000a620      0x7f5 obj_gh60_lufa/common/action_macro.o
 .debug_info    0x0000ae15      0x824 obj_gh60_lufa/common/action_layer.o
 .debug_info    0x0000b639      0x70c obj_gh60_lufa/common/action_util.o
 .debug_info    0x0000bd45      0xd98 obj_gh60_lufa/common/keymap.o
 .debug_info    0x0000cadd       0xda obj_gh60_lufa/common/print.o
 .debug_info    0x0000cbb7       0xfc obj_gh60_lufa/common/debug.o
 .debug_info    0x0000ccb3      0x29b obj_gh60_lufa/common/util.o
 .debug_info    0x0000cf4e      0x275 obj_gh60_lufa/common/avr/suspend.o
 .debug_info    0x0000d1c3      0x204 obj_gh60_lufa/common/avr/timer.o
 .debug_info    0x0000d3c7      0x18a obj_gh60_lufa/common/avr/bootloader.o
 .debug_info    0x0000d551      0xbd7 obj_gh60_lufa/common/bootmagic.o
 .debug_info    0x0000e128      0x3cf obj_gh60_lufa/common/avr/eeconfig.o
 .debug_info    0x0000e4f7      0x7bf obj_gh60_lufa/common/mousekey.o
 .debug_info    0x0000ecb6     0x15c5 obj_gh60_lufa/common/command.o
 .debug_info    0x0001027b       0xbe /usr/local/CrossPack-AVR-20131216/lib/gcc/avr/4.8.1/avr5/libgcc.a(_udivmodqi4.o)
 .debug_info    0x00010339       0xbe /usr/local/CrossPack-AVR-20131216/lib/gcc/avr/4.8.1/avr5/libgcc.a(_divmodhi4.o)
 .debug_info    0x000103f7       0xbe /usr/local/CrossPack-AVR-20131216/lib/gcc/avr/4.8.1/avr5/libgcc.a(_exit.o)
 .debug_info    0x000104b5       0xbe /usr/local/CrossPack-AVR-20131216/lib/gcc/avr/4.8.1/avr5/libgcc.a(_tablejump.o)
 .debug_info    0x00010573       0xbe /usr/local/CrossPack-AVR-20131216/lib/gcc/avr/4.8.1/avr5/libgcc.a(_copy_data.o)
 .debug_info    0x00010631       0xbe /usr/local/CrossPack-AVR-20131216/lib/gcc/avr/4.8.1/avr5/libgcc.a(_clear_bss.o)
 .debug_info    0x000106ef       0xbe /usr/local/CrossPack-AVR-20131216/lib/gcc/avr/4.8.1/avr5/libgcc.a(_udivmodhi4.o)
 *(.gnu.linkonce.wi.*)

.debug_abbrev   0x00000000     0x3ebb
 *(.debug_abbrev)
 .debug_abbrev  0x00000000       0xdf obj_gh60_lufa/keymap_poker.o
 .debug_abbrev  0x000000df      0x189 obj_gh60_lufa/keymap_common.o
 .debug_abbrev  0x00000268      0x2ff obj_gh60_lufa/matrix.o
 .debug_abbrev  0x00000567       0x60 obj_gh60_lufa/led.o
 .debug_abbrev  0x000005c7      0x4a2 obj_gh60_lufa/protocol/lufa/lufa.o
 .debug_abbrev  0x00000a69      0x177 obj_gh60_lufa/protocol/lufa/descriptor.o
 .debug_abbrev  0x00000be0       0x80 obj_gh60_lufa/protocol/lufa/LUFA-120730/LUFA/Drivers/USB/Core/AVR8/Device_AVR8.o
 .debug_abbrev  0x00000c60      0x222 obj_gh60_lufa/protocol/lufa/LUFA-120730/LUFA/Drivers/USB/Core/AVR8/Endpoint_AVR8.o
 .debug_abbrev  0x00000e82       0x26 obj_gh60_lufa/protocol/lufa/LUFA-120730/LUFA/Drivers/USB/Core/AVR8/Host_AVR8.o
 .debug_abbrev  0x00000ea8       0x26 obj_gh60_lufa/protocol/lufa/LUFA-120730/LUFA/Drivers/USB/Core/AVR8/Pipe_AVR8.o
 .debug_abbrev  0x00000ece      0x1a5 obj_gh60_lufa/protocol/lufa/LUFA-120730/LUFA/Drivers/USB/Core/AVR8/USBController_AVR8.o
 .debug_abbrev  0x00001073      0x234 obj_gh60_lufa/protocol/lufa/LUFA-120730/LUFA/Drivers/USB/Core/AVR8/USBInterrupt_AVR8.o
 .debug_abbrev  0x000012a7      0x213 obj_gh60_lufa/protocol/lufa/LUFA-120730/LUFA/Drivers/USB/Core/AVR8/EndpointStream_AVR8.o
 .debug_abbrev  0x000014ba       0x26 obj_gh60_lufa/protocol/lufa/LUFA-120730/LUFA/Drivers/USB/Core/AVR8/PipeStream_AVR8.o
 .debug_abbrev  0x000014e0      0x176 obj_gh60_lufa/protocol/lufa/LUFA-120730/LUFA/Drivers/USB/Core/ConfigDescriptors.o
 .debug_abbrev  0x00001656      0x2af obj_gh60_lufa/protocol/lufa/LUFA-120730/LUFA/Drivers/USB/Core/DeviceStandardReq.o
 .debug_abbrev  0x00001905       0x44 obj_gh60_lufa/protocol/lufa/LUFA-120730/LUFA/Drivers/USB/Core/Events.o
 .debug_abbrev  0x00001949      0x16d obj_gh60_lufa/protocol/lufa/LUFA-120730/LUFA/Drivers/USB/Core/USBTask.o
 .debug_abbrev  0x00001ab6      0x21e obj_gh60_lufa/protocol/lufa/LUFA-120730/LUFA/Drivers/USB/Class/Common/HIDParser.o
 .debug_abbrev  0x00001cd4      0x229 obj_gh60_lufa/common/host.o
 .debug_abbrev  0x00001efd      0x21b obj_gh60_lufa/common/keyboard.o
 .debug_abbrev  0x00002118      0x2ce obj_gh60_lufa/common/action.o
 .debug_abbrev  0x000023e6      0x2ef obj_gh60_lufa/common/action_tapping.o
 .debug_abbrev  0x000026d5      0x179 obj_gh60_lufa/common/action_macro.o
 .debug_abbrev  0x0000284e      0x213 obj_gh60_lufa/common/action_layer.o
 .debug_abbrev  0x00002a61      0x31c obj_gh60_lufa/common/action_util.o
 .debug_abbrev  0x00002d7d      0x219 obj_gh60_lufa/common/keymap.o
 .debug_abbrev  0x00002f96       0x97 obj_gh60_lufa/common/print.o
 .debug_abbrev  0x0000302d       0x87 obj_gh60_lufa/common/debug.o
 .debug_abbrev  0x000030b4       0xcb obj_gh60_lufa/common/util.o
 .debug_abbrev  0x0000317f      0x1ab obj_gh60_lufa/common/avr/suspend.o
 .debug_abbrev  0x0000332a      0x11e obj_gh60_lufa/common/avr/timer.o
 .debug_abbrev  0x00003448      0x115 obj_gh60_lufa/common/avr/bootloader.o
 .debug_abbrev  0x0000355d      0x279 obj_gh60_lufa/common/bootmagic.o
 .debug_abbrev  0x000037d6       0xef obj_gh60_lufa/common/avr/eeconfig.o
 .debug_abbrev  0x000038c5      0x204 obj_gh60_lufa/common/mousekey.o
 .debug_abbrev  0x00003ac9      0x366 obj_gh60_lufa/common/command.o
 .debug_abbrev  0x00003e2f       0x14 /usr/local/CrossPack-AVR-20131216/lib/gcc/avr/4.8.1/avr5/libgcc.a(_udivmodqi4.o)
 .debug_abbrev  0x00003e43       0x14 /usr/local/CrossPack-AVR-20131216/lib/gcc/avr/4.8.1/avr5/libgcc.a(_divmodhi4.o)
 .debug_abbrev  0x00003e57       0x14 /usr/local/CrossPack-AVR-20131216/lib/gcc/avr/4.8.1/avr5/libgcc.a(_exit.o)
 .debug_abbrev  0x00003e6b       0x14 /usr/local/CrossPack-AVR-20131216/lib/gcc/avr/4.8.1/avr5/libgcc.a(_tablejump.o)
 .debug_abbrev  0x00003e7f       0x14 /usr/local/CrossPack-AVR-20131216/lib/gcc/avr/4.8.1/avr5/libgcc.a(_copy_data.o)
 .debug_abbrev  0x00003e93       0x14 /usr/local/CrossPack-AVR-20131216/lib/gcc/avr/4.8.1/avr5/libgcc.a(_clear_bss.o)
 .debug_abbrev  0x00003ea7       0x14 /usr/local/CrossPack-AVR-20131216/lib/gcc/avr/4.8.1/avr5/libgcc.a(_udivmodhi4.o)

.debug_line     0x00000000     0x584c
 *(.debug_line)
 .debug_line    0x00000000       0xef obj_gh60_lufa/keymap_poker.o
 .debug_line    0x000000ef      0x133 obj_gh60_lufa/keymap_common.o
 .debug_line    0x00000222      0x27c obj_gh60_lufa/matrix.o
 .debug_line    0x0000049e       0x71 obj_gh60_lufa/led.o
 .debug_line    0x0000050f      0x792 obj_gh60_lufa/protocol/lufa/lufa.o
 .debug_line    0x00000ca1      0x206 obj_gh60_lufa/protocol/lufa/descriptor.o
 .debug_line    0x00000ea7      0x135 obj_gh60_lufa/protocol/lufa/LUFA-120730/LUFA/Drivers/USB/Core/AVR8/Device_AVR8.o
 .debug_line    0x00000fdc      0x3dc obj_gh60_lufa/protocol/lufa/LUFA-120730/LUFA/Drivers/USB/Core/AVR8/Endpoint_AVR8.o
 .debug_line    0x000013b8       0x1a obj_gh60_lufa/protocol/lufa/LUFA-120730/LUFA/Drivers/USB/Core/AVR8/Host_AVR8.o
 .debug_line    0x000013d2       0x1a obj_gh60_lufa/protocol/lufa/LUFA-120730/LUFA/Drivers/USB/Core/AVR8/Pipe_AVR8.o
 .debug_line    0x000013ec      0x29b obj_gh60_lufa/protocol/lufa/LUFA-120730/LUFA/Drivers/USB/Core/AVR8/USBController_AVR8.o
 .debug_line    0x00001687      0x4b5 obj_gh60_lufa/protocol/lufa/LUFA-120730/LUFA/Drivers/USB/Core/AVR8/USBInterrupt_AVR8.o
 .debug_line    0x00001b3c      0xc2d obj_gh60_lufa/protocol/lufa/LUFA-120730/LUFA/Drivers/USB/Core/AVR8/EndpointStream_AVR8.o
 .debug_line    0x00002769       0x1a obj_gh60_lufa/protocol/lufa/LUFA-120730/LUFA/Drivers/USB/Core/AVR8/PipeStream_AVR8.o
 .debug_line    0x00002783      0x18c obj_gh60_lufa/protocol/lufa/LUFA-120730/LUFA/Drivers/USB/Core/ConfigDescriptors.o
 .debug_line    0x0000290f      0x399 obj_gh60_lufa/protocol/lufa/LUFA-120730/LUFA/Drivers/USB/Core/DeviceStandardReq.o
 .debug_line    0x00002ca8       0x6b obj_gh60_lufa/protocol/lufa/LUFA-120730/LUFA/Drivers/USB/Core/Events.o
 .debug_line    0x00002d13        0x0 obj_gh60_lufa/protocol/lufa/LUFA-120730/LUFA/Drivers/USB/Core/HostStandardReq.o
 .debug_line    0x00002d13      0x19a obj_gh60_lufa/protocol/lufa/LUFA-120730/LUFA/Drivers/USB/Core/USBTask.o
 .debug_line    0x00002ead      0x23e obj_gh60_lufa/protocol/lufa/LUFA-120730/LUFA/Drivers/USB/Class/Common/HIDParser.o
 .debug_line    0x000030eb      0x1da obj_gh60_lufa/common/host.o
 .debug_line    0x000032c5      0x20a obj_gh60_lufa/common/keyboard.o
 .debug_line    0x000034cf      0x46f obj_gh60_lufa/common/action.o
 .debug_line    0x0000393e      0x27c obj_gh60_lufa/common/action_tapping.o
 .debug_line    0x00003bba      0x18c obj_gh60_lufa/common/action_macro.o
 .debug_line    0x00003d46      0x1f5 obj_gh60_lufa/common/action_layer.o
 .debug_line    0x00003f3b      0x2a0 obj_gh60_lufa/common/action_util.o
 .debug_line    0x000041db      0x20a obj_gh60_lufa/common/keymap.o
 .debug_line    0x000043e5       0xac obj_gh60_lufa/common/print.o
 .debug_line    0x00004491       0x80 obj_gh60_lufa/common/debug.o
 .debug_line    0x00004511      0x195 obj_gh60_lufa/common/util.o
 .debug_line    0x000046a6      0x1dc obj_gh60_lufa/common/avr/suspend.o
 .debug_line    0x00004882      0x124 obj_gh60_lufa/common/avr/timer.o
 .debug_line    0x000049a6      0x19a obj_gh60_lufa/common/avr/bootloader.o
 .debug_line    0x00004b40      0x262 obj_gh60_lufa/common/bootmagic.o
 .debug_line    0x00004da2      0x15d obj_gh60_lufa/common/avr/eeconfig.o
 .debug_line    0x00004eff      0x31f obj_gh60_lufa/common/mousekey.o
 .debug_line    0x0000521e      0x386 obj_gh60_lufa/common/command.o
 .debug_line    0x000055a4       0x62 /usr/local/CrossPack-AVR-20131216/lib/gcc/avr/4.8.1/avr5/libgcc.a(_udivmodqi4.o)
 .debug_line    0x00005606       0x69 /usr/local/CrossPack-AVR-20131216/lib/gcc/avr/4.8.1/avr5/libgcc.a(_divmodhi4.o)
 .debug_line    0x0000566f       0x58 /usr/local/CrossPack-AVR-20131216/lib/gcc/avr/4.8.1/avr5/libgcc.a(_exit.o)
 .debug_line    0x000056c7       0x5c /usr/local/CrossPack-AVR-20131216/lib/gcc/avr/4.8.1/avr5/libgcc.a(_tablejump.o)
 .debug_line    0x00005723       0x61 /usr/local/CrossPack-AVR-20131216/lib/gcc/avr/4.8.1/avr5/libgcc.a(_copy_data.o)
 .debug_line    0x00005784       0x5e /usr/local/CrossPack-AVR-20131216/lib/gcc/avr/4.8.1/avr5/libgcc.a(_clear_bss.o)
 .debug_line    0x000057e2       0x6a /usr/local/CrossPack-AVR-20131216/lib/gcc/avr/4.8.1/avr5/libgcc.a(_udivmodhi4.o)

.debug_frame    0x00000000     0x1b30
 *(.debug_frame)
 .debug_frame   0x00000000       0x34 obj_gh60_lufa/keymap_common.o
 .debug_frame   0x00000034      0x148 obj_gh60_lufa/matrix.o
 .debug_frame   0x0000017c       0x24 obj_gh60_lufa/led.o
 .debug_frame   0x000001a0      0x138 obj_gh60_lufa/protocol/lufa/lufa.o
 .debug_frame   0x000002d8       0x24 obj_gh60_lufa/protocol/lufa/descriptor.o
 .debug_frame   0x000002fc       0x24 obj_gh60_lufa/protocol/lufa/LUFA-120730/LUFA/Drivers/USB/Core/AVR8/Device_AVR8.o
 .debug_frame   0x00000320       0x7c obj_gh60_lufa/protocol/lufa/LUFA-120730/LUFA/Drivers/USB/Core/AVR8/Endpoint_AVR8.o
 .debug_frame   0x0000039c       0x5c obj_gh60_lufa/protocol/lufa/LUFA-120730/LUFA/Drivers/USB/Core/AVR8/USBController_AVR8.o
 .debug_frame   0x000003f8      0x104 obj_gh60_lufa/protocol/lufa/LUFA-120730/LUFA/Drivers/USB/Core/AVR8/USBInterrupt_AVR8.o
 .debug_frame   0x000004fc      0x414 obj_gh60_lufa/protocol/lufa/LUFA-120730/LUFA/Drivers/USB/Core/AVR8/EndpointStream_AVR8.o
 .debug_frame   0x00000910      0x124 obj_gh60_lufa/protocol/lufa/LUFA-120730/LUFA/Drivers/USB/Core/ConfigDescriptors.o
 .debug_frame   0x00000a34       0x44 obj_gh60_lufa/protocol/lufa/LUFA-120730/LUFA/Drivers/USB/Core/DeviceStandardReq.o
 .debug_frame   0x00000a78       0x24 obj_gh60_lufa/protocol/lufa/LUFA-120730/LUFA/Drivers/USB/Core/Events.o
 .debug_frame   0x00000a9c       0x2c obj_gh60_lufa/protocol/lufa/LUFA-120730/LUFA/Drivers/USB/Core/USBTask.o
 .debug_frame   0x00000ac8      0x134 obj_gh60_lufa/protocol/lufa/LUFA-120730/LUFA/Drivers/USB/Class/Common/HIDParser.o
 .debug_frame   0x00000bfc       0xd4 obj_gh60_lufa/common/host.o
 .debug_frame   0x00000cd0       0xdc obj_gh60_lufa/common/keyboard.o
 .debug_frame   0x00000dac      0x150 obj_gh60_lufa/common/action.o
 .debug_frame   0x00000efc       0xd0 obj_gh60_lufa/common/action_tapping.o
 .debug_frame   0x00000fcc       0x48 obj_gh60_lufa/common/action_macro.o
 .debug_frame   0x00001014      0x17c obj_gh60_lufa/common/action_layer.o
 .debug_frame   0x00001190      0x170 obj_gh60_lufa/common/action_util.o
 .debug_frame   0x00001300       0x54 obj_gh60_lufa/common/keymap.o
 .debug_frame   0x00001354       0x24 obj_gh60_lufa/common/print.o
 .debug_frame   0x00001378      0x110 obj_gh60_lufa/common/util.o
 .debug_frame   0x00001488       0xb0 obj_gh60_lufa/common/avr/suspend.o
 .debug_frame   0x00001538       0xf0 obj_gh60_lufa/common/avr/timer.o
 .debug_frame   0x00001628       0x34 obj_gh60_lufa/common/avr/bootloader.o
 .debug_frame   0x0000165c       0x84 obj_gh60_lufa/common/bootmagic.o
 .debug_frame   0x000016e0       0xb4 obj_gh60_lufa/common/avr/eeconfig.o
 .debug_frame   0x00001794       0xf0 obj_gh60_lufa/common/mousekey.o
 .debug_frame   0x00001884      0x2ac obj_gh60_lufa/common/command.o

.debug_str      0x00000000     0x45fd
 *(.debug_str)
 .debug_str     0x00000000      0xc28 obj_gh60_lufa/keymap_poker.o
                                0xc66 (size before relaxing)
 .debug_str     0x00000c28       0xf0 obj_gh60_lufa/keymap_common.o
                                0x6d9 (size before relaxing)
 .debug_str     0x00000d18      0x179 obj_gh60_lufa/matrix.o
                                0x349 (size before relaxing)
 .debug_str     0x00000e91       0xd2 obj_gh60_lufa/led.o
                                0x17b (size before relaxing)
 .debug_str     0x00000f63      0x7e3 obj_gh60_lufa/protocol/lufa/lufa.o
                                0xa6a (size before relaxing)
 .debug_str     0x00001746      0x7c5 obj_gh60_lufa/protocol/lufa/descriptor.o
                                0x9ce (size before relaxing)
 .debug_str     0x00001f0b       0x75 obj_gh60_lufa/protocol/lufa/LUFA-120730/LUFA/Drivers/USB/Core/AVR8/Device_AVR8.o
                                0x205 (size before relaxing)
 .debug_str     0x00001f80      0x250 obj_gh60_lufa/protocol/lufa/LUFA-120730/LUFA/Drivers/USB/Core/AVR8/Endpoint_AVR8.o
                                0x627 (size before relaxing)
 .debug_str     0x000021d0       0x47 obj_gh60_lufa/protocol/lufa/LUFA-120730/LUFA/Drivers/USB/Core/AVR8/Host_AVR8.o
                                0x1a4 (size before relaxing)
 .debug_str     0x00002217       0x47 obj_gh60_lufa/protocol/lufa/LUFA-120730/LUFA/Drivers/USB/Core/AVR8/Pipe_AVR8.o
                                0x1a4 (size before relaxing)
 .debug_str     0x0000225e      0x1d7 obj_gh60_lufa/protocol/lufa/LUFA-120730/LUFA/Drivers/USB/Core/AVR8/USBController_AVR8.o
                                0x566 (size before relaxing)
 .debug_str     0x00002435      0x123 obj_gh60_lufa/protocol/lufa/LUFA-120730/LUFA/Drivers/USB/Core/AVR8/USBInterrupt_AVR8.o
                                0x5e5 (size before relaxing)
 .debug_str     0x00002558      0x4cc obj_gh60_lufa/protocol/lufa/LUFA-120730/LUFA/Drivers/USB/Core/AVR8/EndpointStream_AVR8.o
                                0x868 (size before relaxing)
 .debug_str     0x00002a24       0x4d obj_gh60_lufa/protocol/lufa/LUFA-120730/LUFA/Drivers/USB/Core/AVR8/PipeStream_AVR8.o
                                0x1aa (size before relaxing)
 .debug_str     0x00002a71      0x241 obj_gh60_lufa/protocol/lufa/LUFA-120730/LUFA/Drivers/USB/Core/ConfigDescriptors.o
                                0x3ed (size before relaxing)
 .debug_str     0x00002cb2      0x3e3 obj_gh60_lufa/protocol/lufa/LUFA-120730/LUFA/Drivers/USB/Core/DeviceStandardReq.o
                                0x9bf (size before relaxing)
 .debug_str     0x00003095       0x4e obj_gh60_lufa/protocol/lufa/LUFA-120730/LUFA/Drivers/USB/Core/Events.o
                                0x1ab (size before relaxing)
 .debug_str     0x000030e3        0x0 obj_gh60_lufa/protocol/lufa/LUFA-120730/LUFA/Drivers/USB/Core/HostStandardReq.o
 .debug_str     0x000030e3       0x68 obj_gh60_lufa/protocol/lufa/LUFA-120730/LUFA/Drivers/USB/Core/USBTask.o
                                0x38c (size before relaxing)
 .debug_str     0x0000314b      0x4ae obj_gh60_lufa/protocol/lufa/LUFA-120730/LUFA/Drivers/USB/Class/Common/HIDParser.o
                                0x6c9 (size before relaxing)
 .debug_str     0x000035f9       0xcd obj_gh60_lufa/common/host.o
                                0x395 (size before relaxing)
 .debug_str     0x000036c6       0xd2 obj_gh60_lufa/common/keyboard.o
                                0x3f5 (size before relaxing)
 .debug_str     0x00003798      0x37b obj_gh60_lufa/common/action.o
                               0x10e3 (size before relaxing)
 .debug_str     0x00003b13       0xec obj_gh60_lufa/common/action_tapping.o
                                0xaed (size before relaxing)
 .debug_str     0x00003bff       0x5c obj_gh60_lufa/common/action_macro.o
                                0x87a (size before relaxing)
 .debug_str     0x00003c5b       0x79 obj_gh60_lufa/common/action_layer.o
                                0x401 (size before relaxing)
 .debug_str     0x00003cd4      0x101 obj_gh60_lufa/common/action_util.o
                                0x3fd (size before relaxing)
 .debug_str     0x00003dd5       0x31 obj_gh60_lufa/common/keymap.o
                                0xe14 (size before relaxing)